Archive member included to satisfy reference by file (symbol)

d:/st/stm32cubeide_1.8.0/stm32cubeide/plugins/com.st.stm32cube.ide.mcu.externaltools.gnu-tools-for-stm32.9-2020-q2-update.win32_2.0.0.202105311346/tools/bin/../lib/gcc/arm-none-eabi/9.3.1/../../../../arm-none-eabi/lib/thumb/v7-m/nofp\libc_nano.a(lib_a-errno.o)
                              ./Core/Src/syscalls.o (__errno)
d:/st/stm32cubeide_1.8.0/stm32cubeide/plugins/com.st.stm32cube.ide.mcu.externaltools.gnu-tools-for-stm32.9-2020-q2-update.win32_2.0.0.202105311346/tools/bin/../lib/gcc/arm-none-eabi/9.3.1/../../../../arm-none-eabi/lib/thumb/v7-m/nofp\libc_nano.a(lib_a-exit.o)
                              d:/st/stm32cubeide_1.8.0/stm32cubeide/plugins/com.st.stm32cube.ide.mcu.externaltools.gnu-tools-for-stm32.9-2020-q2-update.win32_2.0.0.202105311346/tools/bin/../lib/gcc/arm-none-eabi/9.3.1/../../../../arm-none-eabi/lib/thumb/v7-m/nofp/crt0.o (exit)
d:/st/stm32cubeide_1.8.0/stm32cubeide/plugins/com.st.stm32cube.ide.mcu.externaltools.gnu-tools-for-stm32.9-2020-q2-update.win32_2.0.0.202105311346/tools/bin/../lib/gcc/arm-none-eabi/9.3.1/../../../../arm-none-eabi/lib/thumb/v7-m/nofp\libc_nano.a(lib_a-impure.o)
                              d:/st/stm32cubeide_1.8.0/stm32cubeide/plugins/com.st.stm32cube.ide.mcu.externaltools.gnu-tools-for-stm32.9-2020-q2-update.win32_2.0.0.202105311346/tools/bin/../lib/gcc/arm-none-eabi/9.3.1/../../../../arm-none-eabi/lib/thumb/v7-m/nofp\libc_nano.a(lib_a-exit.o) (_global_impure_ptr)
d:/st/stm32cubeide_1.8.0/stm32cubeide/plugins/com.st.stm32cube.ide.mcu.externaltools.gnu-tools-for-stm32.9-2020-q2-update.win32_2.0.0.202105311346/tools/bin/../lib/gcc/arm-none-eabi/9.3.1/../../../../arm-none-eabi/lib/thumb/v7-m/nofp\libc_nano.a(lib_a-init.o)
                              d:/st/stm32cubeide_1.8.0/stm32cubeide/plugins/com.st.stm32cube.ide.mcu.externaltools.gnu-tools-for-stm32.9-2020-q2-update.win32_2.0.0.202105311346/tools/bin/../lib/gcc/arm-none-eabi/9.3.1/../../../../arm-none-eabi/lib/thumb/v7-m/nofp/crt0.o (__libc_init_array)
d:/st/stm32cubeide_1.8.0/stm32cubeide/plugins/com.st.stm32cube.ide.mcu.externaltools.gnu-tools-for-stm32.9-2020-q2-update.win32_2.0.0.202105311346/tools/bin/../lib/gcc/arm-none-eabi/9.3.1/../../../../arm-none-eabi/lib/thumb/v7-m/nofp\libc_nano.a(lib_a-memcpy-stub.o)
                              ./Core/Src/main.o (memcpy)
d:/st/stm32cubeide_1.8.0/stm32cubeide/plugins/com.st.stm32cube.ide.mcu.externaltools.gnu-tools-for-stm32.9-2020-q2-update.win32_2.0.0.202105311346/tools/bin/../lib/gcc/arm-none-eabi/9.3.1/../../../../arm-none-eabi/lib/thumb/v7-m/nofp\libc_nano.a(lib_a-memset.o)
                              d:/st/stm32cubeide_1.8.0/stm32cubeide/plugins/com.st.stm32cube.ide.mcu.externaltools.gnu-tools-for-stm32.9-2020-q2-update.win32_2.0.0.202105311346/tools/bin/../lib/gcc/arm-none-eabi/9.3.1/../../../../arm-none-eabi/lib/thumb/v7-m/nofp/crt0.o (memset)
d:/st/stm32cubeide_1.8.0/stm32cubeide/plugins/com.st.stm32cube.ide.mcu.externaltools.gnu-tools-for-stm32.9-2020-q2-update.win32_2.0.0.202105311346/tools/bin/../lib/gcc/arm-none-eabi/9.3.1/thumb/v7-m/nofp\libgcc.a(_arm_addsubsf3.o)
                              ./Core/Src/AESK_Data_Pack_lib.o (__aeabi_ui2f)
d:/st/stm32cubeide_1.8.0/stm32cubeide/plugins/com.st.stm32cube.ide.mcu.externaltools.gnu-tools-for-stm32.9-2020-q2-update.win32_2.0.0.202105311346/tools/bin/../lib/gcc/arm-none-eabi/9.3.1/thumb/v7-m/nofp\libgcc.a(_arm_muldivsf3.o)
                              ./Core/Src/AESK_Data_Pack_lib.o (__aeabi_fdiv)

Allocating common symbols
Common symbol       size              file

hUsbDeviceFS        0x2c4             ./USB_DEVICE/App/usb_device.o
aesk_nrf24_data     0x220             ./Core/Src/AESK_NRF24.o
uwTick              0x4               ./Drivers/STM32F1xx_HAL_Driver/Src/stm32f1xx_hal.o
pFlash              0x20              ./Drivers/STM32F1xx_HAL_Driver/Src/stm32f1xx_hal_flash.o
UserRxBufferFS      0x3e8             ./USB_DEVICE/App/usbd_cdc_if.o
UserTxBufferFS      0x3e8             ./USB_DEVICE/App/usbd_cdc_if.o
aesk_gl             0x4               ./Core/Src/AESK_GL.o
tt                  0x1               ./Core/Src/AESK_GL.o
hspi1               0x58              ./Core/Src/main.o
aesk_Rx_Datas_Int   0x5c              ./Core/Src/main.o
hpcd_USB_FS         0x2ec             ./USB_DEVICE/Target/usbd_conf.o
MainBuffer          0x100             ./Core/Src/main.o
USBD_StrDesc        0x200             ./USB_DEVICE/App/usbd_desc.o
aesk_Rx_Datas_Float
                    0x48              ./Core/Src/main.o

Discarded input sections

 .text          0x0000000000000000        0x0 d:/st/stm32cubeide_1.8.0/stm32cubeide/plugins/com.st.stm32cube.ide.mcu.externaltools.gnu-tools-for-stm32.9-2020-q2-update.win32_2.0.0.202105311346/tools/bin/../lib/gcc/arm-none-eabi/9.3.1/thumb/v7-m/nofp/crti.o
[...]
Memory Configuration

Name             Origin             Length             Attributes
RAM              0x0000000020000000 0x0000000000005000 xrw
FLASH            0x0000000008000000 0x0000000000010000 xr
*default*        0x0000000000000000 0xffffffffffffffff

Linker script and memory map

LOAD d:/st/stm32cubeide_1.8.0/stm32cubeide/plugins/com.st.stm32cube.ide.mcu.externaltools.gnu-tools-for-stm32.9-2020-q2-update.win32_2.0.0.202105311346/tools/bin/../lib/gcc/arm-none-eabi/9.3.1/thumb/v7-m/nofp/crti.o
LOAD d:/st/stm32cubeide_1.8.0/stm32cubeide/plugins/com.st.stm32cube.ide.mcu.externaltools.gnu-tools-for-stm32.9-2020-q2-update.win32_2.0.0.202105311346/tools/bin/../lib/gcc/arm-none-eabi/9.3.1/thumb/v7-m/nofp/crtbegin.o
LOAD d:/st/stm32cubeide_1.8.0/stm32cubeide/plugins/com.st.stm32cube.ide.mcu.externaltools.gnu-tools-for-stm32.9-2020-q2-update.win32_2.0.0.202105311346/tools/bin/../lib/gcc/arm-none-eabi/9.3.1/../../../../arm-none-eabi/lib/thumb/v7-m/nofp/crt0.o
LOAD ./Core/Src/AESK_Data_Pack_lib.o
LOAD ./Core/Src/AESK_GL.o
LOAD ./Core/Src/AESK_NRF24.o
LOAD ./Core/Src/main.o
LOAD ./Core/Src/stm32f1xx_hal_msp.o
LOAD ./Core/Src/stm32f1xx_it.o
LOAD ./Core/Src/syscalls.o
LOAD ./Core/Src/sysmem.o
LOAD ./Core/Src/system_stm32f1xx.o
LOAD ./Core/Startup/startup_stm32f103c8tx.o
LOAD ./Drivers/STM32F1xx_HAL_Driver/Src/stm32f1xx_hal.o
LOAD ./Drivers/STM32F1xx_HAL_Driver/Src/stm32f1xx_hal_cortex.o
LOAD ./Drivers/STM32F1xx_HAL_Driver/Src/stm32f1xx_hal_dma.o
LOAD ./Drivers/STM32F1xx_HAL_Driver/Src/stm32f1xx_hal_exti.o
LOAD ./Drivers/STM32F1xx_HAL_Driver/Src/stm32f1xx_hal_flash.o
LOAD ./Drivers/STM32F1xx_HAL_Driver/Src/stm32f1xx_hal_flash_ex.o
LOAD ./Drivers/STM32F1xx_HAL_Driver/Src/stm32f1xx_hal_gpio.o
LOAD ./Drivers/STM32F1xx_HAL_Driver/Src/stm32f1xx_hal_gpio_ex.o
LOAD ./Drivers/STM32F1xx_HAL_Driver/Src/stm32f1xx_hal_pcd.o
LOAD ./Drivers/STM32F1xx_HAL_Driver/Src/stm32f1xx_hal_pcd_ex.o
LOAD ./Drivers/STM32F1xx_HAL_Driver/Src/stm32f1xx_hal_pwr.o
LOAD ./Drivers/STM32F1xx_HAL_Driver/Src/stm32f1xx_hal_rcc.o
LOAD ./Drivers/STM32F1xx_HAL_Driver/Src/stm32f1xx_hal_rcc_ex.o
LOAD ./Drivers/STM32F1xx_HAL_Driver/Src/stm32f1xx_hal_spi.o
LOAD ./Drivers/STM32F1xx_HAL_Driver/Src/stm32f1xx_hal_tim.o
LOAD ./Drivers/STM32F1xx_HAL_Driver/Src/stm32f1xx_hal_tim_ex.o
LOAD ./Drivers/STM32F1xx_HAL_Driver/Src/stm32f1xx_ll_usb.o
LOAD ./Middlewares/ST/STM32_USB_Device_Library/Class/CDC/Src/usbd_cdc.o
LOAD ./Middlewares/ST/STM32_USB_Device_Library/Core/Src/usbd_core.o
LOAD ./Middlewares/ST/STM32_USB_Device_Library/Core/Src/usbd_ctlreq.o
LOAD ./Middlewares/ST/STM32_USB_Device_Library/Core/Src/usbd_ioreq.o
LOAD ./USB_DEVICE/App/usb_device.o
LOAD ./USB_DEVICE/App/usbd_cdc_if.o
LOAD ./USB_DEVICE/App/usbd_desc.o
LOAD ./USB_DEVICE/Target/usbd_conf.o
START GROUP
LOAD d:/st/stm32cubeide_1.8.0/stm32cubeide/plugins/com.st.stm32cube.ide.mcu.externaltools.gnu-tools-for-stm32.9-2020-q2-update.win32_2.0.0.202105311346/tools/bin/../lib/gcc/arm-none-eabi/9.3.1/../../../../arm-none-eabi/lib/thumb/v7-m/nofp\libc_nano.a
LOAD d:/st/stm32cubeide_1.8.0/stm32cubeide/plugins/com.st.stm32cube.ide.mcu.externaltools.gnu-tools-for-stm32.9-2020-q2-update.win32_2.0.0.202105311346/tools/bin/../lib/gcc/arm-none-eabi/9.3.1/../../../../arm-none-eabi/lib/thumb/v7-m/nofp\libm.a
END GROUP
START GROUP
LOAD d:/st/stm32cubeide_1.8.0/stm32cubeide/plugins/com.st.stm32cube.ide.mcu.externaltools.gnu-tools-for-stm32.9-2020-q2-update.win32_2.0.0.202105311346/tools/bin/../lib/gcc/arm-none-eabi/9.3.1/thumb/v7-m/nofp\libgcc.a
LOAD d:/st/stm32cubeide_1.8.0/stm32cubeide/plugins/com.st.stm32cube.ide.mcu.externaltools.gnu-tools-for-stm32.9-2020-q2-update.win32_2.0.0.202105311346/tools/bin/../lib/gcc/arm-none-eabi/9.3.1/../../../../arm-none-eabi/lib/thumb/v7-m/nofp\libc_nano.a
END GROUP
START GROUP
LOAD d:/st/stm32cubeide_1.8.0/stm32cubeide/plugins/com.st.stm32cube.ide.mcu.externaltools.gnu-tools-for-stm32.9-2020-q2-update.win32_2.0.0.202105311346/tools/bin/../lib/gcc/arm-none-eabi/9.3.1/thumb/v7-m/nofp\libgcc.a
LOAD d:/st/stm32cubeide_1.8.0/stm32cubeide/plugins/com.st.stm32cube.ide.mcu.externaltools.gnu-tools-for-stm32.9-2020-q2-update.win32_2.0.0.202105311346/tools/bin/../lib/gcc/arm-none-eabi/9.3.1/../../../../arm-none-eabi/lib/thumb/v7-m/nofp\libc_nano.a
LOAD d:/st/stm32cubeide_1.8.0/stm32cubeide/plugins/com.st.stm32cube.ide.mcu.externaltools.gnu-tools-for-stm32.9-2020-q2-update.win32_2.0.0.202105311346/tools/bin/../lib/gcc/arm-none-eabi/9.3.1/../../../../arm-none-eabi/lib/thumb/v7-m/nofp\libnosys.a
END GROUP
START GROUP
LOAD d:/st/stm32cubeide_1.8.0/stm32cubeide/plugins/com.st.stm32cube.ide.mcu.externaltools.gnu-tools-for-stm32.9-2020-q2-update.win32_2.0.0.202105311346/tools/bin/../lib/gcc/arm-none-eabi/9.3.1/thumb/v7-m/nofp\libgcc.a
LOAD d:/st/stm32cubeide_1.8.0/stm32cubeide/plugins/com.st.stm32cube.ide.mcu.externaltools.gnu-tools-for-stm32.9-2020-q2-update.win32_2.0.0.202105311346/tools/bin/../lib/gcc/arm-none-eabi/9.3.1/../../../../arm-none-eabi/lib/thumb/v7-m/nofp\libc_nano.a
LOAD d:/st/stm32cubeide_1.8.0/stm32cubeide/plugins/com.st.stm32cube.ide.mcu.externaltools.gnu-tools-for-stm32.9-2020-q2-update.win32_2.0.0.202105311346/tools/bin/../lib/gcc/arm-none-eabi/9.3.1/../../../../arm-none-eabi/lib/thumb/v7-m/nofp\libnosys.a
END GROUP
LOAD d:/st/stm32cubeide_1.8.0/stm32cubeide/plugins/com.st.stm32cube.ide.mcu.externaltools.gnu-tools-for-stm32.9-2020-q2-update.win32_2.0.0.202105311346/tools/bin/../lib/gcc/arm-none-eabi/9.3.1/thumb/v7-m/nofp/crtend.o
LOAD d:/st/stm32cubeide_1.8.0/stm32cubeide/plugins/com.st.stm32cube.ide.mcu.externaltools.gnu-tools-for-stm32.9-2020-q2-update.win32_2.0.0.202105311346/tools/bin/../lib/gcc/arm-none-eabi/9.3.1/thumb/v7-m/nofp/crtn.o
                0x0000000020005000                _estack = (ORIGIN (RAM) + LENGTH (RAM))
                0x0000000000000200                _Min_Heap_Size = 0x200
                0x0000000000000400                _Min_Stack_Size = 0x400

.isr_vector     0x0000000008000000      0x10c
                0x0000000008000000                . = ALIGN (0x4)
 *(.isr_vector)
 .isr_vector    0x0000000008000000      0x10c ./Core/Startup/startup_stm32f103c8tx.o
                0x0000000008000000                g_pfnVectors
                0x000000000800010c                . = ALIGN (0x4)

.text           0x000000000800010c     0x8c80
                0x000000000800010c                . = ALIGN (0x4)
 *(.text)
 .text          0x000000000800010c       0x40 d:/st/stm32cubeide_1.8.0/stm32cubeide/plugins/com.st.stm32cube.ide.mcu.externaltools.gnu-tools-for-stm32.9-2020-q2-update.win32_2.0.0.202105311346/tools/bin/../lib/gcc/arm-none-eabi/9.3.1/thumb/v7-m/nofp/crtbegin.o
 *(.text*)
 .text.AESK_NRF24_Init
                0x000000000800014c       0x6c ./Core/Src/AESK_NRF24.o
                0x000000000800014c                AESK_NRF24_Init
 .text.AESK_NRF24_DATA_Init
                0x00000000080001b8       0x60 ./Core/Src/AESK_NRF24.o
                0x00000000080001b8                AESK_NRF24_DATA_Init
 .text.AESK_NRF24_DelayMicroSeconds
                0x0000000008000218       0x40 ./Core/Src/AESK_NRF24.o
                0x0000000008000218                AESK_NRF24_DelayMicroSeconds
 .text.AESK_NRF24_csn
                0x0000000008000258       0x40 ./Core/Src/AESK_NRF24.o
                0x0000000008000258                AESK_NRF24_csn
 .text.AESK_NRF24_ce
                0x0000000008000298       0x40 ./Core/Src/AESK_NRF24.o
                0x0000000008000298                AESK_NRF24_ce
 .text.AESK_NRF24_read_register
                0x00000000080002d8       0x54 ./Core/Src/AESK_NRF24.o
                0x00000000080002d8                AESK_NRF24_read_register
 .text.AESK_NRF24_read_registerN
                0x000000000800032c       0x54 ./Core/Src/AESK_NRF24.o
                0x000000000800032c                AESK_NRF24_read_registerN
 .text.AESK_NRF24_write_register
                0x0000000008000380       0x48 ./Core/Src/AESK_NRF24.o
                0x0000000008000380                AESK_NRF24_write_register
 .text.AESK_NRF24_write_registerN
                0x00000000080003c8       0x54 ./Core/Src/AESK_NRF24.o
                0x00000000080003c8                AESK_NRF24_write_registerN
 .text.AESK_NRF24_write_payload
                0x000000000800041c       0x48 ./Core/Src/AESK_NRF24.o
                0x000000000800041c                AESK_NRF24_write_payload
 .text.AESK_NRF24_read_payload
                0x0000000008000464       0x64 ./Core/Src/AESK_NRF24.o
                0x0000000008000464                AESK_NRF24_read_payload
 .text.AESK_NRF24_flush_tx
                0x00000000080004c8       0x10 ./Core/Src/AESK_NRF24.o
                0x00000000080004c8                AESK_NRF24_flush_tx
 .text.AESK_NRF24_flush_rx
                0x00000000080004d8       0x10 ./Core/Src/AESK_NRF24.o
                0x00000000080004d8                AESK_NRF24_flush_rx
 .text.AESK_NRF24_get_status
                0x00000000080004e8       0x1a ./Core/Src/AESK_NRF24.o
                0x00000000080004e8                AESK_NRF24_get_status
 *fill*         0x0000000008000502        0x2 
 .text.AESK_NRF24_begin
                0x0000000008000504      0x1a8 ./Core/Src/AESK_NRF24.o
                0x0000000008000504                AESK_NRF24_begin
 .text.AESK_NRF24_startListening
                0x00000000080006ac       0x4c ./Core/Src/AESK_NRF24.o
                0x00000000080006ac                AESK_NRF24_startListening
 .text.AESK_NRF24_stopListening
                0x00000000080006f8       0x16 ./Core/Src/AESK_NRF24.o
                0x00000000080006f8                AESK_NRF24_stopListening
 *fill*         0x000000000800070e        0x2 
 .text.AESK_NRF24_write
                0x0000000008000710       0x98 ./Core/Src/AESK_NRF24.o
                0x0000000008000710                AESK_NRF24_write
 .text.AESK_NRF24_available
                0x00000000080007a8       0x10 ./Core/Src/AESK_NRF24.o
                0x00000000080007a8                AESK_NRF24_available
 .text.AESK_NRF24_read
                0x00000000080007b8       0x44 ./Core/Src/AESK_NRF24.o
                0x00000000080007b8                AESK_NRF24_read
 .text.AESK_NRF24_openReadingPipe
                0x00000000080007fc       0x1e ./Core/Src/AESK_NRF24.o
                0x00000000080007fc                AESK_NRF24_openReadingPipe
 .text.AESK_NRF24_openWritingPipe
                0x000000000800081a       0x1e ./Core/Src/AESK_NRF24.o
                0x000000000800081a                AESK_NRF24_openWritingPipe
 .text.AESK_NRF24_SetPayloadSize
                0x0000000008000838       0x2c ./Core/Src/AESK_NRF24.o
                0x0000000008000838                AESK_NRF24_SetPayloadSize
 .text.AESK_NRF24_setRetries
                0x0000000008000864       0x36 ./Core/Src/AESK_NRF24.o
                0x0000000008000864                AESK_NRF24_setRetries
 .text.AESK_NRF24_setChannel
                0x000000000800089a       0x2a ./Core/Src/AESK_NRF24.o
                0x000000000800089a                AESK_NRF24_setChannel
 .text.AESK_NRF24_setPayloadSize
                0x00000000080008c4       0x2c ./Core/Src/AESK_NRF24.o
                0x00000000080008c4                AESK_NRF24_setPayloadSize
 .text.AESK_NRF24_getPayloadSize
                0x00000000080008f0       0x14 ./Core/Src/AESK_NRF24.o
                0x00000000080008f0                AESK_NRF24_getPayloadSize
 .text.AESK_NRF24_getDynamicPayloadSize
                0x0000000008000904       0x10 ./Core/Src/AESK_NRF24.o
                0x0000000008000904                AESK_NRF24_getDynamicPayloadSize
 .text.AESK_NRF24_disableDynamicPayloads
                0x0000000008000914       0x30 ./Core/Src/AESK_NRF24.o
                0x0000000008000914                AESK_NRF24_disableDynamicPayloads
 .text.AESK_NRF24_setAutoAck
                0x0000000008000944       0x2a ./Core/Src/AESK_NRF24.o
                0x0000000008000944                AESK_NRF24_setAutoAck
 .text.AESK_NRF24_setPALevel
                0x000000000800096e       0x6c ./Core/Src/AESK_NRF24.o
                0x000000000800096e                AESK_NRF24_setPALevel
 *fill*         0x00000000080009da        0x2 
 .text.AESK_NRF24_setDataRate
                0x00000000080009dc       0x8c ./Core/Src/AESK_NRF24.o
                0x00000000080009dc                AESK_NRF24_setDataRate
 .text.AESK_NRF24_setCRCLength
                0x0000000008000a68       0x50 ./Core/Src/AESK_NRF24.o
                0x0000000008000a68                AESK_NRF24_setCRCLength
 .text.AESK_NRF24_powerDown
                0x0000000008000ab8       0x1e ./Core/Src/AESK_NRF24.o
                0x0000000008000ab8                AESK_NRF24_powerDown
 .text.AESK_NRF24_availablePipe
                0x0000000008000ad6       0x60 ./Core/Src/AESK_NRF24.o
                0x0000000008000ad6                AESK_NRF24_availablePipe
 .text.AESK_NRF24_startWrite
                0x0000000008000b36       0x5e ./Core/Src/AESK_NRF24.o
                0x0000000008000b36                AESK_NRF24_startWrite
 .text.AESK_NRF24_whatHappened
                0x0000000008000b94       0x66 ./Core/Src/AESK_NRF24.o
                0x0000000008000b94                AESK_NRF24_whatHappened
 .text.AESK_NRF24_resetStatus
                0x0000000008000bfa       0x10 ./Core/Src/AESK_NRF24.o
                0x0000000008000bfa                AESK_NRF24_resetStatus
 *fill*         0x0000000008000c0a        0x2 
 .text.AESK_NRF24_ACTIVATE_cmd
                0x0000000008000c0c       0x34 ./Core/Src/AESK_NRF24.o
                0x0000000008000c0c                AESK_NRF24_ACTIVATE_cmd
 .text.AESK_NRF24_Set_PipeAdress
                0x0000000008000c40       0x30 ./Core/Src/AESK_NRF24.o
                0x0000000008000c40                AESK_NRF24_Set_PipeAdress
 .text.AESK_NRF24_ReadPack
                0x0000000008000c70       0xd8 ./Core/Src/AESK_NRF24.o
                0x0000000008000c70                AESK_NRF24_ReadPack
 .text.AESK_NRF24_WritePack
                0x0000000008000d48       0xec ./Core/Src/AESK_NRF24.o
                0x0000000008000d48                AESK_NRF24_WritePack
 .text.main     0x0000000008000e34       0x48 ./Core/Src/main.o
                0x0000000008000e34                main
 .text.SystemClock_Config
                0x0000000008000e7c       0xb6 ./Core/Src/main.o
                0x0000000008000e7c                SystemClock_Config
 *fill*         0x0000000008000f32        0x2 
 .text.MX_SPI1_Init
                0x0000000008000f34       0x6c ./Core/Src/main.o
 .text.MX_GPIO_Init
                0x0000000008000fa0      0x108 ./Core/Src/main.o
 .text.HAL_GPIO_EXTI_Callback
                0x00000000080010a8       0x16 ./Core/Src/main.o
                0x00000000080010a8                HAL_GPIO_EXTI_Callback
 .text.onReceive
                0x00000000080010be       0x1e ./Core/Src/main.o
                0x00000000080010be                onReceive
 .text.CDC_ReceiveCallBack
                0x00000000080010dc       0xb4 ./Core/Src/main.o
                0x00000000080010dc                CDC_ReceiveCallBack
 .text.Error_Handler
                0x0000000008001190        0xa ./Core/Src/main.o
                0x0000000008001190                Error_Handler
 *fill*         0x000000000800119a        0x2 
 .text.HAL_MspInit
                0x000000000800119c       0x64 ./Core/Src/stm32f1xx_hal_msp.o
                0x000000000800119c                HAL_MspInit
 .text.HAL_SPI_MspInit
                0x0000000008001200       0x94 ./Core/Src/stm32f1xx_hal_msp.o
                0x0000000008001200                HAL_SPI_MspInit
 .text.NMI_Handler
                0x0000000008001294        0x6 ./Core/Src/stm32f1xx_it.o
                0x0000000008001294                NMI_Handler
 .text.HardFault_Handler
                0x000000000800129a        0x6 ./Core/Src/stm32f1xx_it.o
                0x000000000800129a                HardFault_Handler
 .text.MemManage_Handler
                0x00000000080012a0        0x6 ./Core/Src/stm32f1xx_it.o
                0x00000000080012a0                MemManage_Handler
 .text.BusFault_Handler
                0x00000000080012a6        0x6 ./Core/Src/stm32f1xx_it.o
                0x00000000080012a6                BusFault_Handler
 .text.UsageFault_Handler
                0x00000000080012ac        0x6 ./Core/Src/stm32f1xx_it.o
                0x00000000080012ac                UsageFault_Handler
 .text.SVC_Handler
                0x00000000080012b2        0xc ./Core/Src/stm32f1xx_it.o
                0x00000000080012b2                SVC_Handler
 .text.DebugMon_Handler
                0x00000000080012be        0xc ./Core/Src/stm32f1xx_it.o
                0x00000000080012be                DebugMon_Handler
 .text.PendSV_Handler
                0x00000000080012ca        0xc ./Core/Src/stm32f1xx_it.o
                0x00000000080012ca                PendSV_Handler
 .text.SysTick_Handler
                0x00000000080012d6        0xc ./Core/Src/stm32f1xx_it.o
                0x00000000080012d6                SysTick_Handler
 *fill*         0x00000000080012e2        0x2 
 .text.USB_LP_CAN1_RX0_IRQHandler
                0x00000000080012e4       0x14 ./Core/Src/stm32f1xx_it.o
                0x00000000080012e4                USB_LP_CAN1_RX0_IRQHandler
 .text.EXTI15_10_IRQHandler
                0x00000000080012f8       0x10 ./Core/Src/stm32f1xx_it.o
                0x00000000080012f8                EXTI15_10_IRQHandler
 .text.SystemInit
                0x0000000008001308        0xc ./Core/Src/system_stm32f1xx.o
                0x0000000008001308                SystemInit
 .text.Reset_Handler
                0x0000000008001314       0x48 ./Core/Startup/startup_stm32f103c8tx.o
                0x0000000008001314                Reset_Handler
 .text.Default_Handler
                0x000000000800135c        0x2 ./Core/Startup/startup_stm32f103c8tx.o
                0x000000000800135c                RTC_Alarm_IRQHandler
                0x000000000800135c                EXTI2_IRQHandler
                0x000000000800135c                TIM1_CC_IRQHandler
                0x000000000800135c                PVD_IRQHandler
                0x000000000800135c                EXTI3_IRQHandler
                0x000000000800135c                EXTI0_IRQHandler
                0x000000000800135c                I2C2_EV_IRQHandler
                0x000000000800135c                ADC1_2_IRQHandler
                0x000000000800135c                SPI1_IRQHandler
                0x000000000800135c                TAMPER_IRQHandler
                0x000000000800135c                DMA1_Channel4_IRQHandler
                0x000000000800135c                USART3_IRQHandler
                0x000000000800135c                RTC_IRQHandler
                0x000000000800135c                DMA1_Channel7_IRQHandler
                0x000000000800135c                CAN1_RX1_IRQHandler
                0x000000000800135c                TIM4_IRQHandler
                0x000000000800135c                I2C1_EV_IRQHandler
                0x000000000800135c                DMA1_Channel6_IRQHandler
                0x000000000800135c                TIM3_IRQHandler
                0x000000000800135c                RCC_IRQHandler
                0x000000000800135c                TIM1_TRG_COM_IRQHandler
                0x000000000800135c                DMA1_Channel1_IRQHandler
                0x000000000800135c                Default_Handler
                0x000000000800135c                EXTI9_5_IRQHandler
                0x000000000800135c                SPI2_IRQHandler
                0x000000000800135c                DMA1_Channel5_IRQHandler
                0x000000000800135c                EXTI4_IRQHandler
                0x000000000800135c                USB_HP_CAN1_TX_IRQHandler
                0x000000000800135c                DMA1_Channel3_IRQHandler
                0x000000000800135c                TIM1_UP_IRQHandler
                0x000000000800135c                WWDG_IRQHandler
                0x000000000800135c                TIM2_IRQHandler
                0x000000000800135c                TIM1_BRK_IRQHandler
                0x000000000800135c                EXTI1_IRQHandler
                0x000000000800135c                USART2_IRQHandler
                0x000000000800135c                I2C2_ER_IRQHandler
                0x000000000800135c                DMA1_Channel2_IRQHandler
                0x000000000800135c                CAN1_SCE_IRQHandler
                0x000000000800135c                FLASH_IRQHandler
                0x000000000800135c                USART1_IRQHandler
                0x000000000800135c                I2C1_ER_IRQHandler
                0x000000000800135c                USBWakeUp_IRQHandler
 *fill*         0x000000000800135e        0x2 
 .text.HAL_Init
                0x0000000008001360       0x2c ./Drivers/STM32F1xx_HAL_Driver/Src/stm32f1xx_hal.o
                0x0000000008001360                HAL_Init
 .text.HAL_InitTick
                0x000000000800138c       0x60 ./Drivers/STM32F1xx_HAL_Driver/Src/stm32f1xx_hal.o
                0x000000000800138c                HAL_InitTick
 .text.HAL_IncTick
                0x00000000080013ec       0x24 ./Drivers/STM32F1xx_HAL_Driver/Src/stm32f1xx_hal.o
                0x00000000080013ec                HAL_IncTick
 .text.HAL_GetTick
                0x0000000008001410       0x14 ./Drivers/STM32F1xx_HAL_Driver/Src/stm32f1xx_hal.o
                0x0000000008001410                HAL_GetTick
 .text.HAL_Delay
                0x0000000008001424       0x48 ./Drivers/STM32F1xx_HAL_Driver/Src/stm32f1xx_hal.o
                0x0000000008001424                HAL_Delay
 .text.__NVIC_SetPriorityGrouping
                0x000000000800146c       0x48 ./Drivers/STM32F1xx_HAL_Driver/Src/stm32f1xx_hal_cortex.o
 .text.__NVIC_GetPriorityGrouping
                0x00000000080014b4       0x1c ./Drivers/STM32F1xx_HAL_Driver/Src/stm32f1xx_hal_cortex.o
 .text.__NVIC_EnableIRQ
                0x00000000080014d0       0x38 ./Drivers/STM32F1xx_HAL_Driver/Src/stm32f1xx_hal_cortex.o
 .text.__NVIC_SetPriority
                0x0000000008001508       0x54 ./Drivers/STM32F1xx_HAL_Driver/Src/stm32f1xx_hal_cortex.o
 .text.NVIC_EncodePriority
                0x000000000800155c       0x64 ./Drivers/STM32F1xx_HAL_Driver/Src/stm32f1xx_hal_cortex.o
 .text.SysTick_Config
                0x00000000080015c0       0x44 ./Drivers/STM32F1xx_HAL_Driver/Src/stm32f1xx_hal_cortex.o
 .text.HAL_NVIC_SetPriorityGrouping
                0x0000000008001604       0x16 ./Drivers/STM32F1xx_HAL_Driver/Src/stm32f1xx_hal_cortex.o
                0x0000000008001604                HAL_NVIC_SetPriorityGrouping
 .text.HAL_NVIC_SetPriority
                0x000000000800161a       0x38 ./Drivers/STM32F1xx_HAL_Driver/Src/stm32f1xx_hal_cortex.o
                0x000000000800161a                HAL_NVIC_SetPriority
 .text.HAL_NVIC_EnableIRQ
                0x0000000008001652       0x1c ./Drivers/STM32F1xx_HAL_Driver/Src/stm32f1xx_hal_cortex.o
                0x0000000008001652                HAL_NVIC_EnableIRQ
 .text.HAL_SYSTICK_Config
                0x000000000800166e       0x18 ./Drivers/STM32F1xx_HAL_Driver/Src/stm32f1xx_hal_cortex.o
                0x000000000800166e                HAL_SYSTICK_Config
 *fill*         0x0000000008001686        0x2 
 .text.HAL_GPIO_Init
                0x0000000008001688      0x308 ./Drivers/STM32F1xx_HAL_Driver/Src/stm32f1xx_hal_gpio.o
                0x0000000008001688                HAL_GPIO_Init
 .text.HAL_GPIO_WritePin
                0x0000000008001990       0x30 ./Drivers/STM32F1xx_HAL_Driver/Src/stm32f1xx_hal_gpio.o
                0x0000000008001990                HAL_GPIO_WritePin
 .text.HAL_GPIO_TogglePin
                0x00000000080019c0       0x32 ./Drivers/STM32F1xx_HAL_Driver/Src/stm32f1xx_hal_gpio.o
                0x00000000080019c0                HAL_GPIO_TogglePin
 *fill*         0x00000000080019f2        0x2 
 .text.HAL_GPIO_EXTI_IRQHandler
                0x00000000080019f4       0x30 ./Drivers/STM32F1xx_HAL_Driver/Src/stm32f1xx_hal_gpio.o
                0x00000000080019f4                HAL_GPIO_EXTI_IRQHandler
 .text.HAL_PCD_Init
                0x0000000008001a24      0x216 ./Drivers/STM32F1xx_HAL_Driver/Src/stm32f1xx_hal_pcd.o
                0x0000000008001a24                HAL_PCD_Init
 .text.HAL_PCD_Start
                0x0000000008001c3a       0x4c ./Drivers/STM32F1xx_HAL_Driver/Src/stm32f1xx_hal_pcd.o
                0x0000000008001c3a                HAL_PCD_Start
 .text.HAL_PCD_IRQHandler
                0x0000000008001c86      0x2aa ./Drivers/STM32F1xx_HAL_Driver/Src/stm32f1xx_hal_pcd.o
                0x0000000008001c86                HAL_PCD_IRQHandler
 .text.HAL_PCD_SetAddress
                0x0000000008001f30       0x4a ./Drivers/STM32F1xx_HAL_Driver/Src/stm32f1xx_hal_pcd.o
                0x0000000008001f30                HAL_PCD_SetAddress
 .text.HAL_PCD_EP_Open
                0x0000000008001f7a       0xcc ./Drivers/STM32F1xx_HAL_Driver/Src/stm32f1xx_hal_pcd.o
                0x0000000008001f7a                HAL_PCD_EP_Open
 .text.HAL_PCD_EP_Close
                0x0000000008002046       0x90 ./Drivers/STM32F1xx_HAL_Driver/Src/stm32f1xx_hal_pcd.o
                0x0000000008002046                HAL_PCD_EP_Close
 .text.HAL_PCD_EP_Receive
                0x00000000080020d6       0x7a ./Drivers/STM32F1xx_HAL_Driver/Src/stm32f1xx_hal_pcd.o
                0x00000000080020d6                HAL_PCD_EP_Receive
 .text.HAL_PCD_EP_GetRxCount
                0x0000000008002150       0x2e ./Drivers/STM32F1xx_HAL_Driver/Src/stm32f1xx_hal_pcd.o
                0x0000000008002150                HAL_PCD_EP_GetRxCount
 .text.HAL_PCD_EP_Transmit
                0x000000000800217e       0x86 ./Drivers/STM32F1xx_HAL_Driver/Src/stm32f1xx_hal_pcd.o
                0x000000000800217e                HAL_PCD_EP_Transmit
 .text.HAL_PCD_EP_SetStall
                0x0000000008002204       0xc0 ./Drivers/STM32F1xx_HAL_Driver/Src/stm32f1xx_hal_pcd.o
                0x0000000008002204                HAL_PCD_EP_SetStall
 .text.HAL_PCD_EP_ClrStall
                0x00000000080022c4       0xa8 ./Drivers/STM32F1xx_HAL_Driver/Src/stm32f1xx_hal_pcd.o
                0x00000000080022c4                HAL_PCD_EP_ClrStall
 .text.PCD_EP_ISR_Handler
                0x000000000800236c      0x600 ./Drivers/STM32F1xx_HAL_Driver/Src/stm32f1xx_hal_pcd.o
 .text.HAL_PCD_EP_DB_Receive
                0x000000000800296c      0x21a ./Drivers/STM32F1xx_HAL_Driver/Src/stm32f1xx_hal_pcd.o
 .text.HAL_PCD_EP_DB_Transmit
                0x0000000008002b86      0x7a4 ./Drivers/STM32F1xx_HAL_Driver/Src/stm32f1xx_hal_pcd.o
 .text.HAL_PCDEx_PMAConfig
                0x000000000800332a       0x84 ./Drivers/STM32F1xx_HAL_Driver/Src/stm32f1xx_hal_pcd_ex.o
                0x000000000800332a                HAL_PCDEx_PMAConfig
 *fill*         0x00000000080033ae        0x2 
 .text.HAL_RCC_OscConfig
                0x00000000080033b0      0x500 ./Drivers/STM32F1xx_HAL_Driver/Src/stm32f1xx_hal_rcc.o
                0x00000000080033b0                HAL_RCC_OscConfig
 .text.HAL_RCC_ClockConfig
                0x00000000080038b0      0x1d4 ./Drivers/STM32F1xx_HAL_Driver/Src/stm32f1xx_hal_rcc.o
                0x00000000080038b0                HAL_RCC_ClockConfig
 .text.HAL_RCC_GetSysClockFreq
                0x0000000008003a84       0xc0 ./Drivers/STM32F1xx_HAL_Driver/Src/stm32f1xx_hal_rcc.o
                0x0000000008003a84                HAL_RCC_GetSysClockFreq
 .text.RCC_Delay
                0x0000000008003b44       0x3c ./Drivers/STM32F1xx_HAL_Driver/Src/stm32f1xx_hal_rcc.o
 .text.HAL_RCCEx_PeriphCLKConfig
                0x0000000008003b80      0x16c ./Drivers/STM32F1xx_HAL_Driver/Src/stm32f1xx_hal_rcc_ex.o
                0x0000000008003b80                HAL_RCCEx_PeriphCLKConfig
 .text.HAL_SPI_Init
                0x0000000008003cec      0x108 ./Drivers/STM32F1xx_HAL_Driver/Src/stm32f1xx_hal_spi.o
                0x0000000008003cec                HAL_SPI_Init
 .text.HAL_SPI_Transmit
                0x0000000008003df4      0x278 ./Drivers/STM32F1xx_HAL_Driver/Src/stm32f1xx_hal_spi.o
                0x0000000008003df4                HAL_SPI_Transmit
 .text.HAL_SPI_Receive
                0x000000000800406c      0x222 ./Drivers/STM32F1xx_HAL_Driver/Src/stm32f1xx_hal_spi.o
                0x000000000800406c                HAL_SPI_Receive
 .text.HAL_SPI_TransmitReceive
                0x000000000800428e      0x344 ./Drivers/STM32F1xx_HAL_Driver/Src/stm32f1xx_hal_spi.o
                0x000000000800428e                HAL_SPI_TransmitReceive
 *fill*         0x00000000080045d2        0x2 
 .text.SPI_WaitFlagStateUntilTimeout
                0x00000000080045d4      0x110 ./Drivers/STM32F1xx_HAL_Driver/Src/stm32f1xx_hal_spi.o
 .text.SPI_EndRxTransaction
                0x00000000080046e4       0xa4 ./Drivers/STM32F1xx_HAL_Driver/Src/stm32f1xx_hal_spi.o
 .text.SPI_EndRxTxTransaction
                0x0000000008004788       0x3c ./Drivers/STM32F1xx_HAL_Driver/Src/stm32f1xx_hal_spi.o
 .text.USB_CoreInit
                0x00000000080047c4       0x20 ./Drivers/STM32F1xx_HAL_Driver/Src/stm32f1xx_ll_usb.o
                0x00000000080047c4                USB_CoreInit
 .text.USB_EnableGlobalInt
                0x00000000080047e4       0x2c ./Drivers/STM32F1xx_HAL_Driver/Src/stm32f1xx_ll_usb.o
                0x00000000080047e4                USB_EnableGlobalInt
 .text.USB_DisableGlobalInt
                0x0000000008004810       0x34 ./Drivers/STM32F1xx_HAL_Driver/Src/stm32f1xx_ll_usb.o
                0x0000000008004810                USB_DisableGlobalInt
 .text.USB_SetCurrentMode
                0x0000000008004844       0x18 ./Drivers/STM32F1xx_HAL_Driver/Src/stm32f1xx_ll_usb.o
                0x0000000008004844                USB_SetCurrentMode
 .text.USB_DevInit
                0x000000000800485c       0x40 ./Drivers/STM32F1xx_HAL_Driver/Src/stm32f1xx_ll_usb.o
                0x000000000800485c                USB_DevInit
 .text.USB_ActivateEndpoint
                0x000000000800489c      0x6d4 ./Drivers/STM32F1xx_HAL_Driver/Src/stm32f1xx_ll_usb.o
                0x000000000800489c                USB_ActivateEndpoint
 .text.USB_DeactivateEndpoint
                0x0000000008004f70      0x3d8 ./Drivers/STM32F1xx_HAL_Driver/Src/stm32f1xx_ll_usb.o
                0x0000000008004f70                USB_DeactivateEndpoint
 .text.USB_EPStartXfer
                0x0000000008005348     0x15ee ./Drivers/STM32F1xx_HAL_Driver/Src/stm32f1xx_ll_usb.o
                0x0000000008005348                USB_EPStartXfer
 .text.USB_EPSetStall
                0x0000000008006936       0xa0 ./Drivers/STM32F1xx_HAL_Driver/Src/stm32f1xx_ll_usb.o
                0x0000000008006936                USB_EPSetStall
 .text.USB_EPClearStall
                0x00000000080069d6      0x15a ./Drivers/STM32F1xx_HAL_Driver/Src/stm32f1xx_ll_usb.o
                0x00000000080069d6                USB_EPClearStall
 .text.USB_SetDevAddress
                0x0000000008006b30       0x26 ./Drivers/STM32F1xx_HAL_Driver/Src/stm32f1xx_ll_usb.o
                0x0000000008006b30                USB_SetDevAddress
 .text.USB_DevConnect
                0x0000000008006b56       0x14 ./Drivers/STM32F1xx_HAL_Driver/Src/stm32f1xx_ll_usb.o
                0x0000000008006b56                USB_DevConnect
 .text.USB_DevDisconnect
                0x0000000008006b6a       0x14 ./Drivers/STM32F1xx_HAL_Driver/Src/stm32f1xx_ll_usb.o
                0x0000000008006b6a                USB_DevDisconnect
 .text.USB_ReadInterrupts
                0x0000000008006b7e       0x1e ./Drivers/STM32F1xx_HAL_Driver/Src/stm32f1xx_ll_usb.o
                0x0000000008006b7e                USB_ReadInterrupts
 .text.USB_EP0_OutStart
                0x0000000008006b9c       0x16 ./Drivers/STM32F1xx_HAL_Driver/Src/stm32f1xx_ll_usb.o
                0x0000000008006b9c                USB_EP0_OutStart
 .text.USB_WritePMA
                0x0000000008006bb2       0x8a ./Drivers/STM32F1xx_HAL_Driver/Src/stm32f1xx_ll_usb.o
                0x0000000008006bb2                USB_WritePMA
 .text.USB_ReadPMA
                0x0000000008006c3c       0x9e ./Drivers/STM32F1xx_HAL_Driver/Src/stm32f1xx_ll_usb.o
                0x0000000008006c3c                USB_ReadPMA
 .text.USBD_CDC_Init
                0x0000000008006cda       0xf4 ./Middlewares/ST/STM32_USB_Device_Library/Class/CDC/Src/usbd_cdc.o
 .text.USBD_CDC_DeInit
                0x0000000008006dce       0x6e ./Middlewares/ST/STM32_USB_Device_Library/Class/CDC/Src/usbd_cdc.o
 .text.USBD_CDC_Setup
                0x0000000008006e3c      0x146 ./Middlewares/ST/STM32_USB_Device_Library/Class/CDC/Src/usbd_cdc.o
 .text.USBD_CDC_DataIn
                0x0000000008006f82       0xa6 ./Middlewares/ST/STM32_USB_Device_Library/Class/CDC/Src/usbd_cdc.o
 .text.USBD_CDC_DataOut
                0x0000000008007028       0x56 ./Middlewares/ST/STM32_USB_Device_Library/Class/CDC/Src/usbd_cdc.o
 .text.USBD_CDC_EP0_RxReady
                0x000000000800707e       0x50 ./Middlewares/ST/STM32_USB_Device_Library/Class/CDC/Src/usbd_cdc.o
 *fill*         0x00000000080070ce        0x2 
 .text.USBD_CDC_GetFSCfgDesc
                0x00000000080070d0       0x20 ./Middlewares/ST/STM32_USB_Device_Library/Class/CDC/Src/usbd_cdc.o
 .text.USBD_CDC_GetHSCfgDesc
                0x00000000080070f0       0x20 ./Middlewares/ST/STM32_USB_Device_Library/Class/CDC/Src/usbd_cdc.o
 .text.USBD_CDC_GetOtherSpeedCfgDesc
                0x0000000008007110       0x20 ./Middlewares/ST/STM32_USB_Device_Library/Class/CDC/Src/usbd_cdc.o
 .text.USBD_CDC_GetDeviceQualifierDescriptor
                0x0000000008007130       0x20 ./Middlewares/ST/STM32_USB_Device_Library/Class/CDC/Src/usbd_cdc.o
                0x0000000008007130                USBD_CDC_GetDeviceQualifierDescriptor
 .text.USBD_CDC_RegisterInterface
                0x0000000008007150       0x2c ./Middlewares/ST/STM32_USB_Device_Library/Class/CDC/Src/usbd_cdc.o
                0x0000000008007150                USBD_CDC_RegisterInterface
 .text.USBD_CDC_SetTxBuffer
                0x000000000800717c       0x32 ./Middlewares/ST/STM32_USB_Device_Library/Class/CDC/Src/usbd_cdc.o
                0x000000000800717c                USBD_CDC_SetTxBuffer
 .text.USBD_CDC_SetRxBuffer
                0x00000000080071ae       0x26 ./Middlewares/ST/STM32_USB_Device_Library/Class/CDC/Src/usbd_cdc.o
                0x00000000080071ae                USBD_CDC_SetRxBuffer
 .text.USBD_CDC_TransmitPacket
                0x00000000080071d4       0x5e ./Middlewares/ST/STM32_USB_Device_Library/Class/CDC/Src/usbd_cdc.o
                0x00000000080071d4                USBD_CDC_TransmitPacket
 .text.USBD_CDC_ReceivePacket
                0x0000000008007232       0x54 ./Middlewares/ST/STM32_USB_Device_Library/Class/CDC/Src/usbd_cdc.o
                0x0000000008007232                USBD_CDC_ReceivePacket
 .text.USBD_Init
                0x0000000008007286       0x56 ./Middlewares/ST/STM32_USB_Device_Library/Core/Src/usbd_core.o
                0x0000000008007286                USBD_Init
 .text.USBD_RegisterClass
                0x00000000080072dc       0x32 ./Middlewares/ST/STM32_USB_Device_Library/Core/Src/usbd_core.o
                0x00000000080072dc                USBD_RegisterClass
 .text.USBD_Start
                0x000000000800730e       0x18 ./Middlewares/ST/STM32_USB_Device_Library/Core/Src/usbd_core.o
                0x000000000800730e                USBD_Start
 .text.USBD_RunTestMode
                0x0000000008007326       0x14 ./Middlewares/ST/STM32_USB_Device_Library/Core/Src/usbd_core.o
                0x0000000008007326                USBD_RunTestMode
 .text.USBD_SetClassConfig
                0x000000000800733a       0x3e ./Middlewares/ST/STM32_USB_Device_Library/Core/Src/usbd_core.o
                0x000000000800733a                USBD_SetClassConfig
 .text.USBD_ClrClassConfig
                0x0000000008007378       0x26 ./Middlewares/ST/STM32_USB_Device_Library/Core/Src/usbd_core.o
                0x0000000008007378                USBD_ClrClassConfig
 .text.USBD_LL_SetupStage
                0x000000000800739e       0x9a ./Middlewares/ST/STM32_USB_Device_Library/Core/Src/usbd_core.o
                0x000000000800739e                USBD_LL_SetupStage
 .text.USBD_LL_DataOutStage
                0x0000000008007438       0xe2 ./Middlewares/ST/STM32_USB_Device_Library/Core/Src/usbd_core.o
                0x0000000008007438                USBD_LL_DataOutStage
 .text.USBD_LL_DataInStage
                0x000000000800751a      0x14a ./Middlewares/ST/STM32_USB_Device_Library/Core/Src/usbd_core.o
                0x000000000800751a                USBD_LL_DataInStage
 .text.USBD_LL_Reset
                0x0000000008007664       0x82 ./Middlewares/ST/STM32_USB_Device_Library/Core/Src/usbd_core.o
                0x0000000008007664                USBD_LL_Reset
 .text.USBD_LL_SetSpeed
                0x00000000080076e6       0x1e ./Middlewares/ST/STM32_USB_Device_Library/Core/Src/usbd_core.o
                0x00000000080076e6                USBD_LL_SetSpeed
 .text.USBD_LL_Suspend
                0x0000000008007704       0x28 ./Middlewares/ST/STM32_USB_Device_Library/Core/Src/usbd_core.o
                0x0000000008007704                USBD_LL_Suspend
 .text.USBD_LL_Resume
                0x000000000800772c       0x2a ./Middlewares/ST/STM32_USB_Device_Library/Core/Src/usbd_core.o
                0x000000000800772c                USBD_LL_Resume
 .text.USBD_LL_SOF
                0x0000000008007756       0x34 ./Middlewares/ST/STM32_USB_Device_Library/Core/Src/usbd_core.o
                0x0000000008007756                USBD_LL_SOF
 *fill*         0x000000000800778a        0x2 
 .text.USBD_StdDevReq
                0x000000000800778c       0xd4 ./Middlewares/ST/STM32_USB_Device_Library/Core/Src/usbd_ctlreq.o
                0x000000000800778c                USBD_StdDevReq
 .text.USBD_StdItfReq
                0x0000000008007860       0x90 ./Middlewares/ST/STM32_USB_Device_Library/Core/Src/usbd_ctlreq.o
                0x0000000008007860                USBD_StdItfReq
 .text.USBD_StdEPReq
                0x00000000080078f0      0x2c6 ./Middlewares/ST/STM32_USB_Device_Library/Core/Src/usbd_ctlreq.o
                0x00000000080078f0                USBD_StdEPReq
 *fill*         0x0000000008007bb6        0x2 
 .text.USBD_GetDescriptor
                0x0000000008007bb8      0x2d0 ./Middlewares/ST/STM32_USB_Device_Library/Core/Src/usbd_ctlreq.o
 .text.USBD_SetAddress
                0x0000000008007e88       0x86 ./Middlewares/ST/STM32_USB_Device_Library/Core/Src/usbd_ctlreq.o
 *fill*         0x0000000008007f0e        0x2 
 .text.USBD_SetConfig
                0x0000000008007f10      0x11c ./Middlewares/ST/STM32_USB_Device_Library/Core/Src/usbd_ctlreq.o
 .text.USBD_GetConfig
                0x000000000800802c       0x6a ./Middlewares/ST/STM32_USB_Device_Library/Core/Src/usbd_ctlreq.o
 .text.USBD_GetStatus
                0x0000000008008096       0x66 ./Middlewares/ST/STM32_USB_Device_Library/Core/Src/usbd_ctlreq.o
 .text.USBD_SetFeature
                0x00000000080080fc       0x28 ./Middlewares/ST/STM32_USB_Device_Library/Core/Src/usbd_ctlreq.o
 .text.USBD_ClrFeature
                0x0000000008008124       0x42 ./Middlewares/ST/STM32_USB_Device_Library/Core/Src/usbd_ctlreq.o
 .text.USBD_ParseSetupRequest
                0x0000000008008166       0x78 ./Middlewares/ST/STM32_USB_Device_Library/Core/Src/usbd_ctlreq.o
                0x0000000008008166                USBD_ParseSetupRequest
 .text.USBD_CtlError
                0x00000000080081de       0x22 ./Middlewares/ST/STM32_USB_Device_Library/Core/Src/usbd_ctlreq.o
                0x00000000080081de                USBD_CtlError
 .text.USBD_GetString
                0x0000000008008200       0x84 ./Middlewares/ST/STM32_USB_Device_Library/Core/Src/usbd_ctlreq.o
                0x0000000008008200                USBD_GetString
 .text.USBD_GetLen
                0x0000000008008284       0x2e ./Middlewares/ST/STM32_USB_Device_Library/Core/Src/usbd_ctlreq.o
 .text.USBD_CtlSendData
                0x00000000080082b2       0x38 ./Middlewares/ST/STM32_USB_Device_Library/Core/Src/usbd_ioreq.o
                0x00000000080082b2                USBD_CtlSendData
 .text.USBD_CtlContinueSendData
                0x00000000080082ea       0x24 ./Middlewares/ST/STM32_USB_Device_Library/Core/Src/usbd_ioreq.o
                0x00000000080082ea                USBD_CtlContinueSendData
 .text.USBD_CtlPrepareRx
                0x000000000800830e       0x3c ./Middlewares/ST/STM32_USB_Device_Library/Core/Src/usbd_ioreq.o
                0x000000000800830e                USBD_CtlPrepareRx
 .text.USBD_CtlContinueRx
                0x000000000800834a       0x24 ./Middlewares/ST/STM32_USB_Device_Library/Core/Src/usbd_ioreq.o
                0x000000000800834a                USBD_CtlContinueRx
 .text.USBD_CtlSendStatus
                0x000000000800836e       0x26 ./Middlewares/ST/STM32_USB_Device_Library/Core/Src/usbd_ioreq.o
                0x000000000800836e                USBD_CtlSendStatus
 .text.USBD_CtlReceiveStatus
                0x0000000008008394       0x26 ./Middlewares/ST/STM32_USB_Device_Library/Core/Src/usbd_ioreq.o
                0x0000000008008394                USBD_CtlReceiveStatus
 *fill*         0x00000000080083ba        0x2 
 .text.MX_USB_DEVICE_Init
                0x00000000080083bc       0x60 ./USB_DEVICE/App/usb_device.o
                0x00000000080083bc                MX_USB_DEVICE_Init
 .text.CDC_Init_FS
                0x000000000800841c       0x28 ./USB_DEVICE/App/usbd_cdc_if.o
 .text.CDC_DeInit_FS
                0x0000000008008444        0xe ./USB_DEVICE/App/usbd_cdc_if.o
 *fill*         0x0000000008008452        0x2 
 .text.CDC_Control_FS
                0x0000000008008454       0xbc ./USB_DEVICE/App/usbd_cdc_if.o
 .text.CDC_Receive_FS
                0x0000000008008510       0x34 ./USB_DEVICE/App/usbd_cdc_if.o
 .text.CDC_Transmit_FS
                0x0000000008008544       0x4c ./USB_DEVICE/App/usbd_cdc_if.o
                0x0000000008008544                CDC_Transmit_FS
 .text.USBD_FS_DeviceDescriptor
                0x0000000008008590       0x24 ./USB_DEVICE/App/usbd_desc.o
                0x0000000008008590                USBD_FS_DeviceDescriptor
 .text.USBD_FS_LangIDStrDescriptor
                0x00000000080085b4       0x24 ./USB_DEVICE/App/usbd_desc.o
                0x00000000080085b4                USBD_FS_LangIDStrDescriptor
 .text.USBD_FS_ProductStrDescriptor
                0x00000000080085d8       0x3c ./USB_DEVICE/App/usbd_desc.o
                0x00000000080085d8                USBD_FS_ProductStrDescriptor
 .text.USBD_FS_ManufacturerStrDescriptor
                0x0000000008008614       0x28 ./USB_DEVICE/App/usbd_desc.o
                0x0000000008008614                USBD_FS_ManufacturerStrDescriptor
 .text.USBD_FS_SerialStrDescriptor
                0x000000000800863c       0x24 ./USB_DEVICE/App/usbd_desc.o
                0x000000000800863c                USBD_FS_SerialStrDescriptor
 .text.USBD_FS_ConfigStrDescriptor
                0x0000000008008660       0x3c ./USB_DEVICE/App/usbd_desc.o
                0x0000000008008660                USBD_FS_ConfigStrDescriptor
 .text.USBD_FS_InterfaceStrDescriptor
                0x000000000800869c       0x3c ./USB_DEVICE/App/usbd_desc.o
                0x000000000800869c                USBD_FS_InterfaceStrDescriptor
 .text.Get_SerialNum
                0x00000000080086d8       0x58 ./USB_DEVICE/App/usbd_desc.o
 .text.IntToUnicode
                0x0000000008008730       0x7c ./USB_DEVICE/App/usbd_desc.o
 .text.HAL_PCD_MspInit
                0x00000000080087ac       0x4c ./USB_DEVICE/Target/usbd_conf.o
                0x00000000080087ac                HAL_PCD_MspInit
 .text.HAL_PCD_SetupStageCallback
                0x00000000080087f8       0x24 ./USB_DEVICE/Target/usbd_conf.o
                0x00000000080087f8                HAL_PCD_SetupStageCallback
 .text.HAL_PCD_DataOutStageCallback
                0x000000000800881c       0x36 ./USB_DEVICE/Target/usbd_conf.o
                0x000000000800881c                HAL_PCD_DataOutStageCallback
 .text.HAL_PCD_DataInStageCallback
                0x0000000008008852       0x34 ./USB_DEVICE/Target/usbd_conf.o
                0x0000000008008852                HAL_PCD_DataInStageCallback
 .text.HAL_PCD_SOFCallback
                0x0000000008008886       0x1c ./USB_DEVICE/Target/usbd_conf.o
                0x0000000008008886                HAL_PCD_SOFCallback
 .text.HAL_PCD_ResetCallback
                0x00000000080088a2       0x3c ./USB_DEVICE/Target/usbd_conf.o
                0x00000000080088a2                HAL_PCD_ResetCallback
 *fill*         0x00000000080088de        0x2 
 .text.HAL_PCD_SuspendCallback
                0x00000000080088e0       0x34 ./USB_DEVICE/Target/usbd_conf.o
                0x00000000080088e0                HAL_PCD_SuspendCallback
 .text.HAL_PCD_ResumeCallback
                0x0000000008008914       0x1c ./USB_DEVICE/Target/usbd_conf.o
                0x0000000008008914                HAL_PCD_ResumeCallback
 .text.USBD_LL_Init
                0x0000000008008930       0xb4 ./USB_DEVICE/Target/usbd_conf.o
                0x0000000008008930                USBD_LL_Init
 .text.USBD_LL_Start
                0x00000000080089e4       0x36 ./USB_DEVICE/Target/usbd_conf.o
                0x00000000080089e4                USBD_LL_Start
 .text.USBD_LL_OpenEP
                0x0000000008008a1a       0x4c ./USB_DEVICE/Target/usbd_conf.o
                0x0000000008008a1a                USBD_LL_OpenEP
 .text.USBD_LL_CloseEP
                0x0000000008008a66       0x3e ./USB_DEVICE/Target/usbd_conf.o
                0x0000000008008a66                USBD_LL_CloseEP
 .text.USBD_LL_StallEP
                0x0000000008008aa4       0x3e ./USB_DEVICE/Target/usbd_conf.o
                0x0000000008008aa4                USBD_LL_StallEP
 .text.USBD_LL_ClearStallEP
                0x0000000008008ae2       0x3e ./USB_DEVICE/Target/usbd_conf.o
                0x0000000008008ae2                USBD_LL_ClearStallEP
 .text.USBD_LL_IsStallEP
                0x0000000008008b20       0x58 ./USB_DEVICE/Target/usbd_conf.o
                0x0000000008008b20                USBD_LL_IsStallEP
 .text.USBD_LL_SetUSBAddress
                0x0000000008008b78       0x3e ./USB_DEVICE/Target/usbd_conf.o
                0x0000000008008b78                USBD_LL_SetUSBAddress
 .text.USBD_LL_Transmit
                0x0000000008008bb6       0x46 ./USB_DEVICE/Target/usbd_conf.o
                0x0000000008008bb6                USBD_LL_Transmit
 .text.USBD_LL_PrepareReceive
                0x0000000008008bfc       0x46 ./USB_DEVICE/Target/usbd_conf.o
                0x0000000008008bfc                USBD_LL_PrepareReceive
 .text.USBD_LL_GetRxDataSize
                0x0000000008008c42       0x26 ./USB_DEVICE/Target/usbd_conf.o
                0x0000000008008c42                USBD_LL_GetRxDataSize
 .text.USBD_static_malloc
                0x0000000008008c68       0x18 ./USB_DEVICE/Target/usbd_conf.o
                0x0000000008008c68                USBD_static_malloc
 .text.USBD_static_free
                0x0000000008008c80       0x12 ./USB_DEVICE/Target/usbd_conf.o
                0x0000000008008c80                USBD_static_free
 .text.HAL_PCDEx_SetConnectionState
                0x0000000008008c92       0x16 ./USB_DEVICE/Target/usbd_conf.o
                0x0000000008008c92                HAL_PCDEx_SetConnectionState
 .text.USBD_Get_USB_Status
                0x0000000008008ca8       0x58 ./USB_DEVICE/Target/usbd_conf.o
 .text.__libc_init_array
                0x0000000008008d00       0x48 d:/st/stm32cubeide_1.8.0/stm32cubeide/plugins/com.st.stm32cube.ide.mcu.externaltools.gnu-tools-for-stm32.9-2020-q2-update.win32_2.0.0.202105311346/tools/bin/../lib/gcc/arm-none-eabi/9.3.1/../../../../arm-none-eabi/lib/thumb/v7-m/nofp\libc_nano.a(lib_a-init.o)
                0x0000000008008d00                __libc_init_array
 .text.memcpy   0x0000000008008d48       0x1c d:/st/stm32cubeide_1.8.0/stm32cubeide/plugins/com.st.stm32cube.ide.mcu.externaltools.gnu-tools-for-stm32.9-2020-q2-update.win32_2.0.0.202105311346/tools/bin/../lib/gcc/arm-none-eabi/9.3.1/../../../../arm-none-eabi/lib/thumb/v7-m/nofp\libc_nano.a(lib_a-memcpy-stub.o)
                0x0000000008008d48                memcpy
 .text.memset   0x0000000008008d64       0x10 d:/st/stm32cubeide_1.8.0/stm32cubeide/plugins/com.st.stm32cube.ide.mcu.externaltools.gnu-tools-for-stm32.9-2020-q2-update.win32_2.0.0.202105311346/tools/bin/../lib/gcc/arm-none-eabi/9.3.1/../../../../arm-none-eabi/lib/thumb/v7-m/nofp\libc_nano.a(lib_a-memset.o)
                0x0000000008008d64                memset
 *(.glue_7)
 .glue_7        0x0000000008008d74        0x0 linker stubs
 *(.glue_7t)
 .glue_7t       0x0000000008008d74        0x0 linker stubs
 *(.eh_frame)
 .eh_frame      0x0000000008008d74        0x0 d:/st/stm32cubeide_1.8.0/stm32cubeide/plugins/com.st.stm32cube.ide.mcu.externaltools.gnu-tools-for-stm32.9-2020-q2-update.win32_2.0.0.202105311346/tools/bin/../lib/gcc/arm-none-eabi/9.3.1/thumb/v7-m/nofp/crtbegin.o
 *(.init)
 .init          0x0000000008008d74        0x4 d:/st/stm32cubeide_1.8.0/stm32cubeide/plugins/com.st.stm32cube.ide.mcu.externaltools.gnu-tools-for-stm32.9-2020-q2-update.win32_2.0.0.202105311346/tools/bin/../lib/gcc/arm-none-eabi/9.3.1/thumb/v7-m/nofp/crti.o
                0x0000000008008d74                _init
 .init          0x0000000008008d78        0x8 d:/st/stm32cubeide_1.8.0/stm32cubeide/plugins/com.st.stm32cube.ide.mcu.externaltools.gnu-tools-for-stm32.9-2020-q2-update.win32_2.0.0.202105311346/tools/bin/../lib/gcc/arm-none-eabi/9.3.1/thumb/v7-m/nofp/crtn.o
 *(.fini)
 .fini          0x0000000008008d80        0x4 d:/st/stm32cubeide_1.8.0/stm32cubeide/plugins/com.st.stm32cube.ide.mcu.externaltools.gnu-tools-for-stm32.9-2020-q2-update.win32_2.0.0.202105311346/tools/bin/../lib/gcc/arm-none-eabi/9.3.1/thumb/v7-m/nofp/crti.o
                0x0000000008008d80                _fini
 .fini          0x0000000008008d84        0x8 d:/st/stm32cubeide_1.8.0/stm32cubeide/plugins/com.st.stm32cube.ide.mcu.externaltools.gnu-tools-for-stm32.9-2020-q2-update.win32_2.0.0.202105311346/tools/bin/../lib/gcc/arm-none-eabi/9.3.1/thumb/v7-m/nofp/crtn.o
                0x0000000008008d8c                . = ALIGN (0x4)
                0x0000000008008d8c                _etext = .

.vfp11_veneer   0x0000000008008d8c        0x0
 .vfp11_veneer  0x0000000008008d8c        0x0 linker stubs

.v4_bx          0x0000000008008d8c        0x0
 .v4_bx         0x0000000008008d8c        0x0 linker stubs

.iplt           0x0000000008008d8c        0x0
 .iplt          0x0000000008008d8c        0x0 d:/st/stm32cubeide_1.8.0/stm32cubeide/plugins/com.st.stm32cube.ide.mcu.externaltools.gnu-tools-for-stm32.9-2020-q2-update.win32_2.0.0.202105311346/tools/bin/../lib/gcc/arm-none-eabi/9.3.1/thumb/v7-m/nofp/crtbegin.o

.rodata         0x0000000008008d8c       0x68
                0x0000000008008d8c                . = ALIGN (0x4)
 *(.rodata)
 .rodata        0x0000000008008d8c       0x10 ./Drivers/STM32F1xx_HAL_Driver/Src/stm32f1xx_hal_rcc.o
 .rodata        0x0000000008008d9c       0x46 ./USB_DEVICE/App/usbd_desc.o
 *(.rodata*)
 *fill*         0x0000000008008de2        0x2 
 .rodata.AHBPrescTable
                0x0000000008008de4       0x10 ./Core/Src/system_stm32f1xx.o
                0x0000000008008de4                AHBPrescTable
                0x0000000008008df4                . = ALIGN (0x4)

.rel.dyn        0x0000000008008df4        0x0
 .rel.iplt      0x0000000008008df4        0x0 d:/st/stm32cubeide_1.8.0/stm32cubeide/plugins/com.st.stm32cube.ide.mcu.externaltools.gnu-tools-for-stm32.9-2020-q2-update.win32_2.0.0.202105311346/tools/bin/../lib/gcc/arm-none-eabi/9.3.1/thumb/v7-m/nofp/crtbegin.o

.ARM.extab      0x0000000008008df4        0x0
                0x0000000008008df4                . = ALIGN (0x4)
 *(.ARM.extab* .gnu.linkonce.armextab.*)
                0x0000000008008df4                . = ALIGN (0x4)

.ARM            0x0000000008008df4        0x0
                0x0000000008008df4                . = ALIGN (0x4)
                0x0000000008008df4                __exidx_start = .
 *(.ARM.exidx*)
                0x0000000008008df4                __exidx_end = .
                0x0000000008008df4                . = ALIGN (0x4)

.preinit_array  0x0000000008008df4        0x0
                0x0000000008008df4                . = ALIGN (0x4)
                0x0000000008008df4                PROVIDE (__preinit_array_start = .)
 *(.preinit_array*)
                0x0000000008008df4                PROVIDE (__preinit_array_end = .)
                0x0000000008008df4                . = ALIGN (0x4)

.init_array     0x0000000008008df4        0x4
                0x0000000008008df4                . = ALIGN (0x4)
                0x0000000008008df4                PROVIDE (__init_array_start = .)
 *(SORT_BY_NAME(.init_array.*))
 *(.init_array*)
 .init_array    0x0000000008008df4        0x4 d:/st/stm32cubeide_1.8.0/stm32cubeide/plugins/com.st.stm32cube.ide.mcu.externaltools.gnu-tools-for-stm32.9-2020-q2-update.win32_2.0.0.202105311346/tools/bin/../lib/gcc/arm-none-eabi/9.3.1/thumb/v7-m/nofp/crtbegin.o
                0x0000000008008df8                PROVIDE (__init_array_end = .)
                0x0000000008008df8                . = ALIGN (0x4)

.fini_array     0x0000000008008df8        0x4
                0x0000000008008df8                . = ALIGN (0x4)
                [!provide]                        PROVIDE (__fini_array_start = .)
 *(SORT_BY_NAME(.fini_array.*))
 *(.fini_array*)
 .fini_array    0x0000000008008df8        0x4 d:/st/stm32cubeide_1.8.0/stm32cubeide/plugins/com.st.stm32cube.ide.mcu.externaltools.gnu-tools-for-stm32.9-2020-q2-update.win32_2.0.0.202105311346/tools/bin/../lib/gcc/arm-none-eabi/9.3.1/thumb/v7-m/nofp/crtbegin.o
                [!provide]                        PROVIDE (__fini_array_end = .)
                0x0000000008008dfc                . = ALIGN (0x4)
                0x0000000008008dfc                _sidata = LOADADDR (.data)

.data           0x0000000020000000      0x18c load address 0x0000000008008dfc
                0x0000000020000000                . = ALIGN (0x4)
                0x0000000020000000                _sdata = .
 *(.data)
 *(.data*)
 .data.thisNode
                0x0000000020000000        0x8 ./Core/Src/main.o
                0x0000000020000000                thisNode
 .data.base1    0x0000000020000008        0x8 ./Core/Src/main.o
                0x0000000020000008                base1
 .data.SystemCoreClock
                0x0000000020000010        0x4 ./Core/Src/system_stm32f1xx.o
                0x0000000020000010                SystemCoreClock
 .data.uwTickPrio
                0x0000000020000014        0x4 ./Drivers/STM32F1xx_HAL_Driver/Src/stm32f1xx_hal.o
                0x0000000020000014                uwTickPrio
 .data.uwTickFreq
                0x0000000020000018        0x1 ./Drivers/STM32F1xx_HAL_Driver/Src/stm32f1xx_hal.o
                0x0000000020000018                uwTickFreq
 *fill*         0x0000000020000019        0x3 
 .data.USBD_CDC_DeviceQualifierDesc
                0x000000002000001c        0xa ./Middlewares/ST/STM32_USB_Device_Library/Class/CDC/Src/usbd_cdc.o
 *fill*         0x0000000020000026        0x2 
 .data.USBD_CDC
                0x0000000020000028       0x38 ./Middlewares/ST/STM32_USB_Device_Library/Class/CDC/Src/usbd_cdc.o
                0x0000000020000028                USBD_CDC
 .data.USBD_CDC_CfgHSDesc
                0x0000000020000060       0x43 ./Middlewares/ST/STM32_USB_Device_Library/Class/CDC/Src/usbd_cdc.o
                0x0000000020000060                USBD_CDC_CfgHSDesc
 *fill*         0x00000000200000a3        0x1 
 .data.USBD_CDC_CfgFSDesc
                0x00000000200000a4       0x43 ./Middlewares/ST/STM32_USB_Device_Library/Class/CDC/Src/usbd_cdc.o
                0x00000000200000a4                USBD_CDC_CfgFSDesc
 *fill*         0x00000000200000e7        0x1 
 .data.USBD_CDC_OtherSpeedCfgDesc
                0x00000000200000e8       0x43 ./Middlewares/ST/STM32_USB_Device_Library/Class/CDC/Src/usbd_cdc.o
                0x00000000200000e8                USBD_CDC_OtherSpeedCfgDesc
 *fill*         0x000000002000012b        0x1 
 .data.USBD_Interface_fops_FS
                0x000000002000012c       0x10 ./USB_DEVICE/App/usbd_cdc_if.o
                0x000000002000012c                USBD_Interface_fops_FS
 .data.FS_Desc  0x000000002000013c       0x1c ./USB_DEVICE/App/usbd_desc.o
                0x000000002000013c                FS_Desc
 .data.USBD_FS_DeviceDesc
                0x0000000020000158       0x12 ./USB_DEVICE/App/usbd_desc.o
                0x0000000020000158                USBD_FS_DeviceDesc
 *fill*         0x000000002000016a        0x2 
 .data.USBD_LangIDDesc
                0x000000002000016c        0x4 ./USB_DEVICE/App/usbd_desc.o
                0x000000002000016c                USBD_LangIDDesc
 .data.USBD_StringSerial
                0x0000000020000170       0x1a ./USB_DEVICE/App/usbd_desc.o
                0x0000000020000170                USBD_StringSerial
 *(.RamFunc)
 *(.RamFunc*)
                0x000000002000018c                . = ALIGN (0x4)
 *fill*         0x000000002000018a        0x2 
                0x000000002000018c                _edata = .

.igot.plt       0x000000002000018c        0x0 load address 0x0000000008008f88
 .igot.plt      0x000000002000018c        0x0 d:/st/stm32cubeide_1.8.0/stm32cubeide/plugins/com.st.stm32cube.ide.mcu.externaltools.gnu-tools-for-stm32.9-2020-q2-update.win32_2.0.0.202105311346/tools/bin/../lib/gcc/arm-none-eabi/9.3.1/thumb/v7-m/nofp/crtbegin.o
                0x000000002000018c                . = ALIGN (0x4)

.bss            0x0000000020000190     0x1608 load address 0x0000000008008f88
                0x0000000020000190                _sbss = .
                0x0000000020000190                __bss_start__ = _sbss
 *(.bss)
 .bss           0x0000000020000190       0x1c d:/st/stm32cubeide_1.8.0/stm32cubeide/plugins/com.st.stm32cube.ide.mcu.externaltools.gnu-tools-for-stm32.9-2020-q2-update.win32_2.0.0.202105311346/tools/bin/../lib/gcc/arm-none-eabi/9.3.1/thumb/v7-m/nofp/crtbegin.o
 *(.bss*)
 *fill*         0x00000000200001ac        0x4 
 .bss.pipe0_reading_address
                0x00000000200001b0        0x8 ./Core/Src/AESK_NRF24.o
 .bss.ack_payload_available
                0x00000000200001b8        0x1 ./Core/Src/AESK_NRF24.o
 .bss.ack_payload_length
                0x00000000200001b9        0x1 ./Core/Src/AESK_NRF24.o
 .bss.payload_size
                0x00000000200001ba        0x1 ./Core/Src/AESK_NRF24.o
 .bss.dynamic_payloads_enabled
                0x00000000200001bb        0x1 ./Core/Src/AESK_NRF24.o
 .bss.wide_band
                0x00000000200001bc        0x1 ./Core/Src/AESK_NRF24.o
 *fill*         0x00000000200001bd        0x3 
 .bss.nrf24_PORT
                0x00000000200001c0        0x4 ./Core/Src/AESK_NRF24.o
 .bss.nrf24_CSN_PIN
                0x00000000200001c4        0x2 ./Core/Src/AESK_NRF24.o
 .bss.nrf24_CE_PIN
                0x00000000200001c6        0x2 ./Core/Src/AESK_NRF24.o
 .bss.nrf24_hspi
                0x00000000200001c8        0x4 ./Core/Src/AESK_NRF24.o
 .bss.j         0x00000000200001cc        0x4 ./Core/Src/main.o
                0x00000000200001cc                j
 .bss.BufferLength
                0x00000000200001d0        0x1 ./Core/Src/main.o
                0x00000000200001d0                BufferLength
 .bss.cfgidx.7828
                0x00000000200001d1        0x1 ./Middlewares/ST/STM32_USB_Device_Library/Core/Src/usbd_ctlreq.o
 *fill*         0x00000000200001d2        0x2 
 .bss.mem.7898  0x00000000200001d4      0x220 ./USB_DEVICE/Target/usbd_conf.o
 *(COMMON)
 *fill*         0x00000000200003f4        0x4 
 COMMON         0x00000000200003f8      0x220 ./Core/Src/AESK_NRF24.o
                0x00000000200003f8                aesk_nrf24_data
 COMMON         0x0000000020000618      0x1fc ./Core/Src/main.o
                0x0000000020000618                hspi1
                0x0000000020000670                aesk_Rx_Datas_Int
                0x00000000200006cc                MainBuffer
                0x00000000200007cc                aesk_Rx_Datas_Float
 COMMON         0x0000000020000814        0x4 ./Drivers/STM32F1xx_HAL_Driver/Src/stm32f1xx_hal.o
                0x0000000020000814                uwTick
 COMMON         0x0000000020000818      0x2c4 ./USB_DEVICE/App/usb_device.o
                0x0000000020000818                hUsbDeviceFS
 COMMON         0x0000000020000adc      0x7d0 ./USB_DEVICE/App/usbd_cdc_if.o
                0x0000000020000adc                UserRxBufferFS
                0x0000000020000ec4                UserTxBufferFS
 COMMON         0x00000000200012ac      0x200 ./USB_DEVICE/App/usbd_desc.o
                0x00000000200012ac                USBD_StrDesc
 COMMON         0x00000000200014ac      0x2ec ./USB_DEVICE/Target/usbd_conf.o
                0x00000000200014ac                hpcd_USB_FS
                0x0000000020001798                . = ALIGN (0x4)
                0x0000000020001798                _ebss = .
                0x0000000020001798                __bss_end__ = _ebss

._user_heap_stack
                0x0000000020001798      0x600 load address 0x0000000008008f88
                0x0000000020001798                . = ALIGN (0x8)
                [!provide]                        PROVIDE (end = .)
                0x0000000020001798                PROVIDE (_end = .)
                0x0000000020001998                . = (. + _Min_Heap_Size)
 *fill*         0x0000000020001798      0x200 
                0x0000000020001d98                . = (. + _Min_Stack_Size)
 *fill*         0x0000000020001998      0x400 
                0x0000000020001d98                . = ALIGN (0x8)

/DISCARD/
 libc.a(*)
 libm.a(*)
 libgcc.a(*)

.ARM.attributes
                0x0000000000000000       0x29
 *(.ARM.attributes)
 .ARM.attributes
                0x0000000000000000       0x1d d:/st/stm32cubeide_1.8.0/stm32cubeide/plugins/com.st.stm32cube.ide.mcu.externaltools.gnu-tools-for-stm32.9-2020-q2-update.win32_2.0.0.202105311346/tools/bin/../lib/gcc/arm-none-eabi/9.3.1/thumb/v7-m/nofp/crti.o
 .ARM.attributes
                0x000000000000001d       0x2d d:/st/stm32cubeide_1.8.0/stm32cubeide/plugins/com.st.stm32cube.ide.mcu.externaltools.gnu-tools-for-stm32.9-2020-q2-update.win32_2.0.0.202105311346/tools/bin/../lib/gcc/arm-none-eabi/9.3.1/thumb/v7-m/nofp/crtbegin.o
 .ARM.attributes
                0x000000000000004a       0x2d ./Core/Src/AESK_NRF24.o
 .ARM.attributes
                0x0000000000000077       0x2d ./Core/Src/main.o
 .ARM.attributes
                0x00000000000000a4       0x2d ./Core/Src/stm32f1xx_hal_msp.o
 .ARM.attributes
                0x00000000000000d1       0x2d ./Core/Src/stm32f1xx_it.o
 .ARM.attributes
                0x00000000000000fe       0x2d ./Core/Src/system_stm32f1xx.o
 .ARM.attributes
                0x000000000000012b       0x21 ./Core/Startup/startup_stm32f103c8tx.o
 .ARM.attributes
                0x000000000000014c       0x2d ./Drivers/STM32F1xx_HAL_Driver/Src/stm32f1xx_hal.o
 .ARM.attributes
                0x0000000000000179       0x2d ./Drivers/STM32F1xx_HAL_Driver/Src/stm32f1xx_hal_cortex.o
 .ARM.attributes
                0x00000000000001a6       0x2d ./Drivers/STM32F1xx_HAL_Driver/Src/stm32f1xx_hal_gpio.o
 .ARM.attributes
                0x00000000000001d3       0x2d ./Drivers/STM32F1xx_HAL_Driver/Src/stm32f1xx_hal_pcd.o
 .ARM.attributes
                0x0000000000000200       0x2d ./Drivers/STM32F1xx_HAL_Driver/Src/stm32f1xx_hal_pcd_ex.o
 .ARM.attributes
                0x000000000000022d       0x2d ./Drivers/STM32F1xx_HAL_Driver/Src/stm32f1xx_hal_rcc.o
 .ARM.attributes
                0x000000000000025a       0x2d ./Drivers/STM32F1xx_HAL_Driver/Src/stm32f1xx_hal_rcc_ex.o
 .ARM.attributes
                0x0000000000000287       0x2d ./Drivers/STM32F1xx_HAL_Driver/Src/stm32f1xx_hal_spi.o
 .ARM.attributes
                0x00000000000002b4       0x2d ./Drivers/STM32F1xx_HAL_Driver/Src/stm32f1xx_ll_usb.o
 .ARM.attributes
                0x00000000000002e1       0x2d ./Middlewares/ST/STM32_USB_Device_Library/Class/CDC/Src/usbd_cdc.o
 .ARM.attributes
                0x000000000000030e       0x2d ./Middlewares/ST/STM32_USB_Device_Library/Core/Src/usbd_core.o
 .ARM.attributes
                0x000000000000033b       0x2d ./Middlewares/ST/STM32_USB_Device_Library/Core/Src/usbd_ctlreq.o
 .ARM.attributes
                0x0000000000000368       0x2d ./Middlewares/ST/STM32_USB_Device_Library/Core/Src/usbd_ioreq.o
 .ARM.attributes
                0x0000000000000395       0x2d ./USB_DEVICE/App/usb_device.o
 .ARM.attributes
                0x00000000000003c2       0x2d ./USB_DEVICE/App/usbd_cdc_if.o
 .ARM.attributes
                0x00000000000003ef       0x2d ./USB_DEVICE/App/usbd_desc.o
 .ARM.attributes
                0x000000000000041c       0x2d ./USB_DEVICE/Target/usbd_conf.o
 .ARM.attributes
                0x0000000000000449       0x2d d:/st/stm32cubeide_1.8.0/stm32cubeide/plugins/com.st.stm32cube.ide.mcu.externaltools.gnu-tools-for-stm32.9-2020-q2-update.win32_2.0.0.202105311346/tools/bin/../lib/gcc/arm-none-eabi/9.3.1/../../../../arm-none-eabi/lib/thumb/v7-m/nofp\libc_nano.a(lib_a-init.o)
 .ARM.attributes
                0x0000000000000476       0x2d d:/st/stm32cubeide_1.8.0/stm32cubeide/plugins/com.st.stm32cube.ide.mcu.externaltools.gnu-tools-for-stm32.9-2020-q2-update.win32_2.0.0.202105311346/tools/bin/../lib/gcc/arm-none-eabi/9.3.1/../../../../arm-none-eabi/lib/thumb/v7-m/nofp\libc_nano.a(lib_a-memcpy-stub.o)
 .ARM.attributes
                0x00000000000004a3       0x2d d:/st/stm32cubeide_1.8.0/stm32cubeide/plugins/com.st.stm32cube.ide.mcu.externaltools.gnu-tools-for-stm32.9-2020-q2-update.win32_2.0.0.202105311346/tools/bin/../lib/gcc/arm-none-eabi/9.3.1/../../../../arm-none-eabi/lib/thumb/v7-m/nofp\libc_nano.a(lib_a-memset.o)
 .ARM.attributes
                0x00000000000004d0       0x1d d:/st/stm32cubeide_1.8.0/stm32cubeide/plugins/com.st.stm32cube.ide.mcu.externaltools.gnu-tools-for-stm32.9-2020-q2-update.win32_2.0.0.202105311346/tools/bin/../lib/gcc/arm-none-eabi/9.3.1/thumb/v7-m/nofp/crtn.o
OUTPUT(nRF_OnGCS.elf elf32-littlearm)
LOAD linker stubs
LOAD d:/st/stm32cubeide_1.8.0/stm32cubeide/plugins/com.st.stm32cube.ide.mcu.externaltools.gnu-tools-for-stm32.9-2020-q2-update.win32_2.0.0.202105311346/tools/bin/../lib/gcc/arm-none-eabi/9.3.1/../../../../arm-none-eabi/lib/thumb/v7-m/nofp\libc.a
LOAD d:/st/stm32cubeide_1.8.0/stm32cubeide/plugins/com.st.stm32cube.ide.mcu.externaltools.gnu-tools-for-stm32.9-2020-q2-update.win32_2.0.0.202105311346/tools/bin/../lib/gcc/arm-none-eabi/9.3.1/../../../../arm-none-eabi/lib/thumb/v7-m/nofp\libm.a
LOAD d:/st/stm32cubeide_1.8.0/stm32cubeide/plugins/com.st.stm32cube.ide.mcu.externaltools.gnu-tools-for-stm32.9-2020-q2-update.win32_2.0.0.202105311346/tools/bin/../lib/gcc/arm-none-eabi/9.3.1/thumb/v7-m/nofp\libgcc.a

.debug_info     0x0000000000000000    0x16368
 .debug_info    0x0000000000000000     0x1f0b ./Core/Src/AESK_NRF24.o
 .debug_info    0x0000000000001f0b     0x1f34 ./Core/Src/main.o
 .debug_info    0x0000000000003e3f      0x91f ./Core/Src/stm32f1xx_hal_msp.o
 .debug_info    0x000000000000475e      0x725 ./Core/Src/stm32f1xx_it.o
 .debug_info    0x0000000000004e83      0x2be ./Core/Src/system_stm32f1xx.o
 .debug_info    0x0000000000005141       0x22 ./Core/Startup/startup_stm32f103c8tx.o
 .debug_info    0x0000000000005163      0x76a ./Drivers/STM32F1xx_HAL_Driver/Src/stm32f1xx_hal.o
 .debug_info    0x00000000000058cd      0xbdc ./Drivers/STM32F1xx_HAL_Driver/Src/stm32f1xx_hal_cortex.o
 .debug_info    0x00000000000064a9      0x701 ./Drivers/STM32F1xx_HAL_Driver/Src/stm32f1xx_hal_gpio.o
 .debug_info    0x0000000000006baa     0x1509 ./Drivers/STM32F1xx_HAL_Driver/Src/stm32f1xx_hal_pcd.o
 .debug_info    0x00000000000080b3      0x7fc ./Drivers/STM32F1xx_HAL_Driver/Src/stm32f1xx_hal_pcd_ex.o
 .debug_info    0x00000000000088af      0x88e ./Drivers/STM32F1xx_HAL_Driver/Src/stm32f1xx_hal_rcc.o
 .debug_info    0x000000000000913d      0x480 ./Drivers/STM32F1xx_HAL_Driver/Src/stm32f1xx_hal_rcc_ex.o
 .debug_info    0x00000000000095bd     0x16bf ./Drivers/STM32F1xx_HAL_Driver/Src/stm32f1xx_hal_spi.o
 .debug_info    0x000000000000ac7c     0x19e6 ./Drivers/STM32F1xx_HAL_Driver/Src/stm32f1xx_ll_usb.o
 .debug_info    0x000000000000c662     0x193a ./Middlewares/ST/STM32_USB_Device_Library/Class/CDC/Src/usbd_cdc.o
 .debug_info    0x000000000000df9c     0x12ef ./Middlewares/ST/STM32_USB_Device_Library/Core/Src/usbd_core.o
 .debug_info    0x000000000000f28b     0x125c ./Middlewares/ST/STM32_USB_Device_Library/Core/Src/usbd_ctlreq.o
 .debug_info    0x00000000000104e7     0x102e ./Middlewares/ST/STM32_USB_Device_Library/Core/Src/usbd_ioreq.o
 .debug_info    0x0000000000011515      0xf6b ./USB_DEVICE/App/usb_device.o
 .debug_info    0x0000000000012480     0x1178 ./USB_DEVICE/App/usbd_cdc_if.o
 .debug_info    0x00000000000135f8      0xde8 ./USB_DEVICE/App/usbd_desc.o
 .debug_info    0x00000000000143e0     0x1f88 ./USB_DEVICE/Target/usbd_conf.o

.debug_abbrev   0x0000000000000000     0x3469
 .debug_abbrev  0x0000000000000000      0x3e7 ./Core/Src/AESK_NRF24.o
 .debug_abbrev  0x00000000000003e7      0x337 ./Core/Src/main.o
 .debug_abbrev  0x000000000000071e      0x1ac ./Core/Src/stm32f1xx_hal_msp.o
 .debug_abbrev  0x00000000000008ca      0x173 ./Core/Src/stm32f1xx_it.o
 .debug_abbrev  0x0000000000000a3d      0x14e ./Core/Src/system_stm32f1xx.o
 .debug_abbrev  0x0000000000000b8b       0x12 ./Core/Startup/startup_stm32f103c8tx.o
 .debug_abbrev  0x0000000000000b9d      0x1ed ./Drivers/STM32F1xx_HAL_Driver/Src/stm32f1xx_hal.o
 .debug_abbrev  0x0000000000000d8a      0x313 ./Drivers/STM32F1xx_HAL_Driver/Src/stm32f1xx_hal_cortex.o
 .debug_abbrev  0x000000000000109d      0x1e8 ./Drivers/STM32F1xx_HAL_Driver/Src/stm32f1xx_hal_gpio.o
 .debug_abbrev  0x0000000000001285      0x29e ./Drivers/STM32F1xx_HAL_Driver/Src/stm32f1xx_hal_pcd.o
 .debug_abbrev  0x0000000000001523      0x1ac ./Drivers/STM32F1xx_HAL_Driver/Src/stm32f1xx_hal_pcd_ex.o
 .debug_abbrev  0x00000000000016cf      0x273 ./Drivers/STM32F1xx_HAL_Driver/Src/stm32f1xx_hal_rcc.o
 .debug_abbrev  0x0000000000001942      0x193 ./Drivers/STM32F1xx_HAL_Driver/Src/stm32f1xx_hal_rcc_ex.o
 .debug_abbrev  0x0000000000001ad5      0x26e ./Drivers/STM32F1xx_HAL_Driver/Src/stm32f1xx_hal_spi.o
 .debug_abbrev  0x0000000000001d43      0x1fa ./Drivers/STM32F1xx_HAL_Driver/Src/stm32f1xx_ll_usb.o
 .debug_abbrev  0x0000000000001f3d      0x2f6 ./Middlewares/ST/STM32_USB_Device_Library/Class/CDC/Src/usbd_cdc.o
 .debug_abbrev  0x0000000000002233      0x2a8 ./Middlewares/ST/STM32_USB_Device_Library/Core/Src/usbd_core.o
 .debug_abbrev  0x00000000000024db      0x2de ./Middlewares/ST/STM32_USB_Device_Library/Core/Src/usbd_ctlreq.o
 .debug_abbrev  0x00000000000027b9      0x20a ./Middlewares/ST/STM32_USB_Device_Library/Core/Src/usbd_ioreq.o
 .debug_abbrev  0x00000000000029c3      0x1e4 ./USB_DEVICE/App/usb_device.o
 .debug_abbrev  0x0000000000002ba7      0x2db ./USB_DEVICE/App/usbd_cdc_if.o
 .debug_abbrev  0x0000000000002e82      0x2ca ./USB_DEVICE/App/usbd_desc.o
 .debug_abbrev  0x000000000000314c      0x31d ./USB_DEVICE/Target/usbd_conf.o

.debug_aranges  0x0000000000000000      0xe48
 .debug_aranges
                0x0000000000000000      0x1d8 ./Core/Src/AESK_NRF24.o
 .debug_aranges
                0x00000000000001d8       0x58 ./Core/Src/main.o
 .debug_aranges
                0x0000000000000230       0x30 ./Core/Src/stm32f1xx_hal_msp.o
 .debug_aranges
                0x0000000000000260       0x70 ./Core/Src/stm32f1xx_it.o
 .debug_aranges
                0x00000000000002d0       0x28 ./Core/Src/system_stm32f1xx.o
 .debug_aranges
                0x00000000000002f8       0x28 ./Core/Startup/startup_stm32f103c8tx.o
 .debug_aranges
                0x0000000000000320       0xe0 ./Drivers/STM32F1xx_HAL_Driver/Src/stm32f1xx_hal.o
 .debug_aranges
                0x0000000000000400      0x100 ./Drivers/STM32F1xx_HAL_Driver/Src/stm32f1xx_hal_cortex.o
 .debug_aranges
                0x0000000000000500       0x58 ./Drivers/STM32F1xx_HAL_Driver/Src/stm32f1xx_hal_gpio.o
 .debug_aranges
                0x0000000000000558      0x138 ./Drivers/STM32F1xx_HAL_Driver/Src/stm32f1xx_hal_pcd.o
 .debug_aranges
                0x0000000000000690       0x38 ./Drivers/STM32F1xx_HAL_Driver/Src/stm32f1xx_hal_pcd_ex.o
 .debug_aranges
                0x00000000000006c8       0x90 ./Drivers/STM32F1xx_HAL_Driver/Src/stm32f1xx_hal_rcc.o
 .debug_aranges
                0x0000000000000758       0x30 ./Drivers/STM32F1xx_HAL_Driver/Src/stm32f1xx_hal_rcc_ex.o
 .debug_aranges
                0x0000000000000788      0x1d0 ./Drivers/STM32F1xx_HAL_Driver/Src/stm32f1xx_hal_spi.o
 .debug_aranges
                0x0000000000000958       0xf0 ./Drivers/STM32F1xx_HAL_Driver/Src/stm32f1xx_ll_usb.o
 .debug_aranges
                0x0000000000000a48       0x90 ./Middlewares/ST/STM32_USB_Device_Library/Class/CDC/Src/usbd_cdc.o
 .debug_aranges
                0x0000000000000ad8       0xb8 ./Middlewares/ST/STM32_USB_Device_Library/Core/Src/usbd_core.o
 .debug_aranges
                0x0000000000000b90       0x88 ./Middlewares/ST/STM32_USB_Device_Library/Core/Src/usbd_ctlreq.o
 .debug_aranges
                0x0000000000000c18       0x50 ./Middlewares/ST/STM32_USB_Device_Library/Core/Src/usbd_ioreq.o
 .debug_aranges
                0x0000000000000c68       0x20 ./USB_DEVICE/App/usb_device.o
 .debug_aranges
                0x0000000000000c88       0x48 ./USB_DEVICE/App/usbd_cdc_if.o
 .debug_aranges
                0x0000000000000cd0       0x60 ./USB_DEVICE/App/usbd_desc.o
 .debug_aranges
                0x0000000000000d30      0x118 ./USB_DEVICE/Target/usbd_conf.o

.debug_ranges   0x0000000000000000      0xce0
 .debug_ranges  0x0000000000000000      0x1c8 ./Core/Src/AESK_NRF24.o
 .debug_ranges  0x00000000000001c8       0x48 ./Core/Src/main.o
 .debug_ranges  0x0000000000000210       0x20 ./Core/Src/stm32f1xx_hal_msp.o
 .debug_ranges  0x0000000000000230       0x60 ./Core/Src/stm32f1xx_it.o
 .debug_ranges  0x0000000000000290       0x18 ./Core/Src/system_stm32f1xx.o
 .debug_ranges  0x00000000000002a8       0x20 ./Core/Startup/startup_stm32f103c8tx.o
 .debug_ranges  0x00000000000002c8       0xd0 ./Drivers/STM32F1xx_HAL_Driver/Src/stm32f1xx_hal.o
 .debug_ranges  0x0000000000000398       0xf0 ./Drivers/STM32F1xx_HAL_Driver/Src/stm32f1xx_hal_cortex.o
 .debug_ranges  0x0000000000000488       0x48 ./Drivers/STM32F1xx_HAL_Driver/Src/stm32f1xx_hal_gpio.o
 .debug_ranges  0x00000000000004d0      0x128 ./Drivers/STM32F1xx_HAL_Driver/Src/stm32f1xx_hal_pcd.o
 .debug_ranges  0x00000000000005f8       0x28 ./Drivers/STM32F1xx_HAL_Driver/Src/stm32f1xx_hal_pcd_ex.o
 .debug_ranges  0x0000000000000620       0x80 ./Drivers/STM32F1xx_HAL_Driver/Src/stm32f1xx_hal_rcc.o
 .debug_ranges  0x00000000000006a0       0x20 ./Drivers/STM32F1xx_HAL_Driver/Src/stm32f1xx_hal_rcc_ex.o
 .debug_ranges  0x00000000000006c0      0x1c0 ./Drivers/STM32F1xx_HAL_Driver/Src/stm32f1xx_hal_spi.o
 .debug_ranges  0x0000000000000880       0xe0 ./Drivers/STM32F1xx_HAL_Driver/Src/stm32f1xx_ll_usb.o
 .debug_ranges  0x0000000000000960       0x80 ./Middlewares/ST/STM32_USB_Device_Library/Class/CDC/Src/usbd_cdc.o
 .debug_ranges  0x00000000000009e0       0xa8 ./Middlewares/ST/STM32_USB_Device_Library/Core/Src/usbd_core.o
 .debug_ranges  0x0000000000000a88       0x78 ./Middlewares/ST/STM32_USB_Device_Library/Core/Src/usbd_ctlreq.o
 .debug_ranges  0x0000000000000b00       0x40 ./Middlewares/ST/STM32_USB_Device_Library/Core/Src/usbd_ioreq.o
 .debug_ranges  0x0000000000000b40       0x10 ./USB_DEVICE/App/usb_device.o
 .debug_ranges  0x0000000000000b50       0x38 ./USB_DEVICE/App/usbd_cdc_if.o
 .debug_ranges  0x0000000000000b88       0x50 ./USB_DEVICE/App/usbd_desc.o
 .debug_ranges  0x0000000000000bd8      0x108 ./USB_DEVICE/Target/usbd_conf.o

.debug_macro    0x0000000000000000     0x50c0
 .debug_macro   0x0000000000000000      0x2fe ./Core/Src/AESK_NRF24.o
 .debug_macro   0x00000000000002fe      0x226 ./Core/Src/AESK_NRF24.o
 .debug_macro   0x0000000000000524       0x18 ./Core/Src/AESK_NRF24.o
 .debug_macro   0x000000000000053c       0x52 ./Core/Src/AESK_NRF24.o
 .debug_macro   0x000000000000058e       0x3c ./Core/Src/AESK_NRF24.o
 .debug_macro   0x00000000000005ca       0x34 ./Core/Src/AESK_NRF24.o
 .debug_macro   0x00000000000005fe       0x16 ./Core/Src/AESK_NRF24.o
 .debug_macro   0x0000000000000614       0x35 ./Core/Src/AESK_NRF24.o
 .debug_macro   0x0000000000000649       0x16 ./Core/Src/AESK_NRF24.o
 .debug_macro   0x000000000000065f       0x43 ./Core/Src/AESK_NRF24.o
 .debug_macro   0x00000000000006a2       0x34 ./Core/Src/AESK_NRF24.o
 .debug_macro   0x00000000000006d6       0x10 ./Core/Src/AESK_NRF24.o
 .debug_macro   0x00000000000006e6       0x58 ./Core/Src/AESK_NRF24.o
 .debug_macro   0x000000000000073e       0x71 ./Core/Src/AESK_NRF24.o
 .debug_macro   0x00000000000007af       0x1c ./Core/Src/AESK_NRF24.o
 .debug_macro   0x00000000000007cb      0x12a ./Core/Src/AESK_NRF24.o
 .debug_macro   0x00000000000008f5      0x333 ./Core/Src/AESK_NRF24.o
 .debug_macro   0x0000000000000c28       0x16 ./Core/Src/AESK_NRF24.o
 .debug_macro   0x0000000000000c3e       0x29 ./Core/Src/AESK_NRF24.o
 .debug_macro   0x0000000000000c67       0x22 ./Core/Src/AESK_NRF24.o
 .debug_macro   0x0000000000000c89       0x16 ./Core/Src/AESK_NRF24.o
 .debug_macro   0x0000000000000c9f       0x20 ./Core/Src/AESK_NRF24.o
 .debug_macro   0x0000000000000cbf       0x1c ./Core/Src/AESK_NRF24.o
 .debug_macro   0x0000000000000cdb      0x437 ./Core/Src/main.o
 .debug_macro   0x0000000000001112       0x3a ./Core/Src/main.o
 .debug_macro   0x000000000000114c       0x16 ./Core/Src/main.o
 .debug_macro   0x0000000000001162       0x10 ./Core/Src/main.o
 .debug_macro   0x0000000000001172       0x10 ./Core/Src/main.o
 .debug_macro   0x0000000000001182       0x1c ./Core/Src/main.o
 .debug_macro   0x000000000000119e       0x52 ./Core/Src/main.o
 .debug_macro   0x00000000000011f0       0x22 ./Core/Src/main.o
 .debug_macro   0x0000000000001212       0x10 ./Core/Src/main.o
 .debug_macro   0x0000000000001222       0x40 ./Core/Src/main.o
 .debug_macro   0x0000000000001262       0xd5 ./Core/Src/main.o
 .debug_macro   0x0000000000001337       0x1c ./Core/Src/main.o
 .debug_macro   0x0000000000001353       0x3d ./Core/Src/main.o
 .debug_macro   0x0000000000001390       0x16 ./Core/Src/main.o
 .debug_macro   0x00000000000013a6      0x145 ./Core/Src/main.o
 .debug_macro   0x00000000000014eb       0x60 ./Core/Src/main.o
 .debug_macro   0x000000000000154b      0x1c8 ./Core/Src/main.o
 .debug_macro   0x0000000000001713       0x8f ./Core/Src/main.o
 .debug_macro   0x00000000000017a2       0x10 ./Core/Src/main.o
 .debug_macro   0x00000000000017b2      0x1c1 ./Core/Src/stm32f1xx_hal_msp.o
 .debug_macro   0x0000000000001973      0x1cb ./Core/Src/stm32f1xx_it.o
 .debug_macro   0x0000000000001b3e      0x1b2 ./Core/Src/system_stm32f1xx.o
 .debug_macro   0x0000000000001cf0      0x1d6 ./Drivers/STM32F1xx_HAL_Driver/Src/stm32f1xx_hal.o
 .debug_macro   0x0000000000001ec6      0x1b2 ./Drivers/STM32F1xx_HAL_Driver/Src/stm32f1xx_hal_cortex.o
 .debug_macro   0x0000000000002078      0x21d ./Drivers/STM32F1xx_HAL_Driver/Src/stm32f1xx_hal_gpio.o
 .debug_macro   0x0000000000002295      0x1be ./Drivers/STM32F1xx_HAL_Driver/Src/stm32f1xx_hal_pcd.o
 .debug_macro   0x0000000000002453      0x1b2 ./Drivers/STM32F1xx_HAL_Driver/Src/stm32f1xx_hal_pcd_ex.o
 .debug_macro   0x0000000000002605      0x1c4 ./Drivers/STM32F1xx_HAL_Driver/Src/stm32f1xx_hal_rcc.o
 .debug_macro   0x00000000000027c9      0x1b2 ./Drivers/STM32F1xx_HAL_Driver/Src/stm32f1xx_hal_rcc_ex.o
 .debug_macro   0x000000000000297b      0x1ba ./Drivers/STM32F1xx_HAL_Driver/Src/stm32f1xx_hal_spi.o
 .debug_macro   0x0000000000002b35      0x1b2 ./Drivers/STM32F1xx_HAL_Driver/Src/stm32f1xx_ll_usb.o
 .debug_macro   0x0000000000002ce7      0x3d7 ./Middlewares/ST/STM32_USB_Device_Library/Class/CDC/Src/usbd_cdc.o
 .debug_macro   0x00000000000030be       0x97 ./Middlewares/ST/STM32_USB_Device_Library/Class/CDC/Src/usbd_cdc.o
 .debug_macro   0x0000000000003155       0xfd ./Middlewares/ST/STM32_USB_Device_Library/Class/CDC/Src/usbd_cdc.o
 .debug_macro   0x0000000000003252       0xbd ./Middlewares/ST/STM32_USB_Device_Library/Class/CDC/Src/usbd_cdc.o
 .debug_macro   0x000000000000330f       0x56 ./Middlewares/ST/STM32_USB_Device_Library/Class/CDC/Src/usbd_cdc.o
 .debug_macro   0x0000000000003365      0x3be ./Middlewares/ST/STM32_USB_Device_Library/Core/Src/usbd_core.o
 .debug_macro   0x0000000000003723      0x1ce ./Middlewares/ST/STM32_USB_Device_Library/Core/Src/usbd_core.o
 .debug_macro   0x00000000000038f1      0x3c8 ./Middlewares/ST/STM32_USB_Device_Library/Core/Src/usbd_ctlreq.o
 .debug_macro   0x0000000000003cb9      0x3c4 ./Middlewares/ST/STM32_USB_Device_Library/Core/Src/usbd_ioreq.o
 .debug_macro   0x000000000000407d      0x3f7 ./USB_DEVICE/App/usb_device.o
 .debug_macro   0x0000000000004474       0x40 ./USB_DEVICE/App/usb_device.o
 .debug_macro   0x00000000000044b4       0x22 ./USB_DEVICE/App/usb_device.o
 .debug_macro   0x00000000000044d6       0x16 ./USB_DEVICE/App/usb_device.o
 .debug_macro   0x00000000000044ec      0x3e2 ./USB_DEVICE/App/usbd_cdc_if.o
 .debug_macro   0x00000000000048ce      0x3fb ./USB_DEVICE/App/usbd_desc.o
 .debug_macro   0x0000000000004cc9       0x1c ./USB_DEVICE/App/usbd_desc.o
 .debug_macro   0x0000000000004ce5      0x3db ./USB_DEVICE/Target/usbd_conf.o

.debug_line     0x0000000000000000    0x10f4c
 .debug_line    0x0000000000000000     0x11b3 ./Core/Src/AESK_NRF24.o
 .debug_line    0x00000000000011b3      0xbc2 ./Core/Src/main.o
 .debug_line    0x0000000000001d75      0x6e6 ./Core/Src/stm32f1xx_hal_msp.o
 .debug_line    0x000000000000245b      0x784 ./Core/Src/stm32f1xx_it.o
 .debug_line    0x0000000000002bdf      0x710 ./Core/Src/system_stm32f1xx.o
 .debug_line    0x00000000000032ef       0x87 ./Core/Startup/startup_stm32f103c8tx.o
 .debug_line    0x0000000000003376      0x93d ./Drivers/STM32F1xx_HAL_Driver/Src/stm32f1xx_hal.o
 .debug_line    0x0000000000003cb3      0xb25 ./Drivers/STM32F1xx_HAL_Driver/Src/stm32f1xx_hal_cortex.o
 .debug_line    0x00000000000047d8      0x9d4 ./Drivers/STM32F1xx_HAL_Driver/Src/stm32f1xx_hal_gpio.o
 .debug_line    0x00000000000051ac     0x132b ./Drivers/STM32F1xx_HAL_Driver/Src/stm32f1xx_hal_pcd.o
 .debug_line    0x00000000000064d7      0x70b ./Drivers/STM32F1xx_HAL_Driver/Src/stm32f1xx_hal_pcd_ex.o
 .debug_line    0x0000000000006be2      0xd4b ./Drivers/STM32F1xx_HAL_Driver/Src/stm32f1xx_hal_rcc.o
 .debug_line    0x000000000000792d      0x889 ./Drivers/STM32F1xx_HAL_Driver/Src/stm32f1xx_hal_rcc_ex.o
 .debug_line    0x00000000000081b6     0x1bc2 ./Drivers/STM32F1xx_HAL_Driver/Src/stm32f1xx_hal_spi.o
 .debug_line    0x0000000000009d78     0x1045 ./Drivers/STM32F1xx_HAL_Driver/Src/stm32f1xx_ll_usb.o
 .debug_line    0x000000000000adbd      0xd1f ./Middlewares/ST/STM32_USB_Device_Library/Class/CDC/Src/usbd_cdc.o
 .debug_line    0x000000000000badc      0xd9f ./Middlewares/ST/STM32_USB_Device_Library/Core/Src/usbd_core.o
 .debug_line    0x000000000000c87b      0xfbe ./Middlewares/ST/STM32_USB_Device_Library/Core/Src/usbd_ctlreq.o
 .debug_line    0x000000000000d839      0xa35 ./Middlewares/ST/STM32_USB_Device_Library/Core/Src/usbd_ioreq.o
 .debug_line    0x000000000000e26e      0x9f5 ./USB_DEVICE/App/usb_device.o
 .debug_line    0x000000000000ec63      0xa51 ./USB_DEVICE/App/usbd_cdc_if.o
 .debug_line    0x000000000000f6b4      0xabe ./USB_DEVICE/App/usbd_desc.o
 .debug_line    0x0000000000010172      0xdda ./USB_DEVICE/Target/usbd_conf.o

.debug_str      0x0000000000000000    0x87b9b
 .debug_str     0x0000000000000000    0x82c23 ./Core/Src/AESK_NRF24.o
                                      0x8311b (size before relaxing)
 .debug_str     0x0000000000082c23     0x2652 ./Core/Src/main.o
                                      0x85051 (size before relaxing)
 .debug_str     0x0000000000085275       0x7c ./Core/Src/stm32f1xx_hal_msp.o
                                      0x7eeb2 (size before relaxing)
 .debug_str     0x00000000000852f1      0x3b3 ./Core/Src/stm32f1xx_it.o
                                      0x7ee3f (size before relaxing)
 .debug_str     0x00000000000856a4       0x52 ./Core/Src/system_stm32f1xx.o
                                      0x7e99f (size before relaxing)
 .debug_str     0x00000000000856f6       0x36 ./Core/Startup/startup_stm32f103c8tx.o
                                         0x6e (size before relaxing)
 .debug_str     0x000000000008572c      0x2f0 ./Drivers/STM32F1xx_HAL_Driver/Src/stm32f1xx_hal.o
                                      0x7f030 (size before relaxing)
 .debug_str     0x0000000000085a1c      0x2d8 ./Drivers/STM32F1xx_HAL_Driver/Src/stm32f1xx_hal_cortex.o
                                      0x7f038 (size before relaxing)
 .debug_str     0x0000000000085cf4      0x304 ./Drivers/STM32F1xx_HAL_Driver/Src/stm32f1xx_hal_gpio.o
                                      0x7ed63 (size before relaxing)
 .debug_str     0x0000000000085ff8      0x3e0 ./Drivers/STM32F1xx_HAL_Driver/Src/stm32f1xx_hal_pcd.o
                                      0x7f0f2 (size before relaxing)
 .debug_str     0x00000000000863d8      0x18d ./Drivers/STM32F1xx_HAL_Driver/Src/stm32f1xx_hal_pcd_ex.o
                                      0x7ee3f (size before relaxing)
 .debug_str     0x0000000000086565      0x24f ./Drivers/STM32F1xx_HAL_Driver/Src/stm32f1xx_hal_rcc.o
                                      0x7ed9c (size before relaxing)
 .debug_str     0x00000000000867b4       0xb9 ./Drivers/STM32F1xx_HAL_Driver/Src/stm32f1xx_hal_rcc_ex.o
                                      0x7eb29 (size before relaxing)
 .debug_str     0x000000000008686d      0x548 ./Drivers/STM32F1xx_HAL_Driver/Src/stm32f1xx_hal_spi.o
                                      0x7f2ab (size before relaxing)
 .debug_str     0x0000000000086db5      0x2ad ./Drivers/STM32F1xx_HAL_Driver/Src/stm32f1xx_ll_usb.o
                                      0x7ee72 (size before relaxing)
 .debug_str     0x0000000000087062      0x293 ./Middlewares/ST/STM32_USB_Device_Library/Class/CDC/Src/usbd_cdc.o
                                      0x8427d (size before relaxing)
 .debug_str     0x00000000000872f5      0x1b5 ./Middlewares/ST/STM32_USB_Device_Library/Core/Src/usbd_core.o
                                      0x83b78 (size before relaxing)
 .debug_str     0x00000000000874aa      0x134 ./Middlewares/ST/STM32_USB_Device_Library/Core/Src/usbd_ctlreq.o
                                      0x83afe (size before relaxing)
 .debug_str     0x00000000000875de       0xc9 ./Middlewares/ST/STM32_USB_Device_Library/Core/Src/usbd_ioreq.o
                                      0x83a86 (size before relaxing)
 .debug_str     0x00000000000876a7       0xc2 ./USB_DEVICE/App/usb_device.o
                                      0x83ded (size before relaxing)
 .debug_str     0x0000000000087769       0x86 ./USB_DEVICE/App/usbd_cdc_if.o
                                      0x83e39 (size before relaxing)
 .debug_str     0x00000000000877ef      0x258 ./USB_DEVICE/App/usbd_desc.o
                                      0x839f1 (size before relaxing)
 .debug_str     0x0000000000087a47      0x154 ./USB_DEVICE/Target/usbd_conf.o
                                      0x846a3 (size before relaxing)

.comment        0x0000000000000000       0x53
 .comment       0x0000000000000000       0x53 ./Core/Src/AESK_NRF24.o
                                         0x54 (size before relaxing)
 .comment       0x0000000000000053       0x54 ./Core/Src/main.o
 .comment       0x0000000000000053       0x54 ./Core/Src/stm32f1xx_hal_msp.o
 .comment       0x0000000000000053       0x54 ./Core/Src/stm32f1xx_it.o
 .comment       0x0000000000000053       0x54 ./Core/Src/system_stm32f1xx.o
 .comment       0x0000000000000053       0x54 ./Drivers/STM32F1xx_HAL_Driver/Src/stm32f1xx_hal.o
 .comment       0x0000000000000053       0x54 ./Drivers/STM32F1xx_HAL_Driver/Src/stm32f1xx_hal_cortex.o
 .comment       0x0000000000000053       0x54 ./Drivers/STM32F1xx_HAL_Driver/Src/stm32f1xx_hal_gpio.o
 .comment       0x0000000000000053       0x54 ./Drivers/STM32F1xx_HAL_Driver/Src/stm32f1xx_hal_pcd.o
 .comment       0x0000000000000053       0x54 ./Drivers/STM32F1xx_HAL_Driver/Src/stm32f1xx_hal_pcd_ex.o
 .comment       0x0000000000000053       0x54 ./Drivers/STM32F1xx_HAL_Driver/Src/stm32f1xx_hal_rcc.o
 .comment       0x0000000000000053       0x54 ./Drivers/STM32F1xx_HAL_Driver/Src/stm32f1xx_hal_rcc_ex.o
 .comment       0x0000000000000053       0x54 ./Drivers/STM32F1xx_HAL_Driver/Src/stm32f1xx_hal_spi.o
 .comment       0x0000000000000053       0x54 ./Drivers/STM32F1xx_HAL_Driver/Src/stm32f1xx_ll_usb.o
 .comment       0x0000000000000053       0x54 ./Middlewares/ST/STM32_USB_Device_Library/Class/CDC/Src/usbd_cdc.o
 .comment       0x0000000000000053       0x54 ./Middlewares/ST/STM32_USB_Device_Library/Core/Src/usbd_core.o
 .comment       0x0000000000000053       0x54 ./Middlewares/ST/STM32_USB_Device_Library/Core/Src/usbd_ctlreq.o
 .comment       0x0000000000000053       0x54 ./Middlewares/ST/STM32_USB_Device_Library/Core/Src/usbd_ioreq.o
 .comment       0x0000000000000053       0x54 ./USB_DEVICE/App/usb_device.o
 .comment       0x0000000000000053       0x54 ./USB_DEVICE/App/usbd_cdc_if.o
 .comment       0x0000000000000053       0x54 ./USB_DEVICE/App/usbd_desc.o
 .comment       0x0000000000000053       0x54 ./USB_DEVICE/Target/usbd_conf.o

.debug_frame    0x0000000000000000     0x3888
 .debug_frame   0x0000000000000000      0x784 ./Core/Src/AESK_NRF24.o
 .debug_frame   0x0000000000000784      0x118 ./Core/Src/main.o
 .debug_frame   0x000000000000089c       0x80 ./Core/Src/stm32f1xx_hal_msp.o
 .debug_frame   0x000000000000091c      0x13c ./Core/Src/stm32f1xx_it.o
 .debug_frame   0x0000000000000a58       0x58 ./Core/Src/system_stm32f1xx.o
 .debug_frame   0x0000000000000ab0      0x334 ./Drivers/STM32F1xx_HAL_Driver/Src/stm32f1xx_hal.o
 .debug_frame   0x0000000000000de4      0x428 ./Drivers/STM32F1xx_HAL_Driver/Src/stm32f1xx_hal_cortex.o
 .debug_frame   0x000000000000120c      0x14c ./Drivers/STM32F1xx_HAL_Driver/Src/stm32f1xx_hal_gpio.o
 .debug_frame   0x0000000000001358      0x578 ./Drivers/STM32F1xx_HAL_Driver/Src/stm32f1xx_hal_pcd.o
 .debug_frame   0x00000000000018d0       0xb0 ./Drivers/STM32F1xx_HAL_Driver/Src/stm32f1xx_hal_pcd_ex.o
 .debug_frame   0x0000000000001980      0x21c ./Drivers/STM32F1xx_HAL_Driver/Src/stm32f1xx_hal_rcc.o
 .debug_frame   0x0000000000001b9c       0x84 ./Drivers/STM32F1xx_HAL_Driver/Src/stm32f1xx_hal_rcc_ex.o
 .debug_frame   0x0000000000001c20      0x824 ./Drivers/STM32F1xx_HAL_Driver/Src/stm32f1xx_hal_spi.o
 .debug_frame   0x0000000000002444      0x450 ./Drivers/STM32F1xx_HAL_Driver/Src/stm32f1xx_ll_usb.o
 .debug_frame   0x0000000000002894      0x248 ./Middlewares/ST/STM32_USB_Device_Library/Class/CDC/Src/usbd_cdc.o
 .debug_frame   0x0000000000002adc      0x300 ./Middlewares/ST/STM32_USB_Device_Library/Core/Src/usbd_core.o
 .debug_frame   0x0000000000002ddc      0x218 ./Middlewares/ST/STM32_USB_Device_Library/Core/Src/usbd_ctlreq.o
 .debug_frame   0x0000000000002ff4      0x10c ./Middlewares/ST/STM32_USB_Device_Library/Core/Src/usbd_ioreq.o
 .debug_frame   0x0000000000003100       0x2c ./USB_DEVICE/App/usb_device.o
 .debug_frame   0x000000000000312c       0xe4 ./USB_DEVICE/App/usbd_cdc_if.o
 .debug_frame   0x0000000000003210      0x160 ./USB_DEVICE/App/usbd_desc.o
 .debug_frame   0x0000000000003370      0x4a4 ./USB_DEVICE/Target/usbd_conf.o
 .debug_frame   0x0000000000003814       0x2c d:/st/stm32cubeide_1.8.0/stm32cubeide/plugins/com.st.stm32cube.ide.mcu.externaltools.gnu-tools-for-stm32.9-2020-q2-update.win32_2.0.0.202105311346/tools/bin/../lib/gcc/arm-none-eabi/9.3.1/../../../../arm-none-eabi/lib/thumb/v7-m/nofp\libc_nano.a(lib_a-init.o)
 .debug_frame   0x0000000000003840       0x28 d:/st/stm32cubeide_1.8.0/stm32cubeide/plugins/com.st.stm32cube.ide.mcu.externaltools.gnu-tools-for-stm32.9-2020-q2-update.win32_2.0.0.202105311346/tools/bin/../lib/gcc/arm-none-eabi/9.3.1/../../../../arm-none-eabi/lib/thumb/v7-m/nofp\libc_nano.a(lib_a-memcpy-stub.o)
 .debug_frame   0x0000000000003868       0x20 d:/st/stm32cubeide_1.8.0/stm32cubeide/plugins/com.st.stm32cube.ide.mcu.externaltools.gnu-tools-for-stm32.9-2020-q2-update.win32_2.0.0.202105311346/tools/bin/../lib/gcc/arm-none-eabi/9.3.1/../../../../arm-none-eabi/lib/thumb/v7-m/nofp\libc_nano.a(lib_a-memset.o)