AESK_Data_Pack_lib.c:33:6:AESK_UINT16toUINT8_LE	24	static
AESK_Data_Pack_lib.c:56:6:AESK_UINT16toUINT8_BE	24	static
AESK_Data_Pack_lib.c:79:6:AESK_INT16toUINT8_LE	24	static
AESK_Data_Pack_lib.c:102:6:AESK_INT16toUINT8_BE	24	static
AESK_Data_Pack_lib.c:129:6:AESK_UINT32toUINT8_LE	24	static
AESK_Data_Pack_lib.c:155:6:AESK_UINT32toUINT8_BE	24	static
AESK_Data_Pack_lib.c:184:6:AESK_INT32toUINT8_LE	24	static
AESK_Data_Pack_lib.c:210:6:AESK_INT32toUINT8_BE	24	static
AESK_Data_Pack_lib.c:224:6:AESK_FLOAT32toUINT8_LE	24	static
AESK_Data_Pack_lib.c:234:6:AESK_FLOAT32toUINT8_BE	24	static
AESK_Data_Pack_lib.c:246:6:AESK_FLOAT64toUINT8_LE	24	static
AESK_Data_Pack_lib.c:260:6:AESK_FLOAT64toUINT8_BE	24	static
AESK_Data_Pack_lib.c:278:6:AESK_UINT8toUINT8CODE	24	static
AESK_Data_Pack_lib.c:285:6:AESK_INT8toUINT8CODE	24	static
AESK_Data_Pack_lib.c:312:6:AESK_UINT8toINT16_LE	24	static
AESK_Data_Pack_lib.c:336:6:AESK_UINT8toINT16_BE	24	static
AESK_Data_Pack_lib.c:363:6:AESK_UINT8toUINT16_LE	24	static
AESK_Data_Pack_lib.c:385:6:AESK_UINT8toUINT16_BE	24	static
AESK_Data_Pack_lib.c:396:6:AESK_UINT8toINT32_LE	24	static
AESK_Data_Pack_lib.c:406:6:AESK_UINT8toINT32_BE	24	static
AESK_Data_Pack_lib.c:418:6:AESK_UINT8toUINT32_BE	24	static
AESK_Data_Pack_lib.c:428:6:AESK_UINT8toUINT32_LE	24	static
AESK_Data_Pack_lib.c:438:6:AESK_UINT8toUINT24_LE	24	static
AESK_Data_Pack_lib.c:452:6:AESK_UINT8toUINT8ENCODE	24	static
AESK_Data_Pack_lib.c:459:6:AESK_UINT8toINT8ENCODE	24	static
AESK_Data_Pack_lib.c:468:6:AESK_UINT8toFLOAT32_LE	24	static
AESK_Data_Pack_lib.c:478:6:AESK_UINT8toFLOAT24_LE	24	static
AESK_Data_Pack_lib.c:487:6:AESK_UINT8toFLOAT32_BE	24	static
AESK_Data_Pack_lib.c:499:6:AESK_UINT8toFLOAT64_LE	24	static
AESK_Data_Pack_lib.c:512:6:AESK_UINT8toFLOAT64_BE	24	static
AESK_Data_Pack_lib.c:540:6:AESK_UINT16toFLOAT_BE	40	static
AESK_Data_Pack_lib.c:562:6:AESK_UINT16toFLOAT_LE	40	static
AESK_Data_Pack_lib.c:584:6:AESK_INT16toFLOAT_BE	40	static
AESK_Data_Pack_lib.c:606:6:AESK_INT16toFLOAT_LE	40	static
