AESK_NRF24.c:37:6:AESK_NRF24_Init	24	static
AESK_NRF24.c:49:6:AESK_NRF24_DATA_Init	24	static
AESK_NRF24.c:60:6:AESK_NRF24_DelayMicroSeconds	24	static
AESK_NRF24.c:68:6:AESK_NRF24_csn	16	static
AESK_NRF24.c:74:6:AESK_NRF24_ce	16	static
AESK_NRF24.c:80:9:AESK_NRF24_read_register	24	static
AESK_NRF24.c:97:6:AESK_NRF24_read_registerN	24	static
AESK_NRF24.c:112:6:AESK_NRF24_write_register	24	static
AESK_NRF24.c:125:6:AESK_NRF24_write_registerN	24	static
AESK_NRF24.c:138:6:AESK_NRF24_write_payload	24	static
AESK_NRF24.c:151:6:AESK_NRF24_read_payload	24	static
AESK_NRF24.c:165:6:AESK_NRF24_flush_tx	8	static
AESK_NRF24.c:170:6:AESK_NRF24_flush_rx	8	static
AESK_NRF24.c:175:9:AESK_NRF24_get_status	16	static
AESK_NRF24.c:183:6:AESK_NRF24_begin	32	static
AESK_NRF24.c:266:6:AESK_NRF24_startListening	8	static
AESK_NRF24.c:282:6:AESK_NRF24_stopListening	8	static
AESK_NRF24.c:289:6:AESK_NRF24_write	32	static
AESK_NRF24.c:321:6:AESK_NRF24_available	8	static
AESK_NRF24.c:326:6:AESK_NRF24_read	24	static
AESK_NRF24.c:335:6:AESK_NRF24_openReadingPipe	16	static
AESK_NRF24.c:339:6:AESK_NRF24_openWritingPipe	16	static
AESK_NRF24.c:343:6:AESK_NRF24_SetPayloadSize	16	static
AESK_NRF24.c:372:6:AESK_NRF24_setRetries	16	static
AESK_NRF24.c:378:6:AESK_NRF24_setChannel	24	static
AESK_NRF24.c:384:6:AESK_NRF24_setPayloadSize	24	static
AESK_NRF24.c:390:9:AESK_NRF24_getPayloadSize	4	static
AESK_NRF24.c:395:9:AESK_NRF24_getDynamicPayloadSize	8	static
AESK_NRF24.c:400:6:AESK_NRF24_enableAckPayload	8	static
AESK_NRF24.c:416:6:AESK_NRF24_enableDynamicPayloads	8	static
AESK_NRF24.c:433:6:AESK_NRF24_disableDynamicPayloads	8	static
AESK_NRF24.c:441:6:AESK_NRF24_isNRF_Plus	4	static
AESK_NRF24.c:446:6:AESK_NRF24_setAutoAck	16	static
AESK_NRF24.c:452:6:AESK_NRF24_setAutoAckPipe	24	static
AESK_NRF24.c:464:6:AESK_NRF24_setPALevel	24	static
AESK_NRF24.c:479:15:AESK_NRF24_getPALevel	16	static
AESK_NRF24.c:493:6:AESK_NRF24_setDataRate	24	static
AESK_NRF24.c:531:17:AESK_NRF24_getDataRate	16	static
AESK_NRF24.c:545:6:AESK_NRF24_setCRCLength	24	static
AESK_NRF24.c:564:18:AESK_NRF24_getCRCLength	16	static
AESK_NRF24.c:578:6:AESK_NRF24_disableCRC	16	static
AESK_NRF24.c:584:6:AESK_NRF24_powerUp	8	static
AESK_NRF24.c:589:6:AESK_NRF24_powerDown	8	static
AESK_NRF24.c:594:6:AESK_NRF24_availablePipe	24	static
AESK_NRF24.c:616:6:AESK_NRF24_startWrite	16	static
AESK_NRF24.c:633:6:AESK_NRF24_writeAckPayload	24	static
AESK_NRF24.c:643:6:AESK_NRF24_isAckPayloadAvailable	16	static
AESK_NRF24.c:650:6:AESK_NRF24_whatHappened	32	static
AESK_NRF24.c:661:6:AESK_NRF24_testCarrier	8	static
AESK_NRF24.c:666:6:AESK_NRF24_testRPD	8	static
AESK_NRF24.c:672:6:AESK_NRF24_resetStatus	8	static
AESK_NRF24.c:678:6:AESK_NRF24_ACTIVATE_cmd	16	static
AESK_NRF24.c:689:9:NRF24_GetAckPayloadSize	4	static
AESK_NRF24.c:694:6:AESK_NRF24_Set_PipeAdress	16	static
AESK_NRF24.c:700:6:AESK_NRF24_ReadPack	48	static
AESK_NRF24.c:736:6:AESK_NRF24_WritePack	64	static
