AESK_NRF24.c:37:6:AESK_NRF24_Init	24	static
AESK_NRF24.c:49:6:AESK_NRF24_DATA_Init	24	static
AESK_NRF24.c:60:6:AESK_NRF24_DelayMicroSeconds	24	static
AESK_NRF24.c:68:6:AESK_NRF24_csn	16	static
AESK_NRF24.c:74:6:AESK_NRF24_ce	16	static
AESK_NRF24.c:80:9:AESK_NRF24_read_register	24	static
AESK_NRF24.c:97:6:AESK_NRF24_read_registerN	24	static
AESK_NRF24.c:112:6:AESK_NRF24_write_register	24	static
AESK_NRF24.c:125:6:AESK_NRF24_write_registerN	24	static
AESK_NRF24.c:138:6:AESK_NRF24_write_payload	24	static
AESK_NRF24.c:151:6:AESK_NRF24_read_payload	24	static
AESK_NRF24.c:165:6:AESK_NRF24_flush_tx	8	static
AESK_NRF24.c:170:6:AESK_NRF24_flush_rx	8	static
AESK_NRF24.c:175:9:AESK_NRF24_get_status	16	static
AESK_NRF24.c:183:6:AESK_NRF24_begin	32	static
AESK_NRF24.c:266:6:AESK_NRF24_startListening	8	static
AESK_NRF24.c:282:6:AESK_NRF24_stopListening	8	static
AESK_NRF24.c:289:6:AESK_NRF24_write	32	static
AESK_NRF24.c:321:6:AESK_NRF24_available	8	static
AESK_NRF24.c:326:6:AESK_NRF24_read	24	static
AESK_NRF24.c:336:6:AESK_NRF24_openReadingPipe	16	static
AESK_NRF24.c:340:6:AESK_NRF24_openWritingPipe	16	static
AESK_NRF24.c:344:6:AESK_NRF24_SetPayloadSize	16	static
AESK_NRF24.c:373:6:AESK_NRF24_setRetries	16	static
AESK_NRF24.c:379:6:AESK_NRF24_setChannel	24	static
AESK_NRF24.c:385:6:AESK_NRF24_setPayloadSize	24	static
AESK_NRF24.c:391:9:AESK_NRF24_getPayloadSize	4	static
AESK_NRF24.c:396:9:AESK_NRF24_getDynamicPayloadSize	8	static
AESK_NRF24.c:401:6:AESK_NRF24_enableAckPayload	8	static
AESK_NRF24.c:417:6:AESK_NRF24_enableDynamicPayloads	8	static
AESK_NRF24.c:434:6:AESK_NRF24_disableDynamicPayloads	8	static
AESK_NRF24.c:442:6:AESK_NRF24_isNRF_Plus	4	static
AESK_NRF24.c:447:6:AESK_NRF24_setAutoAck	16	static
AESK_NRF24.c:453:6:AESK_NRF24_setAutoAckPipe	24	static
AESK_NRF24.c:465:6:AESK_NRF24_setPALevel	24	static
AESK_NRF24.c:480:15:AESK_NRF24_getPALevel	16	static
AESK_NRF24.c:494:6:AESK_NRF24_setDataRate	24	static
AESK_NRF24.c:532:17:AESK_NRF24_getDataRate	16	static
AESK_NRF24.c:546:6:AESK_NRF24_setCRCLength	24	static
AESK_NRF24.c:565:18:AESK_NRF24_getCRCLength	16	static
AESK_NRF24.c:579:6:AESK_NRF24_disableCRC	16	static
AESK_NRF24.c:585:6:AESK_NRF24_powerUp	8	static
AESK_NRF24.c:590:6:AESK_NRF24_powerDown	8	static
AESK_NRF24.c:595:6:AESK_NRF24_availablePipe	24	static
AESK_NRF24.c:617:6:AESK_NRF24_startWrite	16	static
AESK_NRF24.c:634:6:AESK_NRF24_writeAckPayload	24	static
AESK_NRF24.c:644:6:AESK_NRF24_isAckPayloadAvailable	16	static
AESK_NRF24.c:651:6:AESK_NRF24_whatHappened	32	static
AESK_NRF24.c:662:6:AESK_NRF24_testCarrier	8	static
AESK_NRF24.c:667:6:AESK_NRF24_testRPD	8	static
AESK_NRF24.c:673:6:AESK_NRF24_resetStatus	8	static
AESK_NRF24.c:679:6:AESK_NRF24_ACTIVATE_cmd	16	static
AESK_NRF24.c:690:9:NRF24_GetAckPayloadSize	4	static
AESK_NRF24.c:695:6:AESK_NRF24_Set_PipeAdress	16	static
AESK_NRF24.c:701:6:AESK_NRF24_ReadPack	48	static
AESK_NRF24.c:737:6:AESK_NRF24_WritePack	64	static
