Archive member included to satisfy reference by file (symbol)

d:/st/stm32cubeide_1.8.0/stm32cubeide/plugins/com.st.stm32cube.ide.mcu.externaltools.gnu-tools-for-stm32.9-2020-q2-update.win32_2.0.0.202105311346/tools/bin/../lib/gcc/arm-none-eabi/9.3.1/../../../../arm-none-eabi/lib/thumb/v7e-m+fp/hard\libc_nano.a(lib_a-errno.o)
                              ./Core/Src/syscalls.o (__errno)
d:/st/stm32cubeide_1.8.0/stm32cubeide/plugins/com.st.stm32cube.ide.mcu.externaltools.gnu-tools-for-stm32.9-2020-q2-update.win32_2.0.0.202105311346/tools/bin/../lib/gcc/arm-none-eabi/9.3.1/../../../../arm-none-eabi/lib/thumb/v7e-m+fp/hard\libc_nano.a(lib_a-exit.o)
                              d:/st/stm32cubeide_1.8.0/stm32cubeide/plugins/com.st.stm32cube.ide.mcu.externaltools.gnu-tools-for-stm32.9-2020-q2-update.win32_2.0.0.202105311346/tools/bin/../lib/gcc/arm-none-eabi/9.3.1/../../../../arm-none-eabi/lib/thumb/v7e-m+fp/hard/crt0.o (exit)
d:/st/stm32cubeide_1.8.0/stm32cubeide/plugins/com.st.stm32cube.ide.mcu.externaltools.gnu-tools-for-stm32.9-2020-q2-update.win32_2.0.0.202105311346/tools/bin/../lib/gcc/arm-none-eabi/9.3.1/../../../../arm-none-eabi/lib/thumb/v7e-m+fp/hard\libc_nano.a(lib_a-impure.o)
                              d:/st/stm32cubeide_1.8.0/stm32cubeide/plugins/com.st.stm32cube.ide.mcu.externaltools.gnu-tools-for-stm32.9-2020-q2-update.win32_2.0.0.202105311346/tools/bin/../lib/gcc/arm-none-eabi/9.3.1/../../../../arm-none-eabi/lib/thumb/v7e-m+fp/hard\libc_nano.a(lib_a-exit.o) (_global_impure_ptr)
d:/st/stm32cubeide_1.8.0/stm32cubeide/plugins/com.st.stm32cube.ide.mcu.externaltools.gnu-tools-for-stm32.9-2020-q2-update.win32_2.0.0.202105311346/tools/bin/../lib/gcc/arm-none-eabi/9.3.1/../../../../arm-none-eabi/lib/thumb/v7e-m+fp/hard\libc_nano.a(lib_a-init.o)
                              d:/st/stm32cubeide_1.8.0/stm32cubeide/plugins/com.st.stm32cube.ide.mcu.externaltools.gnu-tools-for-stm32.9-2020-q2-update.win32_2.0.0.202105311346/tools/bin/../lib/gcc/arm-none-eabi/9.3.1/../../../../arm-none-eabi/lib/thumb/v7e-m+fp/hard/crt0.o (__libc_init_array)
d:/st/stm32cubeide_1.8.0/stm32cubeide/plugins/com.st.stm32cube.ide.mcu.externaltools.gnu-tools-for-stm32.9-2020-q2-update.win32_2.0.0.202105311346/tools/bin/../lib/gcc/arm-none-eabi/9.3.1/../../../../arm-none-eabi/lib/thumb/v7e-m+fp/hard\libc_nano.a(lib_a-memset.o)
                              d:/st/stm32cubeide_1.8.0/stm32cubeide/plugins/com.st.stm32cube.ide.mcu.externaltools.gnu-tools-for-stm32.9-2020-q2-update.win32_2.0.0.202105311346/tools/bin/../lib/gcc/arm-none-eabi/9.3.1/../../../../arm-none-eabi/lib/thumb/v7e-m+fp/hard/crt0.o (memset)
d:/st/stm32cubeide_1.8.0/stm32cubeide/plugins/com.st.stm32cube.ide.mcu.externaltools.gnu-tools-for-stm32.9-2020-q2-update.win32_2.0.0.202105311346/tools/bin/../lib/gcc/arm-none-eabi/9.3.1/thumb/v7e-m+fp/hard\libgcc.a(_arm_muldf3.o)
                              ./Core/Src/main.o (__aeabi_dmul)
d:/st/stm32cubeide_1.8.0/stm32cubeide/plugins/com.st.stm32cube.ide.mcu.externaltools.gnu-tools-for-stm32.9-2020-q2-update.win32_2.0.0.202105311346/tools/bin/../lib/gcc/arm-none-eabi/9.3.1/thumb/v7e-m+fp/hard\libgcc.a(_arm_addsubdf3.o)
                              ./Core/Src/main.o (__aeabi_dsub)
d:/st/stm32cubeide_1.8.0/stm32cubeide/plugins/com.st.stm32cube.ide.mcu.externaltools.gnu-tools-for-stm32.9-2020-q2-update.win32_2.0.0.202105311346/tools/bin/../lib/gcc/arm-none-eabi/9.3.1/thumb/v7e-m+fp/hard\libgcc.a(_arm_truncdfsf2.o)
                              ./Core/Src/main.o (__aeabi_d2f)
d:/st/stm32cubeide_1.8.0/stm32cubeide/plugins/com.st.stm32cube.ide.mcu.externaltools.gnu-tools-for-stm32.9-2020-q2-update.win32_2.0.0.202105311346/tools/bin/../lib/gcc/arm-none-eabi/9.3.1/thumb/v7e-m+fp/hard\libgcc.a(_aeabi_uldivmod.o)
                              ./Drivers/STM32F4xx_HAL_Driver/Src/stm32f4xx_hal_rcc.o (__aeabi_uldivmod)
d:/st/stm32cubeide_1.8.0/stm32cubeide/plugins/com.st.stm32cube.ide.mcu.externaltools.gnu-tools-for-stm32.9-2020-q2-update.win32_2.0.0.202105311346/tools/bin/../lib/gcc/arm-none-eabi/9.3.1/thumb/v7e-m+fp/hard\libgcc.a(_udivmoddi4.o)
                              d:/st/stm32cubeide_1.8.0/stm32cubeide/plugins/com.st.stm32cube.ide.mcu.externaltools.gnu-tools-for-stm32.9-2020-q2-update.win32_2.0.0.202105311346/tools/bin/../lib/gcc/arm-none-eabi/9.3.1/thumb/v7e-m+fp/hard\libgcc.a(_aeabi_uldivmod.o) (__udivmoddi4)
d:/st/stm32cubeide_1.8.0/stm32cubeide/plugins/com.st.stm32cube.ide.mcu.externaltools.gnu-tools-for-stm32.9-2020-q2-update.win32_2.0.0.202105311346/tools/bin/../lib/gcc/arm-none-eabi/9.3.1/thumb/v7e-m+fp/hard\libgcc.a(_dvmd_tls.o)
                              d:/st/stm32cubeide_1.8.0/stm32cubeide/plugins/com.st.stm32cube.ide.mcu.externaltools.gnu-tools-for-stm32.9-2020-q2-update.win32_2.0.0.202105311346/tools/bin/../lib/gcc/arm-none-eabi/9.3.1/thumb/v7e-m+fp/hard\libgcc.a(_aeabi_uldivmod.o) (__aeabi_ldiv0)

Allocating common symbols
Common symbol       size              file

[...]
Memory Configuration

Name             Origin             Length             Attributes
CCMRAM           0x0000000010000000 0x0000000000010000 xrw
RAM              0x0000000020000000 0x0000000000020000 xrw
FLASH            0x0000000008000000 0x0000000000100000 xr
*default*        0x0000000000000000 0xffffffffffffffff

Linker script and memory map

LOAD d:/st/stm32cubeide_1.8.0/stm32cubeide/plugins/com.st.stm32cube.ide.mcu.externaltools.gnu-tools-for-stm32.9-2020-q2-update.win32_2.0.0.202105311346/tools/bin/../lib/gcc/arm-none-eabi/9.3.1/thumb/v7e-m+fp/hard/crti.o
LOAD d:/st/stm32cubeide_1.8.0/stm32cubeide/plugins/com.st.stm32cube.ide.mcu.externaltools.gnu-tools-for-stm32.9-2020-q2-update.win32_2.0.0.202105311346/tools/bin/../lib/gcc/arm-none-eabi/9.3.1/thumb/v7e-m+fp/hard/crtbegin.o
LOAD d:/st/stm32cubeide_1.8.0/stm32cubeide/plugins/com.st.stm32cube.ide.mcu.externaltools.gnu-tools-for-stm32.9-2020-q2-update.win32_2.0.0.202105311346/tools/bin/../lib/gcc/arm-none-eabi/9.3.1/../../../../arm-none-eabi/lib/thumb/v7e-m+fp/hard/crt0.o
LOAD ./Core/Src/AESK_Data_Pack_lib.o
LOAD ./Core/Src/AESK_GL.o
LOAD ./Core/Src/AESK_NRF24.o
LOAD ./Core/Src/main.o
LOAD ./Core/Src/stm32f4xx_hal_msp.o
LOAD ./Core/Src/stm32f4xx_it.o
LOAD ./Core/Src/syscalls.o
LOAD ./Core/Src/sysmem.o
LOAD ./Core/Src/system_stm32f4xx.o
LOAD ./Core/Startup/startup_stm32f407vgtx.o
LOAD ./Drivers/STM32F4xx_HAL_Driver/Src/stm32f4xx_hal.o
LOAD ./Drivers/STM32F4xx_HAL_Driver/Src/stm32f4xx_hal_cortex.o
LOAD ./Drivers/STM32F4xx_HAL_Driver/Src/stm32f4xx_hal_dma.o
LOAD ./Drivers/STM32F4xx_HAL_Driver/Src/stm32f4xx_hal_dma_ex.o
LOAD ./Drivers/STM32F4xx_HAL_Driver/Src/stm32f4xx_hal_exti.o
LOAD ./Drivers/STM32F4xx_HAL_Driver/Src/stm32f4xx_hal_flash.o
LOAD ./Drivers/STM32F4xx_HAL_Driver/Src/stm32f4xx_hal_flash_ex.o
LOAD ./Drivers/STM32F4xx_HAL_Driver/Src/stm32f4xx_hal_flash_ramfunc.o
LOAD ./Drivers/STM32F4xx_HAL_Driver/Src/stm32f4xx_hal_gpio.o
LOAD ./Drivers/STM32F4xx_HAL_Driver/Src/stm32f4xx_hal_pwr.o
LOAD ./Drivers/STM32F4xx_HAL_Driver/Src/stm32f4xx_hal_pwr_ex.o
LOAD ./Drivers/STM32F4xx_HAL_Driver/Src/stm32f4xx_hal_rcc.o
LOAD ./Drivers/STM32F4xx_HAL_Driver/Src/stm32f4xx_hal_rcc_ex.o
LOAD ./Drivers/STM32F4xx_HAL_Driver/Src/stm32f4xx_hal_spi.o
LOAD ./Drivers/STM32F4xx_HAL_Driver/Src/stm32f4xx_hal_tim.o
LOAD ./Drivers/STM32F4xx_HAL_Driver/Src/stm32f4xx_hal_tim_ex.o
START GROUP
LOAD d:/st/stm32cubeide_1.8.0/stm32cubeide/plugins/com.st.stm32cube.ide.mcu.externaltools.gnu-tools-for-stm32.9-2020-q2-update.win32_2.0.0.202105311346/tools/bin/../lib/gcc/arm-none-eabi/9.3.1/../../../../arm-none-eabi/lib/thumb/v7e-m+fp/hard\libc_nano.a
LOAD d:/st/stm32cubeide_1.8.0/stm32cubeide/plugins/com.st.stm32cube.ide.mcu.externaltools.gnu-tools-for-stm32.9-2020-q2-update.win32_2.0.0.202105311346/tools/bin/../lib/gcc/arm-none-eabi/9.3.1/../../../../arm-none-eabi/lib/thumb/v7e-m+fp/hard\libm.a
END GROUP
START GROUP
LOAD d:/st/stm32cubeide_1.8.0/stm32cubeide/plugins/com.st.stm32cube.ide.mcu.externaltools.gnu-tools-for-stm32.9-2020-q2-update.win32_2.0.0.202105311346/tools/bin/../lib/gcc/arm-none-eabi/9.3.1/thumb/v7e-m+fp/hard\libgcc.a
LOAD d:/st/stm32cubeide_1.8.0/stm32cubeide/plugins/com.st.stm32cube.ide.mcu.externaltools.gnu-tools-for-stm32.9-2020-q2-update.win32_2.0.0.202105311346/tools/bin/../lib/gcc/arm-none-eabi/9.3.1/../../../../arm-none-eabi/lib/thumb/v7e-m+fp/hard\libc_nano.a
END GROUP
START GROUP
LOAD d:/st/stm32cubeide_1.8.0/stm32cubeide/plugins/com.st.stm32cube.ide.mcu.externaltools.gnu-tools-for-stm32.9-2020-q2-update.win32_2.0.0.202105311346/tools/bin/../lib/gcc/arm-none-eabi/9.3.1/thumb/v7e-m+fp/hard\libgcc.a
LOAD d:/st/stm32cubeide_1.8.0/stm32cubeide/plugins/com.st.stm32cube.ide.mcu.externaltools.gnu-tools-for-stm32.9-2020-q2-update.win32_2.0.0.202105311346/tools/bin/../lib/gcc/arm-none-eabi/9.3.1/../../../../arm-none-eabi/lib/thumb/v7e-m+fp/hard\libc_nano.a
LOAD d:/st/stm32cubeide_1.8.0/stm32cubeide/plugins/com.st.stm32cube.ide.mcu.externaltools.gnu-tools-for-stm32.9-2020-q2-update.win32_2.0.0.202105311346/tools/bin/../lib/gcc/arm-none-eabi/9.3.1/../../../../arm-none-eabi/lib/thumb/v7e-m+fp/hard\libnosys.a
END GROUP
START GROUP
LOAD d:/st/stm32cubeide_1.8.0/stm32cubeide/plugins/com.st.stm32cube.ide.mcu.externaltools.gnu-tools-for-stm32.9-2020-q2-update.win32_2.0.0.202105311346/tools/bin/../lib/gcc/arm-none-eabi/9.3.1/thumb/v7e-m+fp/hard\libgcc.a
LOAD d:/st/stm32cubeide_1.8.0/stm32cubeide/plugins/com.st.stm32cube.ide.mcu.externaltools.gnu-tools-for-stm32.9-2020-q2-update.win32_2.0.0.202105311346/tools/bin/../lib/gcc/arm-none-eabi/9.3.1/../../../../arm-none-eabi/lib/thumb/v7e-m+fp/hard\libc_nano.a
LOAD d:/st/stm32cubeide_1.8.0/stm32cubeide/plugins/com.st.stm32cube.ide.mcu.externaltools.gnu-tools-for-stm32.9-2020-q2-update.win32_2.0.0.202105311346/tools/bin/../lib/gcc/arm-none-eabi/9.3.1/../../../../arm-none-eabi/lib/thumb/v7e-m+fp/hard\libnosys.a
END GROUP
LOAD d:/st/stm32cubeide_1.8.0/stm32cubeide/plugins/com.st.stm32cube.ide.mcu.externaltools.gnu-tools-for-stm32.9-2020-q2-update.win32_2.0.0.202105311346/tools/bin/../lib/gcc/arm-none-eabi/9.3.1/thumb/v7e-m+fp/hard/crtend.o
LOAD d:/st/stm32cubeide_1.8.0/stm32cubeide/plugins/com.st.stm32cube.ide.mcu.externaltools.gnu-tools-for-stm32.9-2020-q2-update.win32_2.0.0.202105311346/tools/bin/../lib/gcc/arm-none-eabi/9.3.1/thumb/v7e-m+fp/hard/crtn.o
                0x0000000020020000                _estack = (ORIGIN (RAM) + LENGTH (RAM))
                0x0000000000000200                _Min_Heap_Size = 0x200
                0x0000000000000400                _Min_Stack_Size = 0x400

.isr_vector     0x0000000008000000      0x188
                0x0000000008000000                . = ALIGN (0x4)
 *(.isr_vector)
 .isr_vector    0x0000000008000000      0x188 ./Core/Startup/startup_stm32f407vgtx.o
                0x0000000008000000                g_pfnVectors
                0x0000000008000188                . = ALIGN (0x4)

.text           0x0000000008000188     0x4118
                0x0000000008000188                . = ALIGN (0x4)
 *(.text)
 .text          0x0000000008000188       0x40 d:/st/stm32cubeide_1.8.0/stm32cubeide/plugins/com.st.stm32cube.ide.mcu.externaltools.gnu-tools-for-stm32.9-2020-q2-update.win32_2.0.0.202105311346/tools/bin/../lib/gcc/arm-none-eabi/9.3.1/thumb/v7e-m+fp/hard/crtbegin.o
 .text          0x00000000080001c8      0x254 d:/st/stm32cubeide_1.8.0/stm32cubeide/plugins/com.st.stm32cube.ide.mcu.externaltools.gnu-tools-for-stm32.9-2020-q2-update.win32_2.0.0.202105311346/tools/bin/../lib/gcc/arm-none-eabi/9.3.1/thumb/v7e-m+fp/hard\libgcc.a(_arm_muldf3.o)
                0x00000000080001c8                __muldf3
                0x00000000080001c8                __aeabi_dmul
 .text          0x000000000800041c      0x378 d:/st/stm32cubeide_1.8.0/stm32cubeide/plugins/com.st.stm32cube.ide.mcu.externaltools.gnu-tools-for-stm32.9-2020-q2-update.win32_2.0.0.202105311346/tools/bin/../lib/gcc/arm-none-eabi/9.3.1/thumb/v7e-m+fp/hard\libgcc.a(_arm_addsubdf3.o)
                0x000000000800041c                __aeabi_drsub
                0x0000000008000424                __aeabi_dsub
                0x0000000008000424                __subdf3
                0x0000000008000428                __aeabi_dadd
                0x0000000008000428                __adddf3
                0x00000000080006a0                __floatunsidf
                0x00000000080006a0                __aeabi_ui2d
                0x00000000080006c0                __floatsidf
                0x00000000080006c0                __aeabi_i2d
                0x00000000080006e4                __aeabi_f2d
                0x00000000080006e4                __extendsfdf2
                0x0000000008000728                __floatundidf
                0x0000000008000728                __aeabi_ul2d
                0x0000000008000738                __floatdidf
                0x0000000008000738                __aeabi_l2d
 .text          0x0000000008000794       0xa0 d:/st/stm32cubeide_1.8.0/stm32cubeide/plugins/com.st.stm32cube.ide.mcu.externaltools.gnu-tools-for-stm32.9-2020-q2-update.win32_2.0.0.202105311346/tools/bin/../lib/gcc/arm-none-eabi/9.3.1/thumb/v7e-m+fp/hard\libgcc.a(_arm_truncdfsf2.o)
                0x0000000008000794                __truncdfsf2
                0x0000000008000794                __aeabi_d2f
 .text          0x0000000008000834       0x30 d:/st/stm32cubeide_1.8.0/stm32cubeide/plugins/com.st.stm32cube.ide.mcu.externaltools.gnu-tools-for-stm32.9-2020-q2-update.win32_2.0.0.202105311346/tools/bin/../lib/gcc/arm-none-eabi/9.3.1/thumb/v7e-m+fp/hard\libgcc.a(_aeabi_uldivmod.o)
                0x0000000008000834                __aeabi_uldivmod
 .text          0x0000000008000864      0x2c4 d:/st/stm32cubeide_1.8.0/stm32cubeide/plugins/com.st.stm32cube.ide.mcu.externaltools.gnu-tools-for-stm32.9-2020-q2-update.win32_2.0.0.202105311346/tools/bin/../lib/gcc/arm-none-eabi/9.3.1/thumb/v7e-m+fp/hard\libgcc.a(_udivmoddi4.o)
                0x0000000008000864                __udivmoddi4
 .text          0x0000000008000b28        0x4 d:/st/stm32cubeide_1.8.0/stm32cubeide/plugins/com.st.stm32cube.ide.mcu.externaltools.gnu-tools-for-stm32.9-2020-q2-update.win32_2.0.0.202105311346/tools/bin/../lib/gcc/arm-none-eabi/9.3.1/thumb/v7e-m+fp/hard\libgcc.a(_dvmd_tls.o)
                0x0000000008000b28                __aeabi_idiv0
                0x0000000008000b28                __aeabi_ldiv0
 *(.text*)
 .text.AESK_UINT16toUINT8_LE
                0x0000000008000b2c       0x44 ./Core/Src/AESK_Data_Pack_lib.o
                0x0000000008000b2c                AESK_UINT16toUINT8_LE
 .text.AESK_FLOAT32toUINT8_LE
                0x0000000008000b70       0x64 ./Core/Src/AESK_Data_Pack_lib.o
                0x0000000008000b70                AESK_FLOAT32toUINT8_LE
 .text.AESK_UINT8toUINT16_LE
                0x0000000008000bd4       0x46 ./Core/Src/AESK_Data_Pack_lib.o
                0x0000000008000bd4                AESK_UINT8toUINT16_LE
 .text.AESK_UINT8toUINT24_LE
                0x0000000008000c1a       0x60 ./Core/Src/AESK_Data_Pack_lib.o
                0x0000000008000c1a                AESK_UINT8toUINT24_LE
 *fill*         0x0000000008000c7a        0x2 
 .text.HAL_SYSTICK_Callback
                0x0000000008000c7c       0xe0 ./Core/Src/AESK_GL.o
                0x0000000008000c7c                HAL_SYSTICK_Callback
 .text.AESK_NRF24_Init
                0x0000000008000d5c       0x6c ./Core/Src/AESK_NRF24.o
                0x0000000008000d5c                AESK_NRF24_Init
 .text.AESK_NRF24_DATA_Init
                0x0000000008000dc8       0x64 ./Core/Src/AESK_NRF24.o
                0x0000000008000dc8                AESK_NRF24_DATA_Init
 .text.AESK_NRF24_DelayMicroSeconds
                0x0000000008000e2c       0x44 ./Core/Src/AESK_NRF24.o
                0x0000000008000e2c                AESK_NRF24_DelayMicroSeconds
 .text.AESK_NRF24_csn
                0x0000000008000e70       0x40 ./Core/Src/AESK_NRF24.o
                0x0000000008000e70                AESK_NRF24_csn
 .text.AESK_NRF24_ce
                0x0000000008000eb0       0x40 ./Core/Src/AESK_NRF24.o
                0x0000000008000eb0                AESK_NRF24_ce
 .text.AESK_NRF24_read_register
                0x0000000008000ef0       0x54 ./Core/Src/AESK_NRF24.o
                0x0000000008000ef0                AESK_NRF24_read_register
 .text.AESK_NRF24_read_registerN
                0x0000000008000f44       0x54 ./Core/Src/AESK_NRF24.o
                0x0000000008000f44                AESK_NRF24_read_registerN
 .text.AESK_NRF24_write_register
                0x0000000008000f98       0x48 ./Core/Src/AESK_NRF24.o
                0x0000000008000f98                AESK_NRF24_write_register
 .text.AESK_NRF24_write_registerN
                0x0000000008000fe0       0x54 ./Core/Src/AESK_NRF24.o
                0x0000000008000fe0                AESK_NRF24_write_registerN
 .text.AESK_NRF24_write_payload
                0x0000000008001034       0x48 ./Core/Src/AESK_NRF24.o
                0x0000000008001034                AESK_NRF24_write_payload
 .text.AESK_NRF24_read_payload
                0x000000000800107c       0x64 ./Core/Src/AESK_NRF24.o
                0x000000000800107c                AESK_NRF24_read_payload
 .text.AESK_NRF24_flush_tx
                0x00000000080010e0       0x10 ./Core/Src/AESK_NRF24.o
                0x00000000080010e0                AESK_NRF24_flush_tx
 .text.AESK_NRF24_flush_rx
                0x00000000080010f0       0x10 ./Core/Src/AESK_NRF24.o
                0x00000000080010f0                AESK_NRF24_flush_rx
 .text.AESK_NRF24_get_status
                0x0000000008001100       0x1a ./Core/Src/AESK_NRF24.o
                0x0000000008001100                AESK_NRF24_get_status
 *fill*         0x000000000800111a        0x2 
 .text.AESK_NRF24_begin
                0x000000000800111c      0x1a8 ./Core/Src/AESK_NRF24.o
                0x000000000800111c                AESK_NRF24_begin
 .text.AESK_NRF24_startListening
                0x00000000080012c4       0x4c ./Core/Src/AESK_NRF24.o
                0x00000000080012c4                AESK_NRF24_startListening
 .text.AESK_NRF24_stopListening
                0x0000000008001310       0x16 ./Core/Src/AESK_NRF24.o
                0x0000000008001310                AESK_NRF24_stopListening
 *fill*         0x0000000008001326        0x2 
 .text.AESK_NRF24_write
                0x0000000008001328       0x98 ./Core/Src/AESK_NRF24.o
                0x0000000008001328                AESK_NRF24_write
 .text.AESK_NRF24_available
                0x00000000080013c0       0x10 ./Core/Src/AESK_NRF24.o
                0x00000000080013c0                AESK_NRF24_available
 .text.AESK_NRF24_read
                0x00000000080013d0       0x44 ./Core/Src/AESK_NRF24.o
                0x00000000080013d0                AESK_NRF24_read
 .text.AESK_NRF24_openReadingPipe
                0x0000000008001414       0x1e ./Core/Src/AESK_NRF24.o
                0x0000000008001414                AESK_NRF24_openReadingPipe
 .text.AESK_NRF24_openWritingPipe
                0x0000000008001432       0x1e ./Core/Src/AESK_NRF24.o
                0x0000000008001432                AESK_NRF24_openWritingPipe
 .text.AESK_NRF24_SetPayloadSize
                0x0000000008001450       0x2c ./Core/Src/AESK_NRF24.o
                0x0000000008001450                AESK_NRF24_SetPayloadSize
 .text.AESK_NRF24_setRetries
                0x000000000800147c       0x36 ./Core/Src/AESK_NRF24.o
                0x000000000800147c                AESK_NRF24_setRetries
 .text.AESK_NRF24_setChannel
                0x00000000080014b2       0x2a ./Core/Src/AESK_NRF24.o
                0x00000000080014b2                AESK_NRF24_setChannel
 .text.AESK_NRF24_setPayloadSize
                0x00000000080014dc       0x30 ./Core/Src/AESK_NRF24.o
                0x00000000080014dc                AESK_NRF24_setPayloadSize
 .text.AESK_NRF24_getPayloadSize
                0x000000000800150c       0x18 ./Core/Src/AESK_NRF24.o
                0x000000000800150c                AESK_NRF24_getPayloadSize
 .text.AESK_NRF24_getDynamicPayloadSize
                0x0000000008001524       0x10 ./Core/Src/AESK_NRF24.o
                0x0000000008001524                AESK_NRF24_getDynamicPayloadSize
 .text.AESK_NRF24_disableDynamicPayloads
                0x0000000008001534       0x30 ./Core/Src/AESK_NRF24.o
                0x0000000008001534                AESK_NRF24_disableDynamicPayloads
 .text.AESK_NRF24_setAutoAck
                0x0000000008001564       0x2a ./Core/Src/AESK_NRF24.o
                0x0000000008001564                AESK_NRF24_setAutoAck
 .text.AESK_NRF24_setPALevel
                0x000000000800158e       0x6c ./Core/Src/AESK_NRF24.o
                0x000000000800158e                AESK_NRF24_setPALevel
 *fill*         0x00000000080015fa        0x2 
 .text.AESK_NRF24_setDataRate
                0x00000000080015fc       0x8c ./Core/Src/AESK_NRF24.o
                0x00000000080015fc                AESK_NRF24_setDataRate
 .text.AESK_NRF24_setCRCLength
                0x0000000008001688       0x50 ./Core/Src/AESK_NRF24.o
                0x0000000008001688                AESK_NRF24_setCRCLength
 .text.AESK_NRF24_powerDown
                0x00000000080016d8       0x1e ./Core/Src/AESK_NRF24.o
                0x00000000080016d8                AESK_NRF24_powerDown
 .text.AESK_NRF24_availablePipe
                0x00000000080016f6       0x60 ./Core/Src/AESK_NRF24.o
                0x00000000080016f6                AESK_NRF24_availablePipe
 .text.AESK_NRF24_startWrite
                0x0000000008001756       0x5e ./Core/Src/AESK_NRF24.o
                0x0000000008001756                AESK_NRF24_startWrite
 .text.AESK_NRF24_whatHappened
                0x00000000080017b4       0x66 ./Core/Src/AESK_NRF24.o
                0x00000000080017b4                AESK_NRF24_whatHappened
 .text.AESK_NRF24_resetStatus
                0x000000000800181a       0x10 ./Core/Src/AESK_NRF24.o
                0x000000000800181a                AESK_NRF24_resetStatus
 *fill*         0x000000000800182a        0x2 
 .text.AESK_NRF24_ACTIVATE_cmd
                0x000000000800182c       0x34 ./Core/Src/AESK_NRF24.o
                0x000000000800182c                AESK_NRF24_ACTIVATE_cmd
 .text.AESK_NRF24_Set_PipeAdress
                0x0000000008001860       0x30 ./Core/Src/AESK_NRF24.o
                0x0000000008001860                AESK_NRF24_Set_PipeAdress
 .text.AESK_NRF24_ReadPack
                0x0000000008001890       0xd8 ./Core/Src/AESK_NRF24.o
                0x0000000008001890                AESK_NRF24_ReadPack
 .text.AESK_NRF24_WritePack
                0x0000000008001968       0xec ./Core/Src/AESK_NRF24.o
                0x0000000008001968                AESK_NRF24_WritePack
 *fill*         0x0000000008001a54        0x4 
 .text.main     0x0000000008001a58      0x430 ./Core/Src/main.o
                0x0000000008001a58                main
 .text.SystemClock_Config
                0x0000000008001e88       0xd4 ./Core/Src/main.o
                0x0000000008001e88                SystemClock_Config
 .text.MX_SPI1_Init
                0x0000000008001f5c       0x6c ./Core/Src/main.o
 .text.MX_GPIO_Init
                0x0000000008001fc8      0x134 ./Core/Src/main.o
 .text.HAL_GPIO_EXTI_Callback
                0x00000000080020fc       0x28 ./Core/Src/main.o
                0x00000000080020fc                HAL_GPIO_EXTI_Callback
 .text.onReceive
                0x0000000008002124       0x40 ./Core/Src/main.o
                0x0000000008002124                onReceive
 .text.parseBuffer
                0x0000000008002164      0x404 ./Core/Src/main.o
                0x0000000008002164                parseBuffer
 .text.Error_Handler
                0x0000000008002568        0xa ./Core/Src/main.o
                0x0000000008002568                Error_Handler
 *fill*         0x0000000008002572        0x2 
 .text.HAL_MspInit
                0x0000000008002574       0x50 ./Core/Src/stm32f4xx_hal_msp.o
                0x0000000008002574                HAL_MspInit
 .text.HAL_SPI_MspInit
                0x00000000080025c4       0x90 ./Core/Src/stm32f4xx_hal_msp.o
                0x00000000080025c4                HAL_SPI_MspInit
 .text.NMI_Handler
                0x0000000008002654        0x6 ./Core/Src/stm32f4xx_it.o
                0x0000000008002654                NMI_Handler
 .text.HardFault_Handler
                0x000000000800265a        0x6 ./Core/Src/stm32f4xx_it.o
                0x000000000800265a                HardFault_Handler
 .text.MemManage_Handler
                0x0000000008002660        0x6 ./Core/Src/stm32f4xx_it.o
                0x0000000008002660                MemManage_Handler
 .text.BusFault_Handler
                0x0000000008002666        0x6 ./Core/Src/stm32f4xx_it.o
                0x0000000008002666                BusFault_Handler
 .text.UsageFault_Handler
                0x000000000800266c        0x6 ./Core/Src/stm32f4xx_it.o
                0x000000000800266c                UsageFault_Handler
 .text.SVC_Handler
                0x0000000008002672        0xe ./Core/Src/stm32f4xx_it.o
                0x0000000008002672                SVC_Handler
 .text.DebugMon_Handler
                0x0000000008002680        0xe ./Core/Src/stm32f4xx_it.o
                0x0000000008002680                DebugMon_Handler
 .text.PendSV_Handler
                0x000000000800268e        0xe ./Core/Src/stm32f4xx_it.o
                0x000000000800268e                PendSV_Handler
 .text.SysTick_Handler
                0x000000000800269c       0x10 ./Core/Src/stm32f4xx_it.o
                0x000000000800269c                SysTick_Handler
 .text.EXTI1_IRQHandler
                0x00000000080026ac        0xe ./Core/Src/stm32f4xx_it.o
                0x00000000080026ac                EXTI1_IRQHandler
 *fill*         0x00000000080026ba        0x2 
 .text.SystemInit
                0x00000000080026bc       0x24 ./Core/Src/system_stm32f4xx.o
                0x00000000080026bc                SystemInit
 .text.Reset_Handler
                0x00000000080026e0       0x50 ./Core/Startup/startup_stm32f407vgtx.o
                0x00000000080026e0                Reset_Handler
 .text.Default_Handler
                0x0000000008002730        0x2 ./Core/Startup/startup_stm32f407vgtx.o
                0x0000000008002730                RTC_Alarm_IRQHandler
                0x0000000008002730                HASH_RNG_IRQHandler
                0x0000000008002730                EXTI2_IRQHandler
                0x0000000008002730                TIM8_CC_IRQHandler
                0x0000000008002730                TIM1_CC_IRQHandler
                0x0000000008002730                DMA2_Stream5_IRQHandler
                0x0000000008002730                DMA1_Stream5_IRQHandler
                0x0000000008002730                PVD_IRQHandler
                0x0000000008002730                SDIO_IRQHandler
                0x0000000008002730                TAMP_STAMP_IRQHandler
                0x0000000008002730                CAN2_RX1_IRQHandler
                0x0000000008002730                EXTI3_IRQHandler
                0x0000000008002730                TIM8_TRG_COM_TIM14_IRQHandler
                0x0000000008002730                TIM1_UP_TIM10_IRQHandler
                0x0000000008002730                TIM8_UP_TIM13_IRQHandler
                0x0000000008002730                I2C3_ER_IRQHandler
                0x0000000008002730                EXTI0_IRQHandler
                0x0000000008002730                I2C2_EV_IRQHandler
                0x0000000008002730                DMA1_Stream2_IRQHandler
                0x0000000008002730                CAN1_RX0_IRQHandler
                0x0000000008002730                FPU_IRQHandler
                0x0000000008002730                OTG_HS_WKUP_IRQHandler
                0x0000000008002730                CAN2_SCE_IRQHandler
                0x0000000008002730                DMA2_Stream2_IRQHandler
                0x0000000008002730                SPI1_IRQHandler
                0x0000000008002730                TIM6_DAC_IRQHandler
                0x0000000008002730                TIM1_BRK_TIM9_IRQHandler
                0x0000000008002730                DCMI_IRQHandler
                0x0000000008002730                CAN2_RX0_IRQHandler
                0x0000000008002730                DMA2_Stream3_IRQHandler
                0x0000000008002730                USART6_IRQHandler
                0x0000000008002730                USART3_IRQHandler
                0x0000000008002730                CAN1_RX1_IRQHandler
                0x0000000008002730                UART5_IRQHandler
                0x0000000008002730                DMA2_Stream0_IRQHandler
                0x0000000008002730                TIM4_IRQHandler
                0x0000000008002730                I2C1_EV_IRQHandler
                0x0000000008002730                DMA1_Stream6_IRQHandler
                0x0000000008002730                DMA1_Stream1_IRQHandler
                0x0000000008002730                UART4_IRQHandler
                0x0000000008002730                TIM3_IRQHandler
                0x0000000008002730                RCC_IRQHandler
                0x0000000008002730                TIM8_BRK_TIM12_IRQHandler
                0x0000000008002730                Default_Handler
                0x0000000008002730                EXTI15_10_IRQHandler
                0x0000000008002730                ADC_IRQHandler
                0x0000000008002730                DMA1_Stream7_IRQHandler
                0x0000000008002730                TIM7_IRQHandler
                0x0000000008002730                CAN2_TX_IRQHandler
                0x0000000008002730                TIM5_IRQHandler
                0x0000000008002730                DMA2_Stream7_IRQHandler
                0x0000000008002730                I2C3_EV_IRQHandler
                0x0000000008002730                EXTI9_5_IRQHandler
                0x0000000008002730                RTC_WKUP_IRQHandler
                0x0000000008002730                ETH_WKUP_IRQHandler
                0x0000000008002730                SPI2_IRQHandler
                0x0000000008002730                OTG_HS_EP1_IN_IRQHandler
                0x0000000008002730                DMA1_Stream0_IRQHandler
                0x0000000008002730                CAN1_TX_IRQHandler
                0x0000000008002730                EXTI4_IRQHandler
                0x0000000008002730                FSMC_IRQHandler
                0x0000000008002730                ETH_IRQHandler
                0x0000000008002730                OTG_HS_EP1_OUT_IRQHandler
                0x0000000008002730                WWDG_IRQHandler
                0x0000000008002730                TIM2_IRQHandler
                0x0000000008002730                OTG_FS_WKUP_IRQHandler
                0x0000000008002730                TIM1_TRG_COM_TIM11_IRQHandler
                0x0000000008002730                OTG_HS_IRQHandler
                0x0000000008002730                USART2_IRQHandler
                0x0000000008002730                I2C2_ER_IRQHandler
                0x0000000008002730                DMA2_Stream1_IRQHandler
                0x0000000008002730                CAN1_SCE_IRQHandler
                0x0000000008002730                FLASH_IRQHandler
                0x0000000008002730                DMA2_Stream4_IRQHandler
                0x0000000008002730                USART1_IRQHandler
                0x0000000008002730                OTG_FS_IRQHandler
                0x0000000008002730                SPI3_IRQHandler
                0x0000000008002730                DMA1_Stream4_IRQHandler
                0x0000000008002730                I2C1_ER_IRQHandler
                0x0000000008002730                DMA2_Stream6_IRQHandler
                0x0000000008002730                DMA1_Stream3_IRQHandler
 *fill*         0x0000000008002732        0x2 
 .text.HAL_Init
                0x0000000008002734       0x44 ./Drivers/STM32F4xx_HAL_Driver/Src/stm32f4xx_hal.o
                0x0000000008002734                HAL_Init
 .text.HAL_InitTick
                0x0000000008002778       0x60 ./Drivers/STM32F4xx_HAL_Driver/Src/stm32f4xx_hal.o
                0x0000000008002778                HAL_InitTick
 .text.HAL_IncTick
                0x00000000080027d8       0x28 ./Drivers/STM32F4xx_HAL_Driver/Src/stm32f4xx_hal.o
                0x00000000080027d8                HAL_IncTick
 .text.HAL_GetTick
                0x0000000008002800       0x18 ./Drivers/STM32F4xx_HAL_Driver/Src/stm32f4xx_hal.o
                0x0000000008002800                HAL_GetTick
 .text.HAL_Delay
                0x0000000008002818       0x48 ./Drivers/STM32F4xx_HAL_Driver/Src/stm32f4xx_hal.o
                0x0000000008002818                HAL_Delay
 .text.__NVIC_SetPriorityGrouping
                0x0000000008002860       0x48 ./Drivers/STM32F4xx_HAL_Driver/Src/stm32f4xx_hal_cortex.o
 .text.__NVIC_GetPriorityGrouping
                0x00000000080028a8       0x1c ./Drivers/STM32F4xx_HAL_Driver/Src/stm32f4xx_hal_cortex.o
 .text.__NVIC_EnableIRQ
                0x00000000080028c4       0x3c ./Drivers/STM32F4xx_HAL_Driver/Src/stm32f4xx_hal_cortex.o
 .text.__NVIC_SetPriority
                0x0000000008002900       0x54 ./Drivers/STM32F4xx_HAL_Driver/Src/stm32f4xx_hal_cortex.o
 .text.NVIC_EncodePriority
                0x0000000008002954       0x66 ./Drivers/STM32F4xx_HAL_Driver/Src/stm32f4xx_hal_cortex.o
 *fill*         0x00000000080029ba        0x2 
 .text.SysTick_Config
                0x00000000080029bc       0x44 ./Drivers/STM32F4xx_HAL_Driver/Src/stm32f4xx_hal_cortex.o
 .text.HAL_NVIC_SetPriorityGrouping
                0x0000000008002a00       0x16 ./Drivers/STM32F4xx_HAL_Driver/Src/stm32f4xx_hal_cortex.o
                0x0000000008002a00                HAL_NVIC_SetPriorityGrouping
 .text.HAL_NVIC_SetPriority
                0x0000000008002a16       0x38 ./Drivers/STM32F4xx_HAL_Driver/Src/stm32f4xx_hal_cortex.o
                0x0000000008002a16                HAL_NVIC_SetPriority
 .text.HAL_NVIC_EnableIRQ
                0x0000000008002a4e       0x1c ./Drivers/STM32F4xx_HAL_Driver/Src/stm32f4xx_hal_cortex.o
                0x0000000008002a4e                HAL_NVIC_EnableIRQ
 .text.HAL_SYSTICK_Config
                0x0000000008002a6a       0x18 ./Drivers/STM32F4xx_HAL_Driver/Src/stm32f4xx_hal_cortex.o
                0x0000000008002a6a                HAL_SYSTICK_Config
 .text.HAL_SYSTICK_IRQHandler
                0x0000000008002a82        0xc ./Drivers/STM32F4xx_HAL_Driver/Src/stm32f4xx_hal_cortex.o
                0x0000000008002a82                HAL_SYSTICK_IRQHandler
 *fill*         0x0000000008002a8e        0x2 
 .text.HAL_GPIO_Init
                0x0000000008002a90      0x338 ./Drivers/STM32F4xx_HAL_Driver/Src/stm32f4xx_hal_gpio.o
                0x0000000008002a90                HAL_GPIO_Init
 .text.HAL_GPIO_WritePin
                0x0000000008002dc8       0x32 ./Drivers/STM32F4xx_HAL_Driver/Src/stm32f4xx_hal_gpio.o
                0x0000000008002dc8                HAL_GPIO_WritePin
 .text.HAL_GPIO_TogglePin
                0x0000000008002dfa       0x34 ./Drivers/STM32F4xx_HAL_Driver/Src/stm32f4xx_hal_gpio.o
                0x0000000008002dfa                HAL_GPIO_TogglePin
 *fill*         0x0000000008002e2e        0x2 
 .text.HAL_GPIO_EXTI_IRQHandler
                0x0000000008002e30       0x30 ./Drivers/STM32F4xx_HAL_Driver/Src/stm32f4xx_hal_gpio.o
                0x0000000008002e30                HAL_GPIO_EXTI_IRQHandler
 .text.HAL_RCC_OscConfig
                0x0000000008002e60      0x4f0 ./Drivers/STM32F4xx_HAL_Driver/Src/stm32f4xx_hal_rcc.o
                0x0000000008002e60                HAL_RCC_OscConfig
 .text.HAL_RCC_ClockConfig
                0x0000000008003350      0x1cc ./Drivers/STM32F4xx_HAL_Driver/Src/stm32f4xx_hal_rcc.o
                0x0000000008003350                HAL_RCC_ClockConfig
 .text.HAL_RCC_GetSysClockFreq
                0x000000000800351c      0x1c4 ./Drivers/STM32F4xx_HAL_Driver/Src/stm32f4xx_hal_rcc.o
                0x000000000800351c                HAL_RCC_GetSysClockFreq
 .text.HAL_SPI_Init
                0x00000000080036e0      0x112 ./Drivers/STM32F4xx_HAL_Driver/Src/stm32f4xx_hal_spi.o
                0x00000000080036e0                HAL_SPI_Init
 .text.HAL_SPI_Transmit
                0x00000000080037f2      0x278 ./Drivers/STM32F4xx_HAL_Driver/Src/stm32f4xx_hal_spi.o
                0x00000000080037f2                HAL_SPI_Transmit
 .text.HAL_SPI_Receive
                0x0000000008003a6a      0x222 ./Drivers/STM32F4xx_HAL_Driver/Src/stm32f4xx_hal_spi.o
                0x0000000008003a6a                HAL_SPI_Receive
 .text.HAL_SPI_TransmitReceive
                0x0000000008003c8c      0x344 ./Drivers/STM32F4xx_HAL_Driver/Src/stm32f4xx_hal_spi.o
                0x0000000008003c8c                HAL_SPI_TransmitReceive
 .text.SPI_WaitFlagStateUntilTimeout
                0x0000000008003fd0      0x110 ./Drivers/STM32F4xx_HAL_Driver/Src/stm32f4xx_hal_spi.o
 .text.SPI_EndRxTransaction
                0x00000000080040e0       0xca ./Drivers/STM32F4xx_HAL_Driver/Src/stm32f4xx_hal_spi.o
 *fill*         0x00000000080041aa        0x2 
 .text.SPI_EndRxTxTransaction
                0x00000000080041ac       0x84 ./Drivers/STM32F4xx_HAL_Driver/Src/stm32f4xx_hal_spi.o
 .text.__libc_init_array
                0x0000000008004230       0x48 d:/st/stm32cubeide_1.8.0/stm32cubeide/plugins/com.st.stm32cube.ide.mcu.externaltools.gnu-tools-for-stm32.9-2020-q2-update.win32_2.0.0.202105311346/tools/bin/../lib/gcc/arm-none-eabi/9.3.1/../../../../arm-none-eabi/lib/thumb/v7e-m+fp/hard\libc_nano.a(lib_a-init.o)
                0x0000000008004230                __libc_init_array
 .text.memset   0x0000000008004278       0x10 d:/st/stm32cubeide_1.8.0/stm32cubeide/plugins/com.st.stm32cube.ide.mcu.externaltools.gnu-tools-for-stm32.9-2020-q2-update.win32_2.0.0.202105311346/tools/bin/../lib/gcc/arm-none-eabi/9.3.1/../../../../arm-none-eabi/lib/thumb/v7e-m+fp/hard\libc_nano.a(lib_a-memset.o)
                0x0000000008004278                memset
 *(.glue_7)
 .glue_7        0x0000000008004288        0x0 linker stubs
 *(.glue_7t)
 .glue_7t       0x0000000008004288        0x0 linker stubs
 *(.eh_frame)
 .eh_frame      0x0000000008004288        0x0 d:/st/stm32cubeide_1.8.0/stm32cubeide/plugins/com.st.stm32cube.ide.mcu.externaltools.gnu-tools-for-stm32.9-2020-q2-update.win32_2.0.0.202105311346/tools/bin/../lib/gcc/arm-none-eabi/9.3.1/thumb/v7e-m+fp/hard/crtbegin.o
 *(.init)
 .init          0x0000000008004288        0x4 d:/st/stm32cubeide_1.8.0/stm32cubeide/plugins/com.st.stm32cube.ide.mcu.externaltools.gnu-tools-for-stm32.9-2020-q2-update.win32_2.0.0.202105311346/tools/bin/../lib/gcc/arm-none-eabi/9.3.1/thumb/v7e-m+fp/hard/crti.o
                0x0000000008004288                _init
 .init          0x000000000800428c        0x8 d:/st/stm32cubeide_1.8.0/stm32cubeide/plugins/com.st.stm32cube.ide.mcu.externaltools.gnu-tools-for-stm32.9-2020-q2-update.win32_2.0.0.202105311346/tools/bin/../lib/gcc/arm-none-eabi/9.3.1/thumb/v7e-m+fp/hard/crtn.o
 *(.fini)
 .fini          0x0000000008004294        0x4 d:/st/stm32cubeide_1.8.0/stm32cubeide/plugins/com.st.stm32cube.ide.mcu.externaltools.gnu-tools-for-stm32.9-2020-q2-update.win32_2.0.0.202105311346/tools/bin/../lib/gcc/arm-none-eabi/9.3.1/thumb/v7e-m+fp/hard/crti.o
                0x0000000008004294                _fini
 .fini          0x0000000008004298        0x8 d:/st/stm32cubeide_1.8.0/stm32cubeide/plugins/com.st.stm32cube.ide.mcu.externaltools.gnu-tools-for-stm32.9-2020-q2-update.win32_2.0.0.202105311346/tools/bin/../lib/gcc/arm-none-eabi/9.3.1/thumb/v7e-m+fp/hard/crtn.o
                0x00000000080042a0                . = ALIGN (0x4)
                0x00000000080042a0                _etext = .

.vfp11_veneer   0x00000000080042a0        0x0
 .vfp11_veneer  0x00000000080042a0        0x0 linker stubs

.v4_bx          0x00000000080042a0        0x0
 .v4_bx         0x00000000080042a0        0x0 linker stubs

.iplt           0x00000000080042a0        0x0
 .iplt          0x00000000080042a0        0x0 d:/st/stm32cubeide_1.8.0/stm32cubeide/plugins/com.st.stm32cube.ide.mcu.externaltools.gnu-tools-for-stm32.9-2020-q2-update.win32_2.0.0.202105311346/tools/bin/../lib/gcc/arm-none-eabi/9.3.1/thumb/v7e-m+fp/hard/crtbegin.o

.rodata         0x00000000080042a0       0x10
                0x00000000080042a0                . = ALIGN (0x4)
 *(.rodata)
 *(.rodata*)
 .rodata.AHBPrescTable
                0x00000000080042a0       0x10 ./Core/Src/system_stm32f4xx.o
                0x00000000080042a0                AHBPrescTable
                0x00000000080042b0                . = ALIGN (0x4)

.ARM.extab      0x00000000080042b0        0x0
                0x00000000080042b0                . = ALIGN (0x4)
 *(.ARM.extab* .gnu.linkonce.armextab.*)
                0x00000000080042b0                . = ALIGN (0x4)

.ARM            0x00000000080042b0        0x8
                0x00000000080042b0                . = ALIGN (0x4)
                0x00000000080042b0                __exidx_start = .
 *(.ARM.exidx*)
 .ARM.exidx     0x00000000080042b0        0x8 d:/st/stm32cubeide_1.8.0/stm32cubeide/plugins/com.st.stm32cube.ide.mcu.externaltools.gnu-tools-for-stm32.9-2020-q2-update.win32_2.0.0.202105311346/tools/bin/../lib/gcc/arm-none-eabi/9.3.1/thumb/v7e-m+fp/hard\libgcc.a(_udivmoddi4.o)
                0x00000000080042b8                __exidx_end = .
                0x00000000080042b8                . = ALIGN (0x4)

.rel.dyn        0x00000000080042b8        0x0
 .rel.iplt      0x00000000080042b8        0x0 d:/st/stm32cubeide_1.8.0/stm32cubeide/plugins/com.st.stm32cube.ide.mcu.externaltools.gnu-tools-for-stm32.9-2020-q2-update.win32_2.0.0.202105311346/tools/bin/../lib/gcc/arm-none-eabi/9.3.1/thumb/v7e-m+fp/hard/crtbegin.o

.preinit_array  0x00000000080042b8        0x0
                0x00000000080042b8                . = ALIGN (0x4)
                0x00000000080042b8                PROVIDE (__preinit_array_start = .)
 *(.preinit_array*)
                0x00000000080042b8                PROVIDE (__preinit_array_end = .)
                0x00000000080042b8                . = ALIGN (0x4)

.init_array     0x00000000080042b8        0x4
                0x00000000080042b8                . = ALIGN (0x4)
                0x00000000080042b8                PROVIDE (__init_array_start = .)
 *(SORT_BY_NAME(.init_array.*))
 *(.init_array*)
 .init_array    0x00000000080042b8        0x4 d:/st/stm32cubeide_1.8.0/stm32cubeide/plugins/com.st.stm32cube.ide.mcu.externaltools.gnu-tools-for-stm32.9-2020-q2-update.win32_2.0.0.202105311346/tools/bin/../lib/gcc/arm-none-eabi/9.3.1/thumb/v7e-m+fp/hard/crtbegin.o
                0x00000000080042bc                PROVIDE (__init_array_end = .)
                0x00000000080042bc                . = ALIGN (0x4)

.fini_array     0x00000000080042bc        0x4
                0x00000000080042bc                . = ALIGN (0x4)
                [!provide]                        PROVIDE (__fini_array_start = .)
 *(SORT_BY_NAME(.fini_array.*))
 *(.fini_array*)
 .fini_array    0x00000000080042bc        0x4 d:/st/stm32cubeide_1.8.0/stm32cubeide/plugins/com.st.stm32cube.ide.mcu.externaltools.gnu-tools-for-stm32.9-2020-q2-update.win32_2.0.0.202105311346/tools/bin/../lib/gcc/arm-none-eabi/9.3.1/thumb/v7e-m+fp/hard/crtbegin.o
                [!provide]                        PROVIDE (__fini_array_end = .)
                0x00000000080042c0                . = ALIGN (0x4)
                0x00000000080042c0                _sidata = LOADADDR (.data)

.data           0x0000000020000000       0x24 load address 0x00000000080042c0
                0x0000000020000000                . = ALIGN (0x4)
                0x0000000020000000                _sdata = .
 *(.data)
 *(.data*)
 .data.onReceiveFlag
                0x0000000020000000        0x1 ./Core/Src/main.o
                0x0000000020000000                onReceiveFlag
 *fill*         0x0000000020000001        0x7 
 .data.thisNode
                0x0000000020000008        0x8 ./Core/Src/main.o
                0x0000000020000008                thisNode
 .data.node     0x0000000020000010        0x8 ./Core/Src/main.o
                0x0000000020000010                node
 .data.SystemCoreClock
                0x0000000020000018        0x4 ./Core/Src/system_stm32f4xx.o
                0x0000000020000018                SystemCoreClock
 .data.uwTickPrio
                0x000000002000001c        0x4 ./Drivers/STM32F4xx_HAL_Driver/Src/stm32f4xx_hal.o
                0x000000002000001c                uwTickPrio
 .data.uwTickFreq
                0x0000000020000020        0x1 ./Drivers/STM32F4xx_HAL_Driver/Src/stm32f4xx_hal.o
                0x0000000020000020                uwTickFreq
 *(.RamFunc)
 *(.RamFunc*)
                0x0000000020000024                . = ALIGN (0x4)
 *fill*         0x0000000020000021        0x3 
                0x0000000020000024                _edata = .
                0x00000000080042e4                _siccmram = LOADADDR (.ccmram)

.igot.plt       0x0000000020000024        0x0 load address 0x00000000080042e4
 .igot.plt      0x0000000020000024        0x0 d:/st/stm32cubeide_1.8.0/stm32cubeide/plugins/com.st.stm32cube.ide.mcu.externaltools.gnu-tools-for-stm32.9-2020-q2-update.win32_2.0.0.202105311346/tools/bin/../lib/gcc/arm-none-eabi/9.3.1/thumb/v7e-m+fp/hard/crtbegin.o

.ccmram         0x0000000010000000        0x0 load address 0x00000000080042e4
                0x0000000010000000                . = ALIGN (0x4)
                0x0000000010000000                _sccmram = .
 *(.ccmram)
 *(.ccmram*)
                0x0000000010000000                . = ALIGN (0x4)
                0x0000000010000000                _eccmram = .
                0x0000000010000000                . = ALIGN (0x4)

.bss            0x0000000020000028      0x3a0
                0x0000000020000028                _sbss = .
                0x0000000020000028                __bss_start__ = _sbss
 *(.bss)
 .bss           0x0000000020000028       0x1c d:/st/stm32cubeide_1.8.0/stm32cubeide/plugins/com.st.stm32cube.ide.mcu.externaltools.gnu-tools-for-stm32.9-2020-q2-update.win32_2.0.0.202105311346/tools/bin/../lib/gcc/arm-none-eabi/9.3.1/thumb/v7e-m+fp/hard/crtbegin.o
 *(.bss*)
 *fill*         0x0000000020000044        0x4 
 .bss.pipe0_reading_address
                0x0000000020000048        0x8 ./Core/Src/AESK_NRF24.o
 .bss.ack_payload_available
                0x0000000020000050        0x1 ./Core/Src/AESK_NRF24.o
 .bss.ack_payload_length
                0x0000000020000051        0x1 ./Core/Src/AESK_NRF24.o
 .bss.payload_size
                0x0000000020000052        0x1 ./Core/Src/AESK_NRF24.o
 .bss.dynamic_payloads_enabled
                0x0000000020000053        0x1 ./Core/Src/AESK_NRF24.o
 .bss.wide_band
                0x0000000020000054        0x1 ./Core/Src/AESK_NRF24.o
 *fill*         0x0000000020000055        0x3 
 .bss.nrf24_PORT
                0x0000000020000058        0x4 ./Core/Src/AESK_NRF24.o
 .bss.nrf24_CSN_PIN
                0x000000002000005c        0x2 ./Core/Src/AESK_NRF24.o
 .bss.nrf24_CE_PIN
                0x000000002000005e        0x2 ./Core/Src/AESK_NRF24.o
 .bss.nrf24_hspi
                0x0000000020000060        0x4 ./Core/Src/AESK_NRF24.o
 .bss.counter   0x0000000020000064        0x2 ./Core/Src/main.o
                0x0000000020000064                counter
 *(COMMON)
 *fill*         0x0000000020000066        0x2 
 COMMON         0x0000000020000068        0x5 ./Core/Src/AESK_GL.o
                0x0000000020000068                aesk_gl
                0x000000002000006c                tt
 *fill*         0x000000002000006d        0x3 
 COMMON         0x0000000020000070      0x220 ./Core/Src/AESK_NRF24.o
                0x0000000020000070                aesk_nrf24_data
 COMMON         0x0000000020000290      0x134 ./Core/Src/main.o
                0x0000000020000290                motor2
                0x0000000020000294                latitude_f32
                0x0000000020000298                rollError
                0x000000002000029c                yawError
                0x00000000200002a0                motor4
                0x00000000200002a4                pitchError
                0x00000000200002a8                longtitude_f32
                0x00000000200002ac                altitudeError
                0x00000000200002b0                altitude
                0x00000000200002b4                motor1
                0x00000000200002b8                hspi1
                0x0000000020000310                yaw
                0x0000000020000314                aesk_Rx_Datas_Int
                0x0000000020000370                pitch
                0x0000000020000374                roll
                0x0000000020000378                motor3
                0x000000002000037a                indexTx
                0x000000002000037c                aesk_Rx_Datas_Float
 COMMON         0x00000000200003c4        0x4 ./Drivers/STM32F4xx_HAL_Driver/Src/stm32f4xx_hal.o
                0x00000000200003c4                uwTick
                0x00000000200003c8                . = ALIGN (0x4)
                0x00000000200003c8                _ebss = .
                0x00000000200003c8                __bss_end__ = _ebss

._user_heap_stack
                0x00000000200003c8      0x600
                0x00000000200003c8                . = ALIGN (0x8)
                [!provide]                        PROVIDE (end = .)
                0x00000000200003c8                PROVIDE (_end = .)
                0x00000000200005c8                . = (. + _Min_Heap_Size)
 *fill*         0x00000000200003c8      0x200 
                0x00000000200009c8                . = (. + _Min_Stack_Size)
 *fill*         0x00000000200005c8      0x400 
                0x00000000200009c8                . = ALIGN (0x8)

/DISCARD/
 libc.a(*)
 libm.a(*)
 libgcc.a(*)

.ARM.attributes
                0x0000000000000000       0x30
 *(.ARM.attributes)
 .ARM.attributes
                0x0000000000000000       0x1e d:/st/stm32cubeide_1.8.0/stm32cubeide/plugins/com.st.stm32cube.ide.mcu.externaltools.gnu-tools-for-stm32.9-2020-q2-update.win32_2.0.0.202105311346/tools/bin/../lib/gcc/arm-none-eabi/9.3.1/thumb/v7e-m+fp/hard/crti.o
 .ARM.attributes
                0x000000000000001e       0x34 d:/st/stm32cubeide_1.8.0/stm32cubeide/plugins/com.st.stm32cube.ide.mcu.externaltools.gnu-tools-for-stm32.9-2020-q2-update.win32_2.0.0.202105311346/tools/bin/../lib/gcc/arm-none-eabi/9.3.1/thumb/v7e-m+fp/hard/crtbegin.o
 .ARM.attributes
                0x0000000000000052       0x34 ./Core/Src/AESK_Data_Pack_lib.o
 .ARM.attributes
                0x0000000000000086       0x34 ./Core/Src/AESK_GL.o
 .ARM.attributes
                0x00000000000000ba       0x34 ./Core/Src/AESK_NRF24.o
 .ARM.attributes
                0x00000000000000ee       0x34 ./Core/Src/main.o
 .ARM.attributes
                0x0000000000000122       0x34 ./Core/Src/stm32f4xx_hal_msp.o
 .ARM.attributes
                0x0000000000000156       0x34 ./Core/Src/stm32f4xx_it.o
 .ARM.attributes
                0x000000000000018a       0x34 ./Core/Src/system_stm32f4xx.o
 .ARM.attributes
                0x00000000000001be       0x21 ./Core/Startup/startup_stm32f407vgtx.o
 .ARM.attributes
                0x00000000000001df       0x34 ./Drivers/STM32F4xx_HAL_Driver/Src/stm32f4xx_hal.o
 .ARM.attributes
                0x0000000000000213       0x34 ./Drivers/STM32F4xx_HAL_Driver/Src/stm32f4xx_hal_cortex.o
 .ARM.attributes
                0x0000000000000247       0x34 ./Drivers/STM32F4xx_HAL_Driver/Src/stm32f4xx_hal_gpio.o
 .ARM.attributes
                0x000000000000027b       0x34 ./Drivers/STM32F4xx_HAL_Driver/Src/stm32f4xx_hal_rcc.o
 .ARM.attributes
                0x00000000000002af       0x34 ./Drivers/STM32F4xx_HAL_Driver/Src/stm32f4xx_hal_spi.o
 .ARM.attributes
                0x00000000000002e3       0x34 d:/st/stm32cubeide_1.8.0/stm32cubeide/plugins/com.st.stm32cube.ide.mcu.externaltools.gnu-tools-for-stm32.9-2020-q2-update.win32_2.0.0.202105311346/tools/bin/../lib/gcc/arm-none-eabi/9.3.1/../../../../arm-none-eabi/lib/thumb/v7e-m+fp/hard\libc_nano.a(lib_a-init.o)
 .ARM.attributes
                0x0000000000000317       0x34 d:/st/stm32cubeide_1.8.0/stm32cubeide/plugins/com.st.stm32cube.ide.mcu.externaltools.gnu-tools-for-stm32.9-2020-q2-update.win32_2.0.0.202105311346/tools/bin/../lib/gcc/arm-none-eabi/9.3.1/../../../../arm-none-eabi/lib/thumb/v7e-m+fp/hard\libc_nano.a(lib_a-memset.o)
 .ARM.attributes
                0x000000000000034b       0x1e d:/st/stm32cubeide_1.8.0/stm32cubeide/plugins/com.st.stm32cube.ide.mcu.externaltools.gnu-tools-for-stm32.9-2020-q2-update.win32_2.0.0.202105311346/tools/bin/../lib/gcc/arm-none-eabi/9.3.1/thumb/v7e-m+fp/hard\libgcc.a(_arm_muldf3.o)
 .ARM.attributes
                0x0000000000000369       0x1e d:/st/stm32cubeide_1.8.0/stm32cubeide/plugins/com.st.stm32cube.ide.mcu.externaltools.gnu-tools-for-stm32.9-2020-q2-update.win32_2.0.0.202105311346/tools/bin/../lib/gcc/arm-none-eabi/9.3.1/thumb/v7e-m+fp/hard\libgcc.a(_arm_addsubdf3.o)
 .ARM.attributes
                0x0000000000000387       0x1e d:/st/stm32cubeide_1.8.0/stm32cubeide/plugins/com.st.stm32cube.ide.mcu.externaltools.gnu-tools-for-stm32.9-2020-q2-update.win32_2.0.0.202105311346/tools/bin/../lib/gcc/arm-none-eabi/9.3.1/thumb/v7e-m+fp/hard\libgcc.a(_arm_truncdfsf2.o)
 .ARM.attributes
                0x00000000000003a5       0x1e d:/st/stm32cubeide_1.8.0/stm32cubeide/plugins/com.st.stm32cube.ide.mcu.externaltools.gnu-tools-for-stm32.9-2020-q2-update.win32_2.0.0.202105311346/tools/bin/../lib/gcc/arm-none-eabi/9.3.1/thumb/v7e-m+fp/hard\libgcc.a(_aeabi_uldivmod.o)
 .ARM.attributes
                0x00000000000003c3       0x34 d:/st/stm32cubeide_1.8.0/stm32cubeide/plugins/com.st.stm32cube.ide.mcu.externaltools.gnu-tools-for-stm32.9-2020-q2-update.win32_2.0.0.202105311346/tools/bin/../lib/gcc/arm-none-eabi/9.3.1/thumb/v7e-m+fp/hard\libgcc.a(_udivmoddi4.o)
 .ARM.attributes
                0x00000000000003f7       0x1e d:/st/stm32cubeide_1.8.0/stm32cubeide/plugins/com.st.stm32cube.ide.mcu.externaltools.gnu-tools-for-stm32.9-2020-q2-update.win32_2.0.0.202105311346/tools/bin/../lib/gcc/arm-none-eabi/9.3.1/thumb/v7e-m+fp/hard\libgcc.a(_dvmd_tls.o)
 .ARM.attributes
                0x0000000000000415       0x1e d:/st/stm32cubeide_1.8.0/stm32cubeide/plugins/com.st.stm32cube.ide.mcu.externaltools.gnu-tools-for-stm32.9-2020-q2-update.win32_2.0.0.202105311346/tools/bin/../lib/gcc/arm-none-eabi/9.3.1/thumb/v7e-m+fp/hard/crtn.o
OUTPUT(F407forNRF.elf elf32-littlearm)
LOAD linker stubs
LOAD d:/st/stm32cubeide_1.8.0/stm32cubeide/plugins/com.st.stm32cube.ide.mcu.externaltools.gnu-tools-for-stm32.9-2020-q2-update.win32_2.0.0.202105311346/tools/bin/../lib/gcc/arm-none-eabi/9.3.1/../../../../arm-none-eabi/lib/thumb/v7e-m+fp/hard\libc.a
LOAD d:/st/stm32cubeide_1.8.0/stm32cubeide/plugins/com.st.stm32cube.ide.mcu.externaltools.gnu-tools-for-stm32.9-2020-q2-update.win32_2.0.0.202105311346/tools/bin/../lib/gcc/arm-none-eabi/9.3.1/../../../../arm-none-eabi/lib/thumb/v7e-m+fp/hard\libm.a
LOAD d:/st/stm32cubeide_1.8.0/stm32cubeide/plugins/com.st.stm32cube.ide.mcu.externaltools.gnu-tools-for-stm32.9-2020-q2-update.win32_2.0.0.202105311346/tools/bin/../lib/gcc/arm-none-eabi/9.3.1/thumb/v7e-m+fp/hard\libgcc.a

.debug_info     0x0000000000000000     0xa0e4
 .debug_info    0x0000000000000000      0xb1e ./Core/Src/AESK_Data_Pack_lib.o
 .debug_info    0x0000000000000b1e      0x35d ./Core/Src/AESK_GL.o
 .debug_info    0x0000000000000e7b     0x1f97 ./Core/Src/AESK_NRF24.o
 .debug_info    0x0000000000002e12     0x1e53 ./Core/Src/main.o
 .debug_info    0x0000000000004c65      0xa50 ./Core/Src/stm32f4xx_hal_msp.o
 .debug_info    0x00000000000056b5      0x24c ./Core/Src/stm32f4xx_it.o
 .debug_info    0x0000000000005901      0x5a4 ./Core/Src/system_stm32f4xx.o
 .debug_info    0x0000000000005ea5       0x22 ./Core/Startup/startup_stm32f407vgtx.o
 .debug_info    0x0000000000005ec7      0x9b2 ./Drivers/STM32F4xx_HAL_Driver/Src/stm32f4xx_hal.o
 .debug_info    0x0000000000006879      0xed7 ./Drivers/STM32F4xx_HAL_Driver/Src/stm32f4xx_hal_cortex.o
 .debug_info    0x0000000000007750      0x83e ./Drivers/STM32F4xx_HAL_Driver/Src/stm32f4xx_hal_gpio.o
 .debug_info    0x0000000000007f8e      0x996 ./Drivers/STM32F4xx_HAL_Driver/Src/stm32f4xx_hal_rcc.o
 .debug_info    0x0000000000008924     0x17c0 ./Drivers/STM32F4xx_HAL_Driver/Src/stm32f4xx_hal_spi.o

.debug_abbrev   0x0000000000000000     0x1952
 .debug_abbrev  0x0000000000000000       0xca ./Core/Src/AESK_Data_Pack_lib.o
 .debug_abbrev  0x00000000000000ca      0x1b2 ./Core/Src/AESK_GL.o
 .debug_abbrev  0x000000000000027c      0x3e7 ./Core/Src/AESK_NRF24.o
 .debug_abbrev  0x0000000000000663      0x31d ./Core/Src/main.o
 .debug_abbrev  0x0000000000000980      0x1ac ./Core/Src/stm32f4xx_hal_msp.o
 .debug_abbrev  0x0000000000000b2c       0xd2 ./Core/Src/stm32f4xx_it.o
 .debug_abbrev  0x0000000000000bfe      0x145 ./Core/Src/system_stm32f4xx.o
 .debug_abbrev  0x0000000000000d43       0x12 ./Core/Startup/startup_stm32f407vgtx.o
 .debug_abbrev  0x0000000000000d55      0x1ed ./Drivers/STM32F4xx_HAL_Driver/Src/stm32f4xx_hal.o
 .debug_abbrev  0x0000000000000f42      0x33c ./Drivers/STM32F4xx_HAL_Driver/Src/stm32f4xx_hal_cortex.o
 .debug_abbrev  0x000000000000127e      0x1f1 ./Drivers/STM32F4xx_HAL_Driver/Src/stm32f4xx_hal_gpio.o
 .debug_abbrev  0x000000000000146f      0x275 ./Drivers/STM32F4xx_HAL_Driver/Src/stm32f4xx_hal_rcc.o
 .debug_abbrev  0x00000000000016e4      0x26e ./Drivers/STM32F4xx_HAL_Driver/Src/stm32f4xx_hal_spi.o

.debug_aranges  0x0000000000000000      0x928
 .debug_aranges
                0x0000000000000000      0x128 ./Core/Src/AESK_Data_Pack_lib.o
 .debug_aranges
                0x0000000000000128       0x30 ./Core/Src/AESK_GL.o
 .debug_aranges
                0x0000000000000158      0x1d8 ./Core/Src/AESK_NRF24.o
 .debug_aranges
                0x0000000000000330       0x58 ./Core/Src/main.o
 .debug_aranges
                0x0000000000000388       0x30 ./Core/Src/stm32f4xx_hal_msp.o
 .debug_aranges
                0x00000000000003b8       0x68 ./Core/Src/stm32f4xx_it.o
 .debug_aranges
                0x0000000000000420       0x28 ./Core/Src/system_stm32f4xx.o
 .debug_aranges
                0x0000000000000448       0x28 ./Core/Startup/startup_stm32f407vgtx.o
 .debug_aranges
                0x0000000000000470       0xf0 ./Drivers/STM32F4xx_HAL_Driver/Src/stm32f4xx_hal.o
 .debug_aranges
                0x0000000000000560      0x118 ./Drivers/STM32F4xx_HAL_Driver/Src/stm32f4xx_hal_cortex.o
 .debug_aranges
                0x0000000000000678       0x58 ./Drivers/STM32F4xx_HAL_Driver/Src/stm32f4xx_hal_gpio.o
 .debug_aranges
                0x00000000000006d0       0x88 ./Drivers/STM32F4xx_HAL_Driver/Src/stm32f4xx_hal_rcc.o
 .debug_aranges
                0x0000000000000758      0x1d0 ./Drivers/STM32F4xx_HAL_Driver/Src/stm32f4xx_hal_spi.o

.debug_ranges   0x0000000000000000      0x860
 .debug_ranges  0x0000000000000000      0x118 ./Core/Src/AESK_Data_Pack_lib.o
 .debug_ranges  0x0000000000000118       0x20 ./Core/Src/AESK_GL.o
 .debug_ranges  0x0000000000000138      0x1c8 ./Core/Src/AESK_NRF24.o
 .debug_ranges  0x0000000000000300       0x48 ./Core/Src/main.o
 .debug_ranges  0x0000000000000348       0x20 ./Core/Src/stm32f4xx_hal_msp.o
 .debug_ranges  0x0000000000000368       0x58 ./Core/Src/stm32f4xx_it.o
 .debug_ranges  0x00000000000003c0       0x18 ./Core/Src/system_stm32f4xx.o
 .debug_ranges  0x00000000000003d8       0x20 ./Core/Startup/startup_stm32f407vgtx.o
 .debug_ranges  0x00000000000003f8       0xe0 ./Drivers/STM32F4xx_HAL_Driver/Src/stm32f4xx_hal.o
 .debug_ranges  0x00000000000004d8      0x108 ./Drivers/STM32F4xx_HAL_Driver/Src/stm32f4xx_hal_cortex.o
 .debug_ranges  0x00000000000005e0       0x48 ./Drivers/STM32F4xx_HAL_Driver/Src/stm32f4xx_hal_gpio.o
 .debug_ranges  0x0000000000000628       0x78 ./Drivers/STM32F4xx_HAL_Driver/Src/stm32f4xx_hal_rcc.o
 .debug_ranges  0x00000000000006a0      0x1c0 ./Drivers/STM32F4xx_HAL_Driver/Src/stm32f4xx_hal_spi.o

.debug_macro    0x0000000000000000    0x2027d
 .debug_macro   0x0000000000000000       0x72 ./Core/Src/AESK_Data_Pack_lib.o
 .debug_macro   0x0000000000000072      0xaa8 ./Core/Src/AESK_Data_Pack_lib.o
 .debug_macro   0x0000000000000b1a       0x22 ./Core/Src/AESK_Data_Pack_lib.o
 .debug_macro   0x0000000000000b3c       0x8e ./Core/Src/AESK_Data_Pack_lib.o
 .debug_macro   0x0000000000000bca       0x51 ./Core/Src/AESK_Data_Pack_lib.o
 .debug_macro   0x0000000000000c1b      0x103 ./Core/Src/AESK_Data_Pack_lib.o
 .debug_macro   0x0000000000000d1e       0x6a ./Core/Src/AESK_Data_Pack_lib.o
 .debug_macro   0x0000000000000d88      0x1df ./Core/Src/AESK_Data_Pack_lib.o
 .debug_macro   0x0000000000000f67       0x16 ./Core/Src/AESK_Data_Pack_lib.o
 .debug_macro   0x0000000000000f7d      0x1d3 ./Core/Src/AESK_GL.o
 .debug_macro   0x0000000000001150      0x295 ./Core/Src/AESK_GL.o
 .debug_macro   0x00000000000013e5       0x2e ./Core/Src/AESK_GL.o
 .debug_macro   0x0000000000001413       0x2f ./Core/Src/AESK_GL.o
 .debug_macro   0x0000000000001442       0x1c ./Core/Src/AESK_GL.o
 .debug_macro   0x000000000000145e       0x22 ./Core/Src/AESK_GL.o
 .debug_macro   0x0000000000001480       0xdf ./Core/Src/AESK_GL.o
 .debug_macro   0x000000000000155f     0x102d ./Core/Src/AESK_GL.o
 .debug_macro   0x000000000000258c      0x11f ./Core/Src/AESK_GL.o
 .debug_macro   0x00000000000026ab    0x15e58 ./Core/Src/AESK_GL.o
 .debug_macro   0x0000000000018503       0x6d ./Core/Src/AESK_GL.o
 .debug_macro   0x0000000000018570     0x3666 ./Core/Src/AESK_GL.o
 .debug_macro   0x000000000001bbd6      0x174 ./Core/Src/AESK_GL.o
 .debug_macro   0x000000000001bd4a       0x5c ./Core/Src/AESK_GL.o
 .debug_macro   0x000000000001bda6      0x96b ./Core/Src/AESK_GL.o
 .debug_macro   0x000000000001c711      0x9fe ./Core/Src/AESK_GL.o
 .debug_macro   0x000000000001d10f      0x116 ./Core/Src/AESK_GL.o
 .debug_macro   0x000000000001d225      0x13e ./Core/Src/AESK_GL.o
 .debug_macro   0x000000000001d363       0xa5 ./Core/Src/AESK_GL.o
 .debug_macro   0x000000000001d408      0x174 ./Core/Src/AESK_GL.o
 .debug_macro   0x000000000001d57c      0x287 ./Core/Src/AESK_GL.o
 .debug_macro   0x000000000001d803       0x5f ./Core/Src/AESK_GL.o
 .debug_macro   0x000000000001d862      0x236 ./Core/Src/AESK_GL.o
 .debug_macro   0x000000000001da98      0x12c ./Core/Src/AESK_GL.o
 .debug_macro   0x000000000001dbc4      0x21e ./Core/Src/AESK_GL.o
 .debug_macro   0x000000000001dde2       0x2e ./Core/Src/AESK_GL.o
 .debug_macro   0x000000000001de10      0x11a ./Core/Src/AESK_GL.o
 .debug_macro   0x000000000001df2a       0x7e ./Core/Src/AESK_GL.o
 .debug_macro   0x000000000001dfa8       0x89 ./Core/Src/AESK_GL.o
 .debug_macro   0x000000000001e031      0x225 ./Core/Src/AESK_GL.o
 .debug_macro   0x000000000001e256      0x12d ./Core/Src/AESK_GL.o
 .debug_macro   0x000000000001e383       0x6a ./Core/Src/AESK_GL.o
 .debug_macro   0x000000000001e3ed      0x306 ./Core/Src/AESK_NRF24.o
 .debug_macro   0x000000000001e6f3      0x226 ./Core/Src/AESK_NRF24.o
 .debug_macro   0x000000000001e919       0x18 ./Core/Src/AESK_NRF24.o
 .debug_macro   0x000000000001e931       0x52 ./Core/Src/AESK_NRF24.o
 .debug_macro   0x000000000001e983       0x3c ./Core/Src/AESK_NRF24.o
 .debug_macro   0x000000000001e9bf       0x34 ./Core/Src/AESK_NRF24.o
 .debug_macro   0x000000000001e9f3       0x16 ./Core/Src/AESK_NRF24.o
 .debug_macro   0x000000000001ea09       0x35 ./Core/Src/AESK_NRF24.o
 .debug_macro   0x000000000001ea3e       0x16 ./Core/Src/AESK_NRF24.o
 .debug_macro   0x000000000001ea54       0x43 ./Core/Src/AESK_NRF24.o
 .debug_macro   0x000000000001ea97       0x34 ./Core/Src/AESK_NRF24.o
 .debug_macro   0x000000000001eacb       0x10 ./Core/Src/AESK_NRF24.o
 .debug_macro   0x000000000001eadb       0x58 ./Core/Src/AESK_NRF24.o
 .debug_macro   0x000000000001eb33       0x71 ./Core/Src/AESK_NRF24.o
 .debug_macro   0x000000000001eba4       0x1c ./Core/Src/AESK_NRF24.o
 .debug_macro   0x000000000001ebc0      0x12a ./Core/Src/AESK_NRF24.o
 .debug_macro   0x000000000001ecea      0x333 ./Core/Src/AESK_NRF24.o
 .debug_macro   0x000000000001f01d       0x16 ./Core/Src/AESK_NRF24.o
 .debug_macro   0x000000000001f033       0x29 ./Core/Src/AESK_NRF24.o
 .debug_macro   0x000000000001f05c       0x22 ./Core/Src/AESK_NRF24.o
 .debug_macro   0x000000000001f07e       0x16 ./Core/Src/AESK_NRF24.o
 .debug_macro   0x000000000001f094       0x20 ./Core/Src/AESK_NRF24.o
 .debug_macro   0x000000000001f0b4       0x1c ./Core/Src/AESK_NRF24.o
 .debug_macro   0x000000000001f0d0      0x30c ./Core/Src/main.o
 .debug_macro   0x000000000001f3dc       0x10 ./Core/Src/main.o
 .debug_macro   0x000000000001f3ec      0x1c9 ./Core/Src/stm32f4xx_hal_msp.o
 .debug_macro   0x000000000001f5b5      0x1d3 ./Core/Src/stm32f4xx_it.o
 .debug_macro   0x000000000001f788      0x1ba ./Core/Src/system_stm32f4xx.o
 .debug_macro   0x000000000001f942      0x21a ./Drivers/STM32F4xx_HAL_Driver/Src/stm32f4xx_hal.o
 .debug_macro   0x000000000001fb5c      0x1ba ./Drivers/STM32F4xx_HAL_Driver/Src/stm32f4xx_hal_cortex.o
 .debug_macro   0x000000000001fd16      0x1c0 ./Drivers/STM32F4xx_HAL_Driver/Src/stm32f4xx_hal_gpio.o
 .debug_macro   0x000000000001fed6      0x1de ./Drivers/STM32F4xx_HAL_Driver/Src/stm32f4xx_hal_rcc.o
 .debug_macro   0x00000000000200b4      0x1c9 ./Drivers/STM32F4xx_HAL_Driver/Src/stm32f4xx_hal_spi.o

.debug_line     0x0000000000000000     0x91a1
 .debug_line    0x0000000000000000      0xd14 ./Core/Src/AESK_Data_Pack_lib.o
 .debug_line    0x0000000000000d14      0x7b3 ./Core/Src/AESK_GL.o
 .debug_line    0x00000000000014c7     0x11b6 ./Core/Src/AESK_NRF24.o
 .debug_line    0x000000000000267d      0xb9e ./Core/Src/main.o
 .debug_line    0x000000000000321b      0x6e3 ./Core/Src/stm32f4xx_hal_msp.o
 .debug_line    0x00000000000038fe      0x770 ./Core/Src/stm32f4xx_it.o
 .debug_line    0x000000000000406e      0x716 ./Core/Src/system_stm32f4xx.o
 .debug_line    0x0000000000004784       0x88 ./Core/Startup/startup_stm32f407vgtx.o
 .debug_line    0x000000000000480c      0x97c ./Drivers/STM32F4xx_HAL_Driver/Src/stm32f4xx_hal.o
 .debug_line    0x0000000000005188      0xc2b ./Drivers/STM32F4xx_HAL_Driver/Src/stm32f4xx_hal_cortex.o
 .debug_line    0x0000000000005db3      0xaf2 ./Drivers/STM32F4xx_HAL_Driver/Src/stm32f4xx_hal_gpio.o
 .debug_line    0x00000000000068a5      0xcf8 ./Drivers/STM32F4xx_HAL_Driver/Src/stm32f4xx_hal_rcc.o
 .debug_line    0x000000000000759d     0x1c04 ./Drivers/STM32F4xx_HAL_Driver/Src/stm32f4xx_hal_spi.o

.debug_str      0x0000000000000000    0xc2526
 .debug_str     0x0000000000000000     0x3f41 ./Core/Src/AESK_Data_Pack_lib.o
                                       0x40de (size before relaxing)
 .debug_str     0x0000000000003f41    0xb82ba ./Core/Src/AESK_GL.o
                                      0xbc0f0 (size before relaxing)
 .debug_str     0x00000000000bc1fb     0x4529 ./Core/Src/AESK_NRF24.o
                                      0xc0780 (size before relaxing)
 .debug_str     0x00000000000c0724      0x9f3 ./Core/Src/main.o
                                      0xc09aa (size before relaxing)
 .debug_str     0x00000000000c1117       0x4e ./Core/Src/stm32f4xx_hal_msp.o
                                      0xbc5b8 (size before relaxing)
 .debug_str     0x00000000000c1165       0xce ./Core/Src/stm32f4xx_it.o
                                      0xbc0a0 (size before relaxing)
 .debug_str     0x00000000000c1233       0xaf ./Core/Src/system_stm32f4xx.o
                                      0xbbfcb (size before relaxing)
 .debug_str     0x00000000000c12e2       0x36 ./Core/Startup/startup_stm32f407vgtx.o
                                         0x8e (size before relaxing)
 .debug_str     0x00000000000c1318      0x583 ./Drivers/STM32F4xx_HAL_Driver/Src/stm32f4xx_hal.o
                                      0xbcaad (size before relaxing)
 .debug_str     0x00000000000c189b      0x384 ./Drivers/STM32F4xx_HAL_Driver/Src/stm32f4xx_hal_cortex.o
                                      0xbc89c (size before relaxing)
 .debug_str     0x00000000000c1c1f      0x13f ./Drivers/STM32F4xx_HAL_Driver/Src/stm32f4xx_hal_gpio.o
                                      0xbc172 (size before relaxing)
 .debug_str     0x00000000000c1d5e      0x24e ./Drivers/STM32F4xx_HAL_Driver/Src/stm32f4xx_hal_rcc.o
                                      0xbc3cd (size before relaxing)
 .debug_str     0x00000000000c1fac      0x57a ./Drivers/STM32F4xx_HAL_Driver/Src/stm32f4xx_hal_spi.o
                                      0xbc86f (size before relaxing)

.comment        0x0000000000000000       0x53
 .comment       0x0000000000000000       0x53 ./Core/Src/AESK_Data_Pack_lib.o
                                         0x54 (size before relaxing)
 .comment       0x0000000000000053       0x54 ./Core/Src/AESK_GL.o
 .comment       0x0000000000000053       0x54 ./Core/Src/AESK_NRF24.o
 .comment       0x0000000000000053       0x54 ./Core/Src/main.o
 .comment       0x0000000000000053       0x54 ./Core/Src/stm32f4xx_hal_msp.o
 .comment       0x0000000000000053       0x54 ./Core/Src/stm32f4xx_it.o
 .comment       0x0000000000000053       0x54 ./Core/Src/system_stm32f4xx.o
 .comment       0x0000000000000053       0x54 ./Drivers/STM32F4xx_HAL_Driver/Src/stm32f4xx_hal.o
 .comment       0x0000000000000053       0x54 ./Drivers/STM32F4xx_HAL_Driver/Src/stm32f4xx_hal_cortex.o
 .comment       0x0000000000000053       0x54 ./Drivers/STM32F4xx_HAL_Driver/Src/stm32f4xx_hal_gpio.o
 .comment       0x0000000000000053       0x54 ./Drivers/STM32F4xx_HAL_Driver/Src/stm32f4xx_hal_rcc.o
 .comment       0x0000000000000053       0x54 ./Drivers/STM32F4xx_HAL_Driver/Src/stm32f4xx_hal_spi.o

.debug_frame    0x0000000000000000     0x258c
 .debug_frame   0x0000000000000000      0x560 ./Core/Src/AESK_Data_Pack_lib.o
 .debug_frame   0x0000000000000560       0x80 ./Core/Src/AESK_GL.o
 .debug_frame   0x00000000000005e0      0x784 ./Core/Src/AESK_NRF24.o
 .debug_frame   0x0000000000000d64      0x11c ./Core/Src/main.o
 .debug_frame   0x0000000000000e80       0x7c ./Core/Src/stm32f4xx_hal_msp.o
 .debug_frame   0x0000000000000efc      0x120 ./Core/Src/stm32f4xx_it.o
 .debug_frame   0x000000000000101c       0x58 ./Core/Src/system_stm32f4xx.o
 .debug_frame   0x0000000000001074      0x374 ./Drivers/STM32F4xx_HAL_Driver/Src/stm32f4xx_hal.o
 .debug_frame   0x00000000000013e8      0x498 ./Drivers/STM32F4xx_HAL_Driver/Src/stm32f4xx_hal_cortex.o
 .debug_frame   0x0000000000001880      0x14c ./Drivers/STM32F4xx_HAL_Driver/Src/stm32f4xx_hal_gpio.o
 .debug_frame   0x00000000000019cc      0x1f0 ./Drivers/STM32F4xx_HAL_Driver/Src/stm32f4xx_hal_rcc.o
 .debug_frame   0x0000000000001bbc      0x824 ./Drivers/STM32F4xx_HAL_Driver/Src/stm32f4xx_hal_spi.o
 .debug_frame   0x00000000000023e0       0x2c d:/st/stm32cubeide_1.8.0/stm32cubeide/plugins/com.st.stm32cube.ide.mcu.externaltools.gnu-tools-for-stm32.9-2020-q2-update.win32_2.0.0.202105311346/tools/bin/../lib/gcc/arm-none-eabi/9.3.1/../../../../arm-none-eabi/lib/thumb/v7e-m+fp/hard\libc_nano.a(lib_a-init.o)
 .debug_frame   0x000000000000240c       0x20 d:/st/stm32cubeide_1.8.0/stm32cubeide/plugins/com.st.stm32cube.ide.mcu.externaltools.gnu-tools-for-stm32.9-2020-q2-update.win32_2.0.0.202105311346/tools/bin/../lib/gcc/arm-none-eabi/9.3.1/../../../../arm-none-eabi/lib/thumb/v7e-m+fp/hard\libc_nano.a(lib_a-memset.o)
 .debug_frame   0x000000000000242c       0x30 d:/st/stm32cubeide_1.8.0/stm32cubeide/plugins/com.st.stm32cube.ide.mcu.externaltools.gnu-tools-for-stm32.9-2020-q2-update.win32_2.0.0.202105311346/tools/bin/../lib/gcc/arm-none-eabi/9.3.1/thumb/v7e-m+fp/hard\libgcc.a(_arm_muldf3.o)
 .debug_frame   0x000000000000245c       0xac d:/st/stm32cubeide_1.8.0/stm32cubeide/plugins/com.st.stm32cube.ide.mcu.externaltools.gnu-tools-for-stm32.9-2020-q2-update.win32_2.0.0.202105311346/tools/bin/../lib/gcc/arm-none-eabi/9.3.1/thumb/v7e-m+fp/hard\libgcc.a(_arm_addsubdf3.o)
 .debug_frame   0x0000000000002508       0x24 d:/st/stm32cubeide_1.8.0/stm32cubeide/plugins/com.st.stm32cube.ide.mcu.externaltools.gnu-tools-for-stm32.9-2020-q2-update.win32_2.0.0.202105311346/tools/bin/../lib/gcc/arm-none-eabi/9.3.1/thumb/v7e-m+fp/hard\libgcc.a(_arm_truncdfsf2.o)
 .debug_frame   0x000000000000252c       0x2c d:/st/stm32cubeide_1.8.0/stm32cubeide/plugins/com.st.stm32cube.ide.mcu.externaltools.gnu-tools-for-stm32.9-2020-q2-update.win32_2.0.0.202105311346/tools/bin/../lib/gcc/arm-none-eabi/9.3.1/thumb/v7e-m+fp/hard\libgcc.a(_aeabi_uldivmod.o)
 .debug_frame   0x0000000000002558       0x34 d:/st/stm32cubeide_1.8.0/stm32cubeide/plugins/com.st.stm32cube.ide.mcu.externaltools.gnu-tools-for-stm32.9-2020-q2-update.win32_2.0.0.202105311346/tools/bin/../lib/gcc/arm-none-eabi/9.3.1/thumb/v7e-m+fp/hard\libgcc.a(_udivmoddi4.o)
