core_cm4.h:1939:34:__NVIC_SystemReset	4	static,ignoring_inline_asm
FLASH.c:14:9:Flash_Clear_Sector	40	static
FLASH.c:35:10:GetSector	24	static
FLASH.c:138:9:Flash_Write_Data_int8	48	static
FLASH.c:194:9:Flash_Write_Data_u8	48	static
FLASH.c:251:9:Flash_Write_Data_int16	48	static
FLASH.c:307:9:Flash_Write_Data_u16	48	static
FLASH.c:360:10:Flash_Write_Data_int32	48	static
FLASH.c:417:10:Flash_Write_Data_u32	48	static
FLASH.c:474:6:Flash_Read_Data_int8	24	static
FLASH.c:484:6:Flash_Read_Data_u8	24	static
FLASH.c:494:6:Flash_Read_Data_int16	24	static
FLASH.c:504:6:Flash_Read_Data_u16	24	static
FLASH.c:514:6:Flash_Read_Data_int32	24	static
FLASH.c:524:6:Flash_Read_Data_u32	24	static
FLASH.c:536:6:Hex_File_Init	16	static
FLASH.c:547:6:HEX_File_Control	288	static
FLASH.c:632:6:Checksum_Control	16	static
FLASH.c:691:19:Flash_HEX_File	16	static
FLASH.c:701:6:JumpToApplication	40128	static,ignoring_inline_asm
FLASH.c:760:6:JumpToBootLoader	24	static,ignoring_inline_asm
FLASH.c:781:9:Hexadecimal_To_Decimal	24	static
