main.c:35:6:Scanner	8	static
main.c:117:6:HAL_ADC_ConvCpltCallback	16	static
main.c:140:5:main	16	static
main.c:310:6:SystemClock_Config	88	static
main.c:354:13:MX_ADC1_Init	24	static
main.c:420:13:MX_I2C1_Init	8	static
main.c:454:13:MX_I2C2_Init	8	static
main.c:488:13:MX_SDIO_SD_Init	4	static
main.c:516:13:MX_SPI1_Init	8	static
main.c:554:13:MX_TIM1_Init	80	static
main.c:631:13:MX_UART4_Init	8	static
main.c:664:13:MX_USART3_UART_Init	8	static
main.c:697:13:MX_USART6_UART_Init	8	static
main.c:728:13:MX_DMA_Init	16	static
main.c:759:13:MX_GPIO_Init	48	static
main.c:803:6:Error_Handler	4	static,ignoring_inline_asm
