core_cm4.h:1939:34:__NVIC_SystemReset	4	static,ignoring_inline_asm
Uav_Global.c:9:6:HAL_SYSTICK_Callback	4	static
Uav_Global.c:46:5:MapInt	24	static
Uav_Global.c:50:7:MapFloat	32	static
Uav_Global.c:54:7:constrain	24	static
Uav_Global.c:67:6:HAL_UART_RxCpltCallback	32	static
Uav_Global.c:139:6:HAL_GPIO_EXTI_Callback	16	static
Uav_Global.c:147:6:onReceive	16	static
Uav_Global.c:162:6:parseBuffer	24	static
Uav_Global.c:253:6:Battery_Calculate	16	static
Uav_Global.c:272:6:MainAllInit	16	static
Uav_Global.c:337:6:RemoteControlOnOff	8	static
Uav_Global.c:352:6:Registerinit	88	static
