Archive member included to satisfy reference by file (symbol)

d:/st/stm32cubeide_1.8.0/stm32cubeide/plugins/com.st.stm32cube.ide.mcu.externaltools.gnu-tools-for-stm32.9-2020-q2-update.win32_2.0.0.202105311346/tools/bin/../lib/gcc/arm-none-eabi/9.3.1/../../../../arm-none-eabi/lib/thumb/v7-m/nofp\libc_nano.a(lib_a-errno.o)
                              ./Core/Src/syscalls.o (__errno)
d:/st/stm32cubeide_1.8.0/stm32cubeide/plugins/com.st.stm32cube.ide.mcu.externaltools.gnu-tools-for-stm32.9-2020-q2-update.win32_2.0.0.202105311346/tools/bin/../lib/gcc/arm-none-eabi/9.3.1/../../../../arm-none-eabi/lib/thumb/v7-m/nofp\libc_nano.a(lib_a-exit.o)
                              d:/st/stm32cubeide_1.8.0/stm32cubeide/plugins/com.st.stm32cube.ide.mcu.externaltools.gnu-tools-for-stm32.9-2020-q2-update.win32_2.0.0.202105311346/tools/bin/../lib/gcc/arm-none-eabi/9.3.1/../../../../arm-none-eabi/lib/thumb/v7-m/nofp/crt0.o (exit)
d:/st/stm32cubeide_1.8.0/stm32cubeide/plugins/com.st.stm32cube.ide.mcu.externaltools.gnu-tools-for-stm32.9-2020-q2-update.win32_2.0.0.202105311346/tools/bin/../lib/gcc/arm-none-eabi/9.3.1/../../../../arm-none-eabi/lib/thumb/v7-m/nofp\libc_nano.a(lib_a-impure.o)
                              d:/st/stm32cubeide_1.8.0/stm32cubeide/plugins/com.st.stm32cube.ide.mcu.externaltools.gnu-tools-for-stm32.9-2020-q2-update.win32_2.0.0.202105311346/tools/bin/../lib/gcc/arm-none-eabi/9.3.1/../../../../arm-none-eabi/lib/thumb/v7-m/nofp\libc_nano.a(lib_a-exit.o) (_global_impure_ptr)
d:/st/stm32cubeide_1.8.0/stm32cubeide/plugins/com.st.stm32cube.ide.mcu.externaltools.gnu-tools-for-stm32.9-2020-q2-update.win32_2.0.0.202105311346/tools/bin/../lib/gcc/arm-none-eabi/9.3.1/../../../../arm-none-eabi/lib/thumb/v7-m/nofp\libc_nano.a(lib_a-init.o)
                              d:/st/stm32cubeide_1.8.0/stm32cubeide/plugins/com.st.stm32cube.ide.mcu.externaltools.gnu-tools-for-stm32.9-2020-q2-update.win32_2.0.0.202105311346/tools/bin/../lib/gcc/arm-none-eabi/9.3.1/../../../../arm-none-eabi/lib/thumb/v7-m/nofp/crt0.o (__libc_init_array)
d:/st/stm32cubeide_1.8.0/stm32cubeide/plugins/com.st.stm32cube.ide.mcu.externaltools.gnu-tools-for-stm32.9-2020-q2-update.win32_2.0.0.202105311346/tools/bin/../lib/gcc/arm-none-eabi/9.3.1/../../../../arm-none-eabi/lib/thumb/v7-m/nofp\libc_nano.a(lib_a-memset.o)
                              d:/st/stm32cubeide_1.8.0/stm32cubeide/plugins/com.st.stm32cube.ide.mcu.externaltools.gnu-tools-for-stm32.9-2020-q2-update.win32_2.0.0.202105311346/tools/bin/../lib/gcc/arm-none-eabi/9.3.1/../../../../arm-none-eabi/lib/thumb/v7-m/nofp/crt0.o (memset)
d:/st/stm32cubeide_1.8.0/stm32cubeide/plugins/com.st.stm32cube.ide.mcu.externaltools.gnu-tools-for-stm32.9-2020-q2-update.win32_2.0.0.202105311346/tools/bin/../lib/gcc/arm-none-eabi/9.3.1/thumb/v7-m/nofp\libgcc.a(_arm_muldf3.o)
                              ./Core/Src/main.o (__aeabi_dmul)
d:/st/stm32cubeide_1.8.0/stm32cubeide/plugins/com.st.stm32cube.ide.mcu.externaltools.gnu-tools-for-stm32.9-2020-q2-update.win32_2.0.0.202105311346/tools/bin/../lib/gcc/arm-none-eabi/9.3.1/thumb/v7-m/nofp\libgcc.a(_arm_addsubdf3.o)
                              ./Core/Src/main.o (__aeabi_dsub)
d:/st/stm32cubeide_1.8.0/stm32cubeide/plugins/com.st.stm32cube.ide.mcu.externaltools.gnu-tools-for-stm32.9-2020-q2-update.win32_2.0.0.202105311346/tools/bin/../lib/gcc/arm-none-eabi/9.3.1/thumb/v7-m/nofp\libgcc.a(_arm_truncdfsf2.o)
                              ./Core/Src/main.o (__aeabi_d2f)
d:/st/stm32cubeide_1.8.0/stm32cubeide/plugins/com.st.stm32cube.ide.mcu.externaltools.gnu-tools-for-stm32.9-2020-q2-update.win32_2.0.0.202105311346/tools/bin/../lib/gcc/arm-none-eabi/9.3.1/thumb/v7-m/nofp\libgcc.a(_arm_addsubsf3.o)
                              ./Core/Src/main.o (__aeabi_fsub)
d:/st/stm32cubeide_1.8.0/stm32cubeide/plugins/com.st.stm32cube.ide.mcu.externaltools.gnu-tools-for-stm32.9-2020-q2-update.win32_2.0.0.202105311346/tools/bin/../lib/gcc/arm-none-eabi/9.3.1/thumb/v7-m/nofp\libgcc.a(_arm_muldivsf3.o)
                              ./Core/Src/AESK_Data_Pack_lib.o (__aeabi_fdiv)

Allocating common symbols
Common symbol       size              file

motor2              0x2               ./Core/Src/main.o
aesk_nrf24_data     0x220             ./Core/Src/AESK_NRF24.o
latitude_f32        0x4               ./Core/Src/main.o
uwTick              0x4               ./Drivers/STM32F1xx_HAL_Driver/Src/stm32f1xx_hal.o
rollError           0x4               ./Core/Src/main.o
pFlash              0x20              ./Drivers/STM32F1xx_HAL_Driver/Src/stm32f1xx_hal_flash.o
yawError            0x4               ./Core/Src/main.o
aesk_gl             0x4               ./Core/Src/AESK_GL.o
motor4              0x2               ./Core/Src/main.o
pitchError          0x4               ./Core/Src/main.o
longtitude_f32      0x4               ./Core/Src/main.o
altitudeError       0x4               ./Core/Src/main.o
tt                  0x2               ./Core/Src/AESK_GL.o
[...]
Memory Configuration

Name             Origin             Length             Attributes
RAM              0x0000000020000000 0x0000000000005000 xrw
FLASH            0x0000000008000000 0x0000000000010000 xr
*default*        0x0000000000000000 0xffffffffffffffff

Linker script and memory map

LOAD d:/st/stm32cubeide_1.8.0/stm32cubeide/plugins/com.st.stm32cube.ide.mcu.externaltools.gnu-tools-for-stm32.9-2020-q2-update.win32_2.0.0.202105311346/tools/bin/../lib/gcc/arm-none-eabi/9.3.1/thumb/v7-m/nofp/crti.o
LOAD d:/st/stm32cubeide_1.8.0/stm32cubeide/plugins/com.st.stm32cube.ide.mcu.externaltools.gnu-tools-for-stm32.9-2020-q2-update.win32_2.0.0.202105311346/tools/bin/../lib/gcc/arm-none-eabi/9.3.1/thumb/v7-m/nofp/crtbegin.o
LOAD d:/st/stm32cubeide_1.8.0/stm32cubeide/plugins/com.st.stm32cube.ide.mcu.externaltools.gnu-tools-for-stm32.9-2020-q2-update.win32_2.0.0.202105311346/tools/bin/../lib/gcc/arm-none-eabi/9.3.1/../../../../arm-none-eabi/lib/thumb/v7-m/nofp/crt0.o
LOAD ./Core/Src/AESK_Data_Pack_lib.o
LOAD ./Core/Src/AESK_GL.o
LOAD ./Core/Src/AESK_NRF24.o
LOAD ./Core/Src/main.o
LOAD ./Core/Src/stm32f1xx_hal_msp.o
LOAD ./Core/Src/stm32f1xx_it.o
LOAD ./Core/Src/syscalls.o
LOAD ./Core/Src/sysmem.o
LOAD ./Core/Src/system_stm32f1xx.o
LOAD ./Core/Startup/startup_stm32f103c8tx.o
LOAD ./Drivers/STM32F1xx_HAL_Driver/Src/stm32f1xx_hal.o
LOAD ./Drivers/STM32F1xx_HAL_Driver/Src/stm32f1xx_hal_cortex.o
LOAD ./Drivers/STM32F1xx_HAL_Driver/Src/stm32f1xx_hal_dma.o
LOAD ./Drivers/STM32F1xx_HAL_Driver/Src/stm32f1xx_hal_exti.o
LOAD ./Drivers/STM32F1xx_HAL_Driver/Src/stm32f1xx_hal_flash.o
LOAD ./Drivers/STM32F1xx_HAL_Driver/Src/stm32f1xx_hal_flash_ex.o
LOAD ./Drivers/STM32F1xx_HAL_Driver/Src/stm32f1xx_hal_gpio.o
LOAD ./Drivers/STM32F1xx_HAL_Driver/Src/stm32f1xx_hal_gpio_ex.o
LOAD ./Drivers/STM32F1xx_HAL_Driver/Src/stm32f1xx_hal_pwr.o
LOAD ./Drivers/STM32F1xx_HAL_Driver/Src/stm32f1xx_hal_rcc.o
LOAD ./Drivers/STM32F1xx_HAL_Driver/Src/stm32f1xx_hal_rcc_ex.o
LOAD ./Drivers/STM32F1xx_HAL_Driver/Src/stm32f1xx_hal_spi.o
LOAD ./Drivers/STM32F1xx_HAL_Driver/Src/stm32f1xx_hal_tim.o
LOAD ./Drivers/STM32F1xx_HAL_Driver/Src/stm32f1xx_hal_tim_ex.o
START GROUP
LOAD d:/st/stm32cubeide_1.8.0/stm32cubeide/plugins/com.st.stm32cube.ide.mcu.externaltools.gnu-tools-for-stm32.9-2020-q2-update.win32_2.0.0.202105311346/tools/bin/../lib/gcc/arm-none-eabi/9.3.1/../../../../arm-none-eabi/lib/thumb/v7-m/nofp\libc_nano.a
LOAD d:/st/stm32cubeide_1.8.0/stm32cubeide/plugins/com.st.stm32cube.ide.mcu.externaltools.gnu-tools-for-stm32.9-2020-q2-update.win32_2.0.0.202105311346/tools/bin/../lib/gcc/arm-none-eabi/9.3.1/../../../../arm-none-eabi/lib/thumb/v7-m/nofp\libm.a
END GROUP
START GROUP
LOAD d:/st/stm32cubeide_1.8.0/stm32cubeide/plugins/com.st.stm32cube.ide.mcu.externaltools.gnu-tools-for-stm32.9-2020-q2-update.win32_2.0.0.202105311346/tools/bin/../lib/gcc/arm-none-eabi/9.3.1/thumb/v7-m/nofp\libgcc.a
LOAD d:/st/stm32cubeide_1.8.0/stm32cubeide/plugins/com.st.stm32cube.ide.mcu.externaltools.gnu-tools-for-stm32.9-2020-q2-update.win32_2.0.0.202105311346/tools/bin/../lib/gcc/arm-none-eabi/9.3.1/../../../../arm-none-eabi/lib/thumb/v7-m/nofp\libc_nano.a
END GROUP
START GROUP
LOAD d:/st/stm32cubeide_1.8.0/stm32cubeide/plugins/com.st.stm32cube.ide.mcu.externaltools.gnu-tools-for-stm32.9-2020-q2-update.win32_2.0.0.202105311346/tools/bin/../lib/gcc/arm-none-eabi/9.3.1/thumb/v7-m/nofp\libgcc.a
LOAD d:/st/stm32cubeide_1.8.0/stm32cubeide/plugins/com.st.stm32cube.ide.mcu.externaltools.gnu-tools-for-stm32.9-2020-q2-update.win32_2.0.0.202105311346/tools/bin/../lib/gcc/arm-none-eabi/9.3.1/../../../../arm-none-eabi/lib/thumb/v7-m/nofp\libc_nano.a
LOAD d:/st/stm32cubeide_1.8.0/stm32cubeide/plugins/com.st.stm32cube.ide.mcu.externaltools.gnu-tools-for-stm32.9-2020-q2-update.win32_2.0.0.202105311346/tools/bin/../lib/gcc/arm-none-eabi/9.3.1/../../../../arm-none-eabi/lib/thumb/v7-m/nofp\libnosys.a
END GROUP
START GROUP
LOAD d:/st/stm32cubeide_1.8.0/stm32cubeide/plugins/com.st.stm32cube.ide.mcu.externaltools.gnu-tools-for-stm32.9-2020-q2-update.win32_2.0.0.202105311346/tools/bin/../lib/gcc/arm-none-eabi/9.3.1/thumb/v7-m/nofp\libgcc.a
LOAD d:/st/stm32cubeide_1.8.0/stm32cubeide/plugins/com.st.stm32cube.ide.mcu.externaltools.gnu-tools-for-stm32.9-2020-q2-update.win32_2.0.0.202105311346/tools/bin/../lib/gcc/arm-none-eabi/9.3.1/../../../../arm-none-eabi/lib/thumb/v7-m/nofp\libc_nano.a
LOAD d:/st/stm32cubeide_1.8.0/stm32cubeide/plugins/com.st.stm32cube.ide.mcu.externaltools.gnu-tools-for-stm32.9-2020-q2-update.win32_2.0.0.202105311346/tools/bin/../lib/gcc/arm-none-eabi/9.3.1/../../../../arm-none-eabi/lib/thumb/v7-m/nofp\libnosys.a
END GROUP
LOAD d:/st/stm32cubeide_1.8.0/stm32cubeide/plugins/com.st.stm32cube.ide.mcu.externaltools.gnu-tools-for-stm32.9-2020-q2-update.win32_2.0.0.202105311346/tools/bin/../lib/gcc/arm-none-eabi/9.3.1/thumb/v7-m/nofp/crtend.o
LOAD d:/st/stm32cubeide_1.8.0/stm32cubeide/plugins/com.st.stm32cube.ide.mcu.externaltools.gnu-tools-for-stm32.9-2020-q2-update.win32_2.0.0.202105311346/tools/bin/../lib/gcc/arm-none-eabi/9.3.1/thumb/v7-m/nofp/crtn.o
                0x0000000020005000                _estack = (ORIGIN (RAM) + LENGTH (RAM))
                0x0000000000000200                _Min_Heap_Size = 0x200
                0x0000000000000400                _Min_Stack_Size = 0x400

.isr_vector     0x0000000008000000      0x10c
                0x0000000008000000                . = ALIGN (0x4)
 *(.isr_vector)
 .isr_vector    0x0000000008000000      0x10c ./Core/Startup/startup_stm32f103c8tx.o
                0x0000000008000000                g_pfnVectors
                0x000000000800010c                . = ALIGN (0x4)

.text           0x0000000008000110     0x3f90
                0x0000000008000110                . = ALIGN (0x4)
 *(.text)
 .text          0x0000000008000110       0x40 d:/st/stm32cubeide_1.8.0/stm32cubeide/plugins/com.st.stm32cube.ide.mcu.externaltools.gnu-tools-for-stm32.9-2020-q2-update.win32_2.0.0.202105311346/tools/bin/../lib/gcc/arm-none-eabi/9.3.1/thumb/v7-m/nofp/crtbegin.o
 .text          0x0000000008000150      0x254 d:/st/stm32cubeide_1.8.0/stm32cubeide/plugins/com.st.stm32cube.ide.mcu.externaltools.gnu-tools-for-stm32.9-2020-q2-update.win32_2.0.0.202105311346/tools/bin/../lib/gcc/arm-none-eabi/9.3.1/thumb/v7-m/nofp\libgcc.a(_arm_muldf3.o)
                0x0000000008000150                __muldf3
                0x0000000008000150                __aeabi_dmul
 .text          0x00000000080003a4      0x378 d:/st/stm32cubeide_1.8.0/stm32cubeide/plugins/com.st.stm32cube.ide.mcu.externaltools.gnu-tools-for-stm32.9-2020-q2-update.win32_2.0.0.202105311346/tools/bin/../lib/gcc/arm-none-eabi/9.3.1/thumb/v7-m/nofp\libgcc.a(_arm_addsubdf3.o)
                0x00000000080003a4                __aeabi_drsub
                0x00000000080003ac                __aeabi_dsub
                0x00000000080003ac                __subdf3
                0x00000000080003b0                __aeabi_dadd
                0x00000000080003b0                __adddf3
                0x0000000008000628                __floatunsidf
                0x0000000008000628                __aeabi_ui2d
                0x0000000008000648                __floatsidf
                0x0000000008000648                __aeabi_i2d
                0x000000000800066c                __aeabi_f2d
                0x000000000800066c                __extendsfdf2
                0x00000000080006b0                __floatundidf
                0x00000000080006b0                __aeabi_ul2d
                0x00000000080006c0                __floatdidf
                0x00000000080006c0                __aeabi_l2d
 .text          0x000000000800071c       0xa0 d:/st/stm32cubeide_1.8.0/stm32cubeide/plugins/com.st.stm32cube.ide.mcu.externaltools.gnu-tools-for-stm32.9-2020-q2-update.win32_2.0.0.202105311346/tools/bin/../lib/gcc/arm-none-eabi/9.3.1/thumb/v7-m/nofp\libgcc.a(_arm_truncdfsf2.o)
                0x000000000800071c                __truncdfsf2
                0x000000000800071c                __aeabi_d2f
 .text          0x00000000080007bc      0x21c d:/st/stm32cubeide_1.8.0/stm32cubeide/plugins/com.st.stm32cube.ide.mcu.externaltools.gnu-tools-for-stm32.9-2020-q2-update.win32_2.0.0.202105311346/tools/bin/../lib/gcc/arm-none-eabi/9.3.1/thumb/v7-m/nofp\libgcc.a(_arm_addsubsf3.o)
                0x00000000080007bc                __aeabi_frsub
                0x00000000080007c4                __subsf3
                0x00000000080007c4                __aeabi_fsub
                0x00000000080007c8                __aeabi_fadd
                0x00000000080007c8                __addsf3
                0x0000000008000928                __aeabi_ui2f
                0x0000000008000928                __floatunsisf
                0x0000000008000930                __aeabi_i2f
                0x0000000008000930                __floatsisf
                0x000000000800094c                __aeabi_ul2f
                0x000000000800094c                __floatundisf
                0x000000000800095c                __aeabi_l2f
                0x000000000800095c                __floatdisf
 .text          0x00000000080009d8      0x2a0 d:/st/stm32cubeide_1.8.0/stm32cubeide/plugins/com.st.stm32cube.ide.mcu.externaltools.gnu-tools-for-stm32.9-2020-q2-update.win32_2.0.0.202105311346/tools/bin/../lib/gcc/arm-none-eabi/9.3.1/thumb/v7-m/nofp\libgcc.a(_arm_muldivsf3.o)
                0x00000000080009d8                __mulsf3
                0x00000000080009d8                __aeabi_fmul
                0x0000000008000b40                __aeabi_fdiv
                0x0000000008000b40                __divsf3
 *(.text*)
 .text.AESK_UINT16toUINT8_LE
                0x0000000008000c78       0x42 ./Core/Src/AESK_Data_Pack_lib.o
                0x0000000008000c78                AESK_UINT16toUINT8_LE
 .text.AESK_FLOAT32toUINT8_LE
                0x0000000008000cba       0x62 ./Core/Src/AESK_Data_Pack_lib.o
                0x0000000008000cba                AESK_FLOAT32toUINT8_LE
 .text.AESK_UINT8toUINT24_LE
                0x0000000008000d1c       0x5e ./Core/Src/AESK_Data_Pack_lib.o
                0x0000000008000d1c                AESK_UINT8toUINT24_LE
 *fill*         0x0000000008000d7a        0x2 
 .text.HAL_SYSTICK_Callback
                0x0000000008000d7c      0x120 ./Core/Src/AESK_GL.o
                0x0000000008000d7c                HAL_SYSTICK_Callback
 .text.AESK_NRF24_Init
                0x0000000008000e9c       0x6c ./Core/Src/AESK_NRF24.o
                0x0000000008000e9c                AESK_NRF24_Init
 .text.AESK_NRF24_DATA_Init
                0x0000000008000f08       0x60 ./Core/Src/AESK_NRF24.o
                0x0000000008000f08                AESK_NRF24_DATA_Init
 .text.AESK_NRF24_DelayMicroSeconds
                0x0000000008000f68       0x40 ./Core/Src/AESK_NRF24.o
                0x0000000008000f68                AESK_NRF24_DelayMicroSeconds
 .text.AESK_NRF24_csn
                0x0000000008000fa8       0x40 ./Core/Src/AESK_NRF24.o
                0x0000000008000fa8                AESK_NRF24_csn
 .text.AESK_NRF24_ce
                0x0000000008000fe8       0x40 ./Core/Src/AESK_NRF24.o
                0x0000000008000fe8                AESK_NRF24_ce
 .text.AESK_NRF24_read_register
                0x0000000008001028       0x54 ./Core/Src/AESK_NRF24.o
                0x0000000008001028                AESK_NRF24_read_register
 .text.AESK_NRF24_read_registerN
                0x000000000800107c       0x54 ./Core/Src/AESK_NRF24.o
                0x000000000800107c                AESK_NRF24_read_registerN
 .text.AESK_NRF24_write_register
                0x00000000080010d0       0x48 ./Core/Src/AESK_NRF24.o
                0x00000000080010d0                AESK_NRF24_write_register
 .text.AESK_NRF24_write_registerN
                0x0000000008001118       0x54 ./Core/Src/AESK_NRF24.o
                0x0000000008001118                AESK_NRF24_write_registerN
 .text.AESK_NRF24_write_payload
                0x000000000800116c       0x48 ./Core/Src/AESK_NRF24.o
                0x000000000800116c                AESK_NRF24_write_payload
 .text.AESK_NRF24_read_payload
                0x00000000080011b4       0x64 ./Core/Src/AESK_NRF24.o
                0x00000000080011b4                AESK_NRF24_read_payload
 .text.AESK_NRF24_flush_tx
                0x0000000008001218       0x10 ./Core/Src/AESK_NRF24.o
                0x0000000008001218                AESK_NRF24_flush_tx
 .text.AESK_NRF24_flush_rx
                0x0000000008001228       0x10 ./Core/Src/AESK_NRF24.o
                0x0000000008001228                AESK_NRF24_flush_rx
 .text.AESK_NRF24_get_status
                0x0000000008001238       0x1a ./Core/Src/AESK_NRF24.o
                0x0000000008001238                AESK_NRF24_get_status
 *fill*         0x0000000008001252        0x2 
 .text.AESK_NRF24_begin
                0x0000000008001254      0x1a8 ./Core/Src/AESK_NRF24.o
                0x0000000008001254                AESK_NRF24_begin
 .text.AESK_NRF24_startListening
                0x00000000080013fc       0x4c ./Core/Src/AESK_NRF24.o
                0x00000000080013fc                AESK_NRF24_startListening
 .text.AESK_NRF24_stopListening
                0x0000000008001448       0x16 ./Core/Src/AESK_NRF24.o
                0x0000000008001448                AESK_NRF24_stopListening
 *fill*         0x000000000800145e        0x2 
 .text.AESK_NRF24_write
                0x0000000008001460       0x98 ./Core/Src/AESK_NRF24.o
                0x0000000008001460                AESK_NRF24_write
 .text.AESK_NRF24_available
                0x00000000080014f8       0x10 ./Core/Src/AESK_NRF24.o
                0x00000000080014f8                AESK_NRF24_available
 .text.AESK_NRF24_read
                0x0000000008001508       0x44 ./Core/Src/AESK_NRF24.o
                0x0000000008001508                AESK_NRF24_read
 .text.AESK_NRF24_openReadingPipe
                0x000000000800154c       0x1e ./Core/Src/AESK_NRF24.o
                0x000000000800154c                AESK_NRF24_openReadingPipe
 .text.AESK_NRF24_openWritingPipe
                0x000000000800156a       0x1e ./Core/Src/AESK_NRF24.o
                0x000000000800156a                AESK_NRF24_openWritingPipe
 .text.AESK_NRF24_SetPayloadSize
                0x0000000008001588       0x2c ./Core/Src/AESK_NRF24.o
                0x0000000008001588                AESK_NRF24_SetPayloadSize
 .text.AESK_NRF24_setRetries
                0x00000000080015b4       0x36 ./Core/Src/AESK_NRF24.o
                0x00000000080015b4                AESK_NRF24_setRetries
 .text.AESK_NRF24_setChannel
                0x00000000080015ea       0x2a ./Core/Src/AESK_NRF24.o
                0x00000000080015ea                AESK_NRF24_setChannel
 .text.AESK_NRF24_setPayloadSize
                0x0000000008001614       0x2c ./Core/Src/AESK_NRF24.o
                0x0000000008001614                AESK_NRF24_setPayloadSize
 .text.AESK_NRF24_getPayloadSize
                0x0000000008001640       0x14 ./Core/Src/AESK_NRF24.o
                0x0000000008001640                AESK_NRF24_getPayloadSize
 .text.AESK_NRF24_getDynamicPayloadSize
                0x0000000008001654       0x10 ./Core/Src/AESK_NRF24.o
                0x0000000008001654                AESK_NRF24_getDynamicPayloadSize
 .text.AESK_NRF24_disableDynamicPayloads
                0x0000000008001664       0x30 ./Core/Src/AESK_NRF24.o
                0x0000000008001664                AESK_NRF24_disableDynamicPayloads
 .text.AESK_NRF24_setAutoAck
                0x0000000008001694       0x2a ./Core/Src/AESK_NRF24.o
                0x0000000008001694                AESK_NRF24_setAutoAck
 .text.AESK_NRF24_setPALevel
                0x00000000080016be       0x6c ./Core/Src/AESK_NRF24.o
                0x00000000080016be                AESK_NRF24_setPALevel
 *fill*         0x000000000800172a        0x2 
 .text.AESK_NRF24_setDataRate
                0x000000000800172c       0x8c ./Core/Src/AESK_NRF24.o
                0x000000000800172c                AESK_NRF24_setDataRate
 .text.AESK_NRF24_setCRCLength
                0x00000000080017b8       0x50 ./Core/Src/AESK_NRF24.o
                0x00000000080017b8                AESK_NRF24_setCRCLength
 .text.AESK_NRF24_powerDown
                0x0000000008001808       0x1e ./Core/Src/AESK_NRF24.o
                0x0000000008001808                AESK_NRF24_powerDown
 .text.AESK_NRF24_availablePipe
                0x0000000008001826       0x60 ./Core/Src/AESK_NRF24.o
                0x0000000008001826                AESK_NRF24_availablePipe
 .text.AESK_NRF24_startWrite
                0x0000000008001886       0x5e ./Core/Src/AESK_NRF24.o
                0x0000000008001886                AESK_NRF24_startWrite
 .text.AESK_NRF24_whatHappened
                0x00000000080018e4       0x66 ./Core/Src/AESK_NRF24.o
                0x00000000080018e4                AESK_NRF24_whatHappened
 .text.AESK_NRF24_resetStatus
                0x000000000800194a       0x10 ./Core/Src/AESK_NRF24.o
                0x000000000800194a                AESK_NRF24_resetStatus
 *fill*         0x000000000800195a        0x2 
 .text.AESK_NRF24_ACTIVATE_cmd
                0x000000000800195c       0x34 ./Core/Src/AESK_NRF24.o
                0x000000000800195c                AESK_NRF24_ACTIVATE_cmd
 .text.AESK_NRF24_Set_PipeAdress
                0x0000000008001990       0x30 ./Core/Src/AESK_NRF24.o
                0x0000000008001990                AESK_NRF24_Set_PipeAdress
 .text.AESK_NRF24_ReadPack
                0x00000000080019c0       0xd8 ./Core/Src/AESK_NRF24.o
                0x00000000080019c0                AESK_NRF24_ReadPack
 .text.AESK_NRF24_WritePack
                0x0000000008001a98       0xec ./Core/Src/AESK_NRF24.o
                0x0000000008001a98                AESK_NRF24_WritePack
 *fill*         0x0000000008001b84        0x4 
 .text.main     0x0000000008001b88      0x394 ./Core/Src/main.o
                0x0000000008001b88                main
 .text.SystemClock_Config
                0x0000000008001f1c       0x8a ./Core/Src/main.o
                0x0000000008001f1c                SystemClock_Config
 *fill*         0x0000000008001fa6        0x2 
 .text.MX_SPI1_Init
                0x0000000008001fa8       0x6c ./Core/Src/main.o
 .text.MX_GPIO_Init
                0x0000000008002014      0x108 ./Core/Src/main.o
 .text.HAL_GPIO_EXTI_Callback
                0x000000000800211c       0x28 ./Core/Src/main.o
                0x000000000800211c                HAL_GPIO_EXTI_Callback
 .text.onReceive
                0x0000000008002144       0x48 ./Core/Src/main.o
                0x0000000008002144                onReceive
 .text.parseBuffer
                0x000000000800218c      0x378 ./Core/Src/main.o
                0x000000000800218c                parseBuffer
 .text.Error_Handler
                0x0000000008002504        0xa ./Core/Src/main.o
                0x0000000008002504                Error_Handler
 *fill*         0x000000000800250e        0x2 
 .text.HAL_MspInit
                0x0000000008002510       0x64 ./Core/Src/stm32f1xx_hal_msp.o
                0x0000000008002510                HAL_MspInit
 .text.HAL_SPI_MspInit
                0x0000000008002574       0x94 ./Core/Src/stm32f1xx_hal_msp.o
                0x0000000008002574                HAL_SPI_MspInit
 .text.NMI_Handler
                0x0000000008002608        0x6 ./Core/Src/stm32f1xx_it.o
                0x0000000008002608                NMI_Handler
 .text.HardFault_Handler
                0x000000000800260e        0x6 ./Core/Src/stm32f1xx_it.o
                0x000000000800260e                HardFault_Handler
 .text.MemManage_Handler
                0x0000000008002614        0x6 ./Core/Src/stm32f1xx_it.o
                0x0000000008002614                MemManage_Handler
 .text.BusFault_Handler
                0x000000000800261a        0x6 ./Core/Src/stm32f1xx_it.o
                0x000000000800261a                BusFault_Handler
 .text.UsageFault_Handler
                0x0000000008002620        0x6 ./Core/Src/stm32f1xx_it.o
                0x0000000008002620                UsageFault_Handler
 .text.SVC_Handler
                0x0000000008002626        0xc ./Core/Src/stm32f1xx_it.o
                0x0000000008002626                SVC_Handler
 .text.DebugMon_Handler
                0x0000000008002632        0xc ./Core/Src/stm32f1xx_it.o
                0x0000000008002632                DebugMon_Handler
 .text.PendSV_Handler
                0x000000000800263e        0xc ./Core/Src/stm32f1xx_it.o
                0x000000000800263e                PendSV_Handler
 .text.SysTick_Handler
                0x000000000800264a       0x10 ./Core/Src/stm32f1xx_it.o
                0x000000000800264a                SysTick_Handler
 .text.EXTI15_10_IRQHandler
                0x000000000800265a       0x10 ./Core/Src/stm32f1xx_it.o
                0x000000000800265a                EXTI15_10_IRQHandler
 .text.SystemInit
                0x000000000800266a        0xc ./Core/Src/system_stm32f1xx.o
                0x000000000800266a                SystemInit
 *fill*         0x0000000008002676        0x2 
 .text.Reset_Handler
                0x0000000008002678       0x48 ./Core/Startup/startup_stm32f103c8tx.o
                0x0000000008002678                Reset_Handler
 .text.Default_Handler
                0x00000000080026c0        0x2 ./Core/Startup/startup_stm32f103c8tx.o
                0x00000000080026c0                RTC_Alarm_IRQHandler
                0x00000000080026c0                EXTI2_IRQHandler
                0x00000000080026c0                TIM1_CC_IRQHandler
                0x00000000080026c0                PVD_IRQHandler
                0x00000000080026c0                EXTI3_IRQHandler
                0x00000000080026c0                EXTI0_IRQHandler
                0x00000000080026c0                I2C2_EV_IRQHandler
                0x00000000080026c0                ADC1_2_IRQHandler
                0x00000000080026c0                SPI1_IRQHandler
                0x00000000080026c0                TAMPER_IRQHandler
                0x00000000080026c0                DMA1_Channel4_IRQHandler
                0x00000000080026c0                USART3_IRQHandler
                0x00000000080026c0                RTC_IRQHandler
                0x00000000080026c0                DMA1_Channel7_IRQHandler
                0x00000000080026c0                CAN1_RX1_IRQHandler
                0x00000000080026c0                TIM4_IRQHandler
                0x00000000080026c0                I2C1_EV_IRQHandler
                0x00000000080026c0                DMA1_Channel6_IRQHandler
                0x00000000080026c0                TIM3_IRQHandler
                0x00000000080026c0                RCC_IRQHandler
                0x00000000080026c0                TIM1_TRG_COM_IRQHandler
                0x00000000080026c0                DMA1_Channel1_IRQHandler
                0x00000000080026c0                Default_Handler
                0x00000000080026c0                EXTI9_5_IRQHandler
                0x00000000080026c0                SPI2_IRQHandler
                0x00000000080026c0                DMA1_Channel5_IRQHandler
                0x00000000080026c0                EXTI4_IRQHandler
                0x00000000080026c0                USB_LP_CAN1_RX0_IRQHandler
                0x00000000080026c0                USB_HP_CAN1_TX_IRQHandler
                0x00000000080026c0                DMA1_Channel3_IRQHandler
                0x00000000080026c0                TIM1_UP_IRQHandler
                0x00000000080026c0                WWDG_IRQHandler
                0x00000000080026c0                TIM2_IRQHandler
                0x00000000080026c0                TIM1_BRK_IRQHandler
                0x00000000080026c0                EXTI1_IRQHandler
                0x00000000080026c0                USART2_IRQHandler
                0x00000000080026c0                I2C2_ER_IRQHandler
                0x00000000080026c0                DMA1_Channel2_IRQHandler
                0x00000000080026c0                CAN1_SCE_IRQHandler
                0x00000000080026c0                FLASH_IRQHandler
                0x00000000080026c0                USART1_IRQHandler
                0x00000000080026c0                I2C1_ER_IRQHandler
                0x00000000080026c0                USBWakeUp_IRQHandler
 *fill*         0x00000000080026c2        0x2 
 .text.HAL_Init
                0x00000000080026c4       0x2c ./Drivers/STM32F1xx_HAL_Driver/Src/stm32f1xx_hal.o
                0x00000000080026c4                HAL_Init
 .text.HAL_InitTick
                0x00000000080026f0       0x60 ./Drivers/STM32F1xx_HAL_Driver/Src/stm32f1xx_hal.o
                0x00000000080026f0                HAL_InitTick
 .text.HAL_IncTick
                0x0000000008002750       0x24 ./Drivers/STM32F1xx_HAL_Driver/Src/stm32f1xx_hal.o
                0x0000000008002750                HAL_IncTick
 .text.HAL_GetTick
                0x0000000008002774       0x14 ./Drivers/STM32F1xx_HAL_Driver/Src/stm32f1xx_hal.o
                0x0000000008002774                HAL_GetTick
 .text.HAL_Delay
                0x0000000008002788       0x48 ./Drivers/STM32F1xx_HAL_Driver/Src/stm32f1xx_hal.o
                0x0000000008002788                HAL_Delay
 .text.__NVIC_SetPriorityGrouping
                0x00000000080027d0       0x48 ./Drivers/STM32F1xx_HAL_Driver/Src/stm32f1xx_hal_cortex.o
 .text.__NVIC_GetPriorityGrouping
                0x0000000008002818       0x1c ./Drivers/STM32F1xx_HAL_Driver/Src/stm32f1xx_hal_cortex.o
 .text.__NVIC_EnableIRQ
                0x0000000008002834       0x38 ./Drivers/STM32F1xx_HAL_Driver/Src/stm32f1xx_hal_cortex.o
 .text.__NVIC_SetPriority
                0x000000000800286c       0x54 ./Drivers/STM32F1xx_HAL_Driver/Src/stm32f1xx_hal_cortex.o
 .text.NVIC_EncodePriority
                0x00000000080028c0       0x64 ./Drivers/STM32F1xx_HAL_Driver/Src/stm32f1xx_hal_cortex.o
 .text.SysTick_Config
                0x0000000008002924       0x44 ./Drivers/STM32F1xx_HAL_Driver/Src/stm32f1xx_hal_cortex.o
 .text.HAL_NVIC_SetPriorityGrouping
                0x0000000008002968       0x16 ./Drivers/STM32F1xx_HAL_Driver/Src/stm32f1xx_hal_cortex.o
                0x0000000008002968                HAL_NVIC_SetPriorityGrouping
 .text.HAL_NVIC_SetPriority
                0x000000000800297e       0x38 ./Drivers/STM32F1xx_HAL_Driver/Src/stm32f1xx_hal_cortex.o
                0x000000000800297e                HAL_NVIC_SetPriority
 .text.HAL_NVIC_EnableIRQ
                0x00000000080029b6       0x1c ./Drivers/STM32F1xx_HAL_Driver/Src/stm32f1xx_hal_cortex.o
                0x00000000080029b6                HAL_NVIC_EnableIRQ
 .text.HAL_SYSTICK_Config
                0x00000000080029d2       0x18 ./Drivers/STM32F1xx_HAL_Driver/Src/stm32f1xx_hal_cortex.o
                0x00000000080029d2                HAL_SYSTICK_Config
 *fill*         0x00000000080029ea        0x2 
 .text.HAL_GPIO_Init
                0x00000000080029ec      0x308 ./Drivers/STM32F1xx_HAL_Driver/Src/stm32f1xx_hal_gpio.o
                0x00000000080029ec                HAL_GPIO_Init
 .text.HAL_GPIO_WritePin
                0x0000000008002cf4       0x30 ./Drivers/STM32F1xx_HAL_Driver/Src/stm32f1xx_hal_gpio.o
                0x0000000008002cf4                HAL_GPIO_WritePin
 .text.HAL_GPIO_TogglePin
                0x0000000008002d24       0x32 ./Drivers/STM32F1xx_HAL_Driver/Src/stm32f1xx_hal_gpio.o
                0x0000000008002d24                HAL_GPIO_TogglePin
 *fill*         0x0000000008002d56        0x2 
 .text.HAL_GPIO_EXTI_IRQHandler
                0x0000000008002d58       0x30 ./Drivers/STM32F1xx_HAL_Driver/Src/stm32f1xx_hal_gpio.o
                0x0000000008002d58                HAL_GPIO_EXTI_IRQHandler
 .text.HAL_RCC_OscConfig
                0x0000000008002d88      0x500 ./Drivers/STM32F1xx_HAL_Driver/Src/stm32f1xx_hal_rcc.o
                0x0000000008002d88                HAL_RCC_OscConfig
 .text.HAL_RCC_ClockConfig
                0x0000000008003288      0x1d4 ./Drivers/STM32F1xx_HAL_Driver/Src/stm32f1xx_hal_rcc.o
                0x0000000008003288                HAL_RCC_ClockConfig
 .text.HAL_RCC_GetSysClockFreq
                0x000000000800345c       0xc0 ./Drivers/STM32F1xx_HAL_Driver/Src/stm32f1xx_hal_rcc.o
                0x000000000800345c                HAL_RCC_GetSysClockFreq
 .text.RCC_Delay
                0x000000000800351c       0x3c ./Drivers/STM32F1xx_HAL_Driver/Src/stm32f1xx_hal_rcc.o
 .text.HAL_SPI_Init
                0x0000000008003558      0x108 ./Drivers/STM32F1xx_HAL_Driver/Src/stm32f1xx_hal_spi.o
                0x0000000008003558                HAL_SPI_Init
 .text.HAL_SPI_Transmit
                0x0000000008003660      0x278 ./Drivers/STM32F1xx_HAL_Driver/Src/stm32f1xx_hal_spi.o
                0x0000000008003660                HAL_SPI_Transmit
 .text.HAL_SPI_Receive
                0x00000000080038d8      0x222 ./Drivers/STM32F1xx_HAL_Driver/Src/stm32f1xx_hal_spi.o
                0x00000000080038d8                HAL_SPI_Receive
 .text.HAL_SPI_TransmitReceive
                0x0000000008003afa      0x344 ./Drivers/STM32F1xx_HAL_Driver/Src/stm32f1xx_hal_spi.o
                0x0000000008003afa                HAL_SPI_TransmitReceive
 *fill*         0x0000000008003e3e        0x2 
 .text.SPI_WaitFlagStateUntilTimeout
                0x0000000008003e40      0x110 ./Drivers/STM32F1xx_HAL_Driver/Src/stm32f1xx_hal_spi.o
 .text.SPI_EndRxTransaction
                0x0000000008003f50       0xa4 ./Drivers/STM32F1xx_HAL_Driver/Src/stm32f1xx_hal_spi.o
 .text.SPI_EndRxTxTransaction
                0x0000000008003ff4       0x3c ./Drivers/STM32F1xx_HAL_Driver/Src/stm32f1xx_hal_spi.o
 .text.__libc_init_array
                0x0000000008004030       0x48 d:/st/stm32cubeide_1.8.0/stm32cubeide/plugins/com.st.stm32cube.ide.mcu.externaltools.gnu-tools-for-stm32.9-2020-q2-update.win32_2.0.0.202105311346/tools/bin/../lib/gcc/arm-none-eabi/9.3.1/../../../../arm-none-eabi/lib/thumb/v7-m/nofp\libc_nano.a(lib_a-init.o)
                0x0000000008004030                __libc_init_array
 .text.memset   0x0000000008004078       0x10 d:/st/stm32cubeide_1.8.0/stm32cubeide/plugins/com.st.stm32cube.ide.mcu.externaltools.gnu-tools-for-stm32.9-2020-q2-update.win32_2.0.0.202105311346/tools/bin/../lib/gcc/arm-none-eabi/9.3.1/../../../../arm-none-eabi/lib/thumb/v7-m/nofp\libc_nano.a(lib_a-memset.o)
                0x0000000008004078                memset
 *(.glue_7)
 .glue_7        0x0000000008004088        0x0 linker stubs
 *(.glue_7t)
 .glue_7t       0x0000000008004088        0x0 linker stubs
 *(.eh_frame)
 .eh_frame      0x0000000008004088        0x0 d:/st/stm32cubeide_1.8.0/stm32cubeide/plugins/com.st.stm32cube.ide.mcu.externaltools.gnu-tools-for-stm32.9-2020-q2-update.win32_2.0.0.202105311346/tools/bin/../lib/gcc/arm-none-eabi/9.3.1/thumb/v7-m/nofp/crtbegin.o
 *(.init)
 .init          0x0000000008004088        0x4 d:/st/stm32cubeide_1.8.0/stm32cubeide/plugins/com.st.stm32cube.ide.mcu.externaltools.gnu-tools-for-stm32.9-2020-q2-update.win32_2.0.0.202105311346/tools/bin/../lib/gcc/arm-none-eabi/9.3.1/thumb/v7-m/nofp/crti.o
                0x0000000008004088                _init
 .init          0x000000000800408c        0x8 d:/st/stm32cubeide_1.8.0/stm32cubeide/plugins/com.st.stm32cube.ide.mcu.externaltools.gnu-tools-for-stm32.9-2020-q2-update.win32_2.0.0.202105311346/tools/bin/../lib/gcc/arm-none-eabi/9.3.1/thumb/v7-m/nofp/crtn.o
 *(.fini)
 .fini          0x0000000008004094        0x4 d:/st/stm32cubeide_1.8.0/stm32cubeide/plugins/com.st.stm32cube.ide.mcu.externaltools.gnu-tools-for-stm32.9-2020-q2-update.win32_2.0.0.202105311346/tools/bin/../lib/gcc/arm-none-eabi/9.3.1/thumb/v7-m/nofp/crti.o
                0x0000000008004094                _fini
 .fini          0x0000000008004098        0x8 d:/st/stm32cubeide_1.8.0/stm32cubeide/plugins/com.st.stm32cube.ide.mcu.externaltools.gnu-tools-for-stm32.9-2020-q2-update.win32_2.0.0.202105311346/tools/bin/../lib/gcc/arm-none-eabi/9.3.1/thumb/v7-m/nofp/crtn.o
                0x00000000080040a0                . = ALIGN (0x4)
                0x00000000080040a0                _etext = .

.vfp11_veneer   0x00000000080040a0        0x0
 .vfp11_veneer  0x00000000080040a0        0x0 linker stubs

.v4_bx          0x00000000080040a0        0x0
 .v4_bx         0x00000000080040a0        0x0 linker stubs

.iplt           0x00000000080040a0        0x0
 .iplt          0x00000000080040a0        0x0 d:/st/stm32cubeide_1.8.0/stm32cubeide/plugins/com.st.stm32cube.ide.mcu.externaltools.gnu-tools-for-stm32.9-2020-q2-update.win32_2.0.0.202105311346/tools/bin/../lib/gcc/arm-none-eabi/9.3.1/thumb/v7-m/nofp/crtbegin.o

.rodata         0x00000000080040a0       0x20
                0x00000000080040a0                . = ALIGN (0x4)
 *(.rodata)
 .rodata        0x00000000080040a0       0x10 ./Drivers/STM32F1xx_HAL_Driver/Src/stm32f1xx_hal_rcc.o
 *(.rodata*)
 .rodata.AHBPrescTable
                0x00000000080040b0       0x10 ./Core/Src/system_stm32f1xx.o
                0x00000000080040b0                AHBPrescTable
                0x00000000080040c0                . = ALIGN (0x4)

.rel.dyn        0x00000000080040c0        0x0
 .rel.iplt      0x00000000080040c0        0x0 d:/st/stm32cubeide_1.8.0/stm32cubeide/plugins/com.st.stm32cube.ide.mcu.externaltools.gnu-tools-for-stm32.9-2020-q2-update.win32_2.0.0.202105311346/tools/bin/../lib/gcc/arm-none-eabi/9.3.1/thumb/v7-m/nofp/crtbegin.o

.ARM.extab      0x00000000080040c0        0x0
                0x00000000080040c0                . = ALIGN (0x4)
 *(.ARM.extab* .gnu.linkonce.armextab.*)
                0x00000000080040c0                . = ALIGN (0x4)

.ARM            0x00000000080040c0        0x0
                0x00000000080040c0                . = ALIGN (0x4)
                0x00000000080040c0                __exidx_start = .
 *(.ARM.exidx*)
                0x00000000080040c0                __exidx_end = .
                0x00000000080040c0                . = ALIGN (0x4)

.preinit_array  0x00000000080040c0        0x0
                0x00000000080040c0                . = ALIGN (0x4)
                0x00000000080040c0                PROVIDE (__preinit_array_start = .)
 *(.preinit_array*)
                0x00000000080040c0                PROVIDE (__preinit_array_end = .)
                0x00000000080040c0                . = ALIGN (0x4)

.init_array     0x00000000080040c0        0x4
                0x00000000080040c0                . = ALIGN (0x4)
                0x00000000080040c0                PROVIDE (__init_array_start = .)
 *(SORT_BY_NAME(.init_array.*))
 *(.init_array*)
 .init_array    0x00000000080040c0        0x4 d:/st/stm32cubeide_1.8.0/stm32cubeide/plugins/com.st.stm32cube.ide.mcu.externaltools.gnu-tools-for-stm32.9-2020-q2-update.win32_2.0.0.202105311346/tools/bin/../lib/gcc/arm-none-eabi/9.3.1/thumb/v7-m/nofp/crtbegin.o
                0x00000000080040c4                PROVIDE (__init_array_end = .)
                0x00000000080040c4                . = ALIGN (0x4)

.fini_array     0x00000000080040c4        0x4
                0x00000000080040c4                . = ALIGN (0x4)
                [!provide]                        PROVIDE (__fini_array_start = .)
 *(SORT_BY_NAME(.fini_array.*))
 *(.fini_array*)
 .fini_array    0x00000000080040c4        0x4 d:/st/stm32cubeide_1.8.0/stm32cubeide/plugins/com.st.stm32cube.ide.mcu.externaltools.gnu-tools-for-stm32.9-2020-q2-update.win32_2.0.0.202105311346/tools/bin/../lib/gcc/arm-none-eabi/9.3.1/thumb/v7-m/nofp/crtbegin.o
                [!provide]                        PROVIDE (__fini_array_end = .)
                0x00000000080040c8                . = ALIGN (0x4)
                0x00000000080040c8                _sidata = LOADADDR (.data)

.data           0x0000000020000000       0x24 load address 0x00000000080040c8
                0x0000000020000000                . = ALIGN (0x4)
                0x0000000020000000                _sdata = .
 *(.data)
 *(.data*)
 .data.onReceiveFlag
                0x0000000020000000        0x1 ./Core/Src/main.o
                0x0000000020000000                onReceiveFlag
 *fill*         0x0000000020000001        0x7 
 .data.thisNode
                0x0000000020000008        0x8 ./Core/Src/main.o
                0x0000000020000008                thisNode
 .data.node     0x0000000020000010        0x8 ./Core/Src/main.o
                0x0000000020000010                node
 .data.SystemCoreClock
                0x0000000020000018        0x4 ./Core/Src/system_stm32f1xx.o
                0x0000000020000018                SystemCoreClock
 .data.uwTickPrio
                0x000000002000001c        0x4 ./Drivers/STM32F1xx_HAL_Driver/Src/stm32f1xx_hal.o
                0x000000002000001c                uwTickPrio
 .data.uwTickFreq
                0x0000000020000020        0x1 ./Drivers/STM32F1xx_HAL_Driver/Src/stm32f1xx_hal.o
                0x0000000020000020                uwTickFreq
 *(.RamFunc)
 *(.RamFunc*)
                0x0000000020000024                . = ALIGN (0x4)
 *fill*         0x0000000020000021        0x3 
                0x0000000020000024                _edata = .

.igot.plt       0x0000000020000024        0x0 load address 0x00000000080040ec
 .igot.plt      0x0000000020000024        0x0 d:/st/stm32cubeide_1.8.0/stm32cubeide/plugins/com.st.stm32cube.ide.mcu.externaltools.gnu-tools-for-stm32.9-2020-q2-update.win32_2.0.0.202105311346/tools/bin/../lib/gcc/arm-none-eabi/9.3.1/thumb/v7-m/nofp/crtbegin.o
                0x0000000020000024                . = ALIGN (0x4)

.bss            0x0000000020000028      0x3a0 load address 0x00000000080040ec
                0x0000000020000028                _sbss = .
                0x0000000020000028                __bss_start__ = _sbss
 *(.bss)
 .bss           0x0000000020000028       0x1c d:/st/stm32cubeide_1.8.0/stm32cubeide/plugins/com.st.stm32cube.ide.mcu.externaltools.gnu-tools-for-stm32.9-2020-q2-update.win32_2.0.0.202105311346/tools/bin/../lib/gcc/arm-none-eabi/9.3.1/thumb/v7-m/nofp/crtbegin.o
 *(.bss*)
 *fill*         0x0000000020000044        0x4 
 .bss.pipe0_reading_address
                0x0000000020000048        0x8 ./Core/Src/AESK_NRF24.o
 .bss.ack_payload_available
                0x0000000020000050        0x1 ./Core/Src/AESK_NRF24.o
 .bss.ack_payload_length
                0x0000000020000051        0x1 ./Core/Src/AESK_NRF24.o
 .bss.payload_size
                0x0000000020000052        0x1 ./Core/Src/AESK_NRF24.o
 .bss.dynamic_payloads_enabled
                0x0000000020000053        0x1 ./Core/Src/AESK_NRF24.o
 .bss.wide_band
                0x0000000020000054        0x1 ./Core/Src/AESK_NRF24.o
 *fill*         0x0000000020000055        0x3 
 .bss.nrf24_PORT
                0x0000000020000058        0x4 ./Core/Src/AESK_NRF24.o
 .bss.nrf24_CSN_PIN
                0x000000002000005c        0x2 ./Core/Src/AESK_NRF24.o
 .bss.nrf24_CE_PIN
                0x000000002000005e        0x2 ./Core/Src/AESK_NRF24.o
 .bss.nrf24_hspi
                0x0000000020000060        0x4 ./Core/Src/AESK_NRF24.o
 .bss.counter   0x0000000020000064        0x2 ./Core/Src/main.o
                0x0000000020000064                counter
 *(COMMON)
 *fill*         0x0000000020000066        0x2 
 COMMON         0x0000000020000068        0x6 ./Core/Src/AESK_GL.o
                0x0000000020000068                aesk_gl
                0x000000002000006c                tt
 *fill*         0x000000002000006e        0x2 
 COMMON         0x0000000020000070      0x220 ./Core/Src/AESK_NRF24.o
                0x0000000020000070                aesk_nrf24_data
 COMMON         0x0000000020000290      0x134 ./Core/Src/main.o
                0x0000000020000290                motor2
                0x0000000020000294                latitude_f32
                0x0000000020000298                rollError
                0x000000002000029c                yawError
                0x00000000200002a0                motor4
                0x00000000200002a4                pitchError
                0x00000000200002a8                longtitude_f32
                0x00000000200002ac                altitudeError
                0x00000000200002b0                altitude
                0x00000000200002b4                motor1
                0x00000000200002b8                hspi1
                0x0000000020000310                yaw
                0x0000000020000314                aesk_Rx_Datas_Int
                0x0000000020000370                pitch
                0x0000000020000374                roll
                0x0000000020000378                motor3
                0x000000002000037a                indexTx
                0x000000002000037c                aesk_Rx_Datas_Float
 COMMON         0x00000000200003c4        0x4 ./Drivers/STM32F1xx_HAL_Driver/Src/stm32f1xx_hal.o
                0x00000000200003c4                uwTick
                0x00000000200003c8                . = ALIGN (0x4)
                0x00000000200003c8                _ebss = .
                0x00000000200003c8                __bss_end__ = _ebss

._user_heap_stack
                0x00000000200003c8      0x600 load address 0x00000000080040ec
                0x00000000200003c8                . = ALIGN (0x8)
                [!provide]                        PROVIDE (end = .)
                0x00000000200003c8                PROVIDE (_end = .)
                0x00000000200005c8                . = (. + _Min_Heap_Size)
 *fill*         0x00000000200003c8      0x200 
                0x00000000200009c8                . = (. + _Min_Stack_Size)
 *fill*         0x00000000200005c8      0x400 
                0x00000000200009c8                . = ALIGN (0x8)

/DISCARD/
 libc.a(*)
 libm.a(*)
 libgcc.a(*)

.ARM.attributes
                0x0000000000000000       0x29
 *(.ARM.attributes)
 .ARM.attributes
                0x0000000000000000       0x1d d:/st/stm32cubeide_1.8.0/stm32cubeide/plugins/com.st.stm32cube.ide.mcu.externaltools.gnu-tools-for-stm32.9-2020-q2-update.win32_2.0.0.202105311346/tools/bin/../lib/gcc/arm-none-eabi/9.3.1/thumb/v7-m/nofp/crti.o
 .ARM.attributes
                0x000000000000001d       0x2d d:/st/stm32cubeide_1.8.0/stm32cubeide/plugins/com.st.stm32cube.ide.mcu.externaltools.gnu-tools-for-stm32.9-2020-q2-update.win32_2.0.0.202105311346/tools/bin/../lib/gcc/arm-none-eabi/9.3.1/thumb/v7-m/nofp/crtbegin.o
 .ARM.attributes
                0x000000000000004a       0x2d ./Core/Src/AESK_Data_Pack_lib.o
 .ARM.attributes
                0x0000000000000077       0x2d ./Core/Src/AESK_GL.o
 .ARM.attributes
                0x00000000000000a4       0x2d ./Core/Src/AESK_NRF24.o
 .ARM.attributes
                0x00000000000000d1       0x2d ./Core/Src/main.o
 .ARM.attributes
                0x00000000000000fe       0x2d ./Core/Src/stm32f1xx_hal_msp.o
 .ARM.attributes
                0x000000000000012b       0x2d ./Core/Src/stm32f1xx_it.o
 .ARM.attributes
                0x0000000000000158       0x2d ./Core/Src/system_stm32f1xx.o
 .ARM.attributes
                0x0000000000000185       0x21 ./Core/Startup/startup_stm32f103c8tx.o
 .ARM.attributes
                0x00000000000001a6       0x2d ./Drivers/STM32F1xx_HAL_Driver/Src/stm32f1xx_hal.o
 .ARM.attributes
                0x00000000000001d3       0x2d ./Drivers/STM32F1xx_HAL_Driver/Src/stm32f1xx_hal_cortex.o
 .ARM.attributes
                0x0000000000000200       0x2d ./Drivers/STM32F1xx_HAL_Driver/Src/stm32f1xx_hal_gpio.o
 .ARM.attributes
                0x000000000000022d       0x2d ./Drivers/STM32F1xx_HAL_Driver/Src/stm32f1xx_hal_rcc.o
 .ARM.attributes
                0x000000000000025a       0x2d ./Drivers/STM32F1xx_HAL_Driver/Src/stm32f1xx_hal_spi.o
 .ARM.attributes
                0x0000000000000287       0x2d d:/st/stm32cubeide_1.8.0/stm32cubeide/plugins/com.st.stm32cube.ide.mcu.externaltools.gnu-tools-for-stm32.9-2020-q2-update.win32_2.0.0.202105311346/tools/bin/../lib/gcc/arm-none-eabi/9.3.1/../../../../arm-none-eabi/lib/thumb/v7-m/nofp\libc_nano.a(lib_a-init.o)
 .ARM.attributes
                0x00000000000002b4       0x2d d:/st/stm32cubeide_1.8.0/stm32cubeide/plugins/com.st.stm32cube.ide.mcu.externaltools.gnu-tools-for-stm32.9-2020-q2-update.win32_2.0.0.202105311346/tools/bin/../lib/gcc/arm-none-eabi/9.3.1/../../../../arm-none-eabi/lib/thumb/v7-m/nofp\libc_nano.a(lib_a-memset.o)
 .ARM.attributes
                0x00000000000002e1       0x1d d:/st/stm32cubeide_1.8.0/stm32cubeide/plugins/com.st.stm32cube.ide.mcu.externaltools.gnu-tools-for-stm32.9-2020-q2-update.win32_2.0.0.202105311346/tools/bin/../lib/gcc/arm-none-eabi/9.3.1/thumb/v7-m/nofp\libgcc.a(_arm_muldf3.o)
 .ARM.attributes
                0x00000000000002fe       0x1d d:/st/stm32cubeide_1.8.0/stm32cubeide/plugins/com.st.stm32cube.ide.mcu.externaltools.gnu-tools-for-stm32.9-2020-q2-update.win32_2.0.0.202105311346/tools/bin/../lib/gcc/arm-none-eabi/9.3.1/thumb/v7-m/nofp\libgcc.a(_arm_addsubdf3.o)
 .ARM.attributes
                0x000000000000031b       0x1d d:/st/stm32cubeide_1.8.0/stm32cubeide/plugins/com.st.stm32cube.ide.mcu.externaltools.gnu-tools-for-stm32.9-2020-q2-update.win32_2.0.0.202105311346/tools/bin/../lib/gcc/arm-none-eabi/9.3.1/thumb/v7-m/nofp\libgcc.a(_arm_truncdfsf2.o)
 .ARM.attributes
                0x0000000000000338       0x1d d:/st/stm32cubeide_1.8.0/stm32cubeide/plugins/com.st.stm32cube.ide.mcu.externaltools.gnu-tools-for-stm32.9-2020-q2-update.win32_2.0.0.202105311346/tools/bin/../lib/gcc/arm-none-eabi/9.3.1/thumb/v7-m/nofp\libgcc.a(_arm_addsubsf3.o)
 .ARM.attributes
                0x0000000000000355       0x1d d:/st/stm32cubeide_1.8.0/stm32cubeide/plugins/com.st.stm32cube.ide.mcu.externaltools.gnu-tools-for-stm32.9-2020-q2-update.win32_2.0.0.202105311346/tools/bin/../lib/gcc/arm-none-eabi/9.3.1/thumb/v7-m/nofp\libgcc.a(_arm_muldivsf3.o)
 .ARM.attributes
                0x0000000000000372       0x1d d:/st/stm32cubeide_1.8.0/stm32cubeide/plugins/com.st.stm32cube.ide.mcu.externaltools.gnu-tools-for-stm32.9-2020-q2-update.win32_2.0.0.202105311346/tools/bin/../lib/gcc/arm-none-eabi/9.3.1/thumb/v7-m/nofp/crtn.o
OUTPUT(nRF_OnFC.elf elf32-littlearm)
LOAD linker stubs
LOAD d:/st/stm32cubeide_1.8.0/stm32cubeide/plugins/com.st.stm32cube.ide.mcu.externaltools.gnu-tools-for-stm32.9-2020-q2-update.win32_2.0.0.202105311346/tools/bin/../lib/gcc/arm-none-eabi/9.3.1/../../../../arm-none-eabi/lib/thumb/v7-m/nofp\libc.a
LOAD d:/st/stm32cubeide_1.8.0/stm32cubeide/plugins/com.st.stm32cube.ide.mcu.externaltools.gnu-tools-for-stm32.9-2020-q2-update.win32_2.0.0.202105311346/tools/bin/../lib/gcc/arm-none-eabi/9.3.1/../../../../arm-none-eabi/lib/thumb/v7-m/nofp\libm.a
LOAD d:/st/stm32cubeide_1.8.0/stm32cubeide/plugins/com.st.stm32cube.ide.mcu.externaltools.gnu-tools-for-stm32.9-2020-q2-update.win32_2.0.0.202105311346/tools/bin/../lib/gcc/arm-none-eabi/9.3.1/thumb/v7-m/nofp\libgcc.a

.debug_info     0x0000000000000000     0x90d9
 .debug_info    0x0000000000000000      0xb1e ./Core/Src/AESK_Data_Pack_lib.o
 .debug_info    0x0000000000000b1e      0x37d ./Core/Src/AESK_GL.o
 .debug_info    0x0000000000000e9b     0x1f2b ./Core/Src/AESK_NRF24.o
 .debug_info    0x0000000000002dc6     0x1b34 ./Core/Src/main.o
 .debug_info    0x00000000000048fa      0x91f ./Core/Src/stm32f1xx_hal_msp.o
 .debug_info    0x0000000000005219      0x24c ./Core/Src/stm32f1xx_it.o
 .debug_info    0x0000000000005465      0x2be ./Core/Src/system_stm32f1xx.o
 .debug_info    0x0000000000005723       0x22 ./Core/Startup/startup_stm32f103c8tx.o
 .debug_info    0x0000000000005745      0x76a ./Drivers/STM32F1xx_HAL_Driver/Src/stm32f1xx_hal.o
 .debug_info    0x0000000000005eaf      0xbdc ./Drivers/STM32F1xx_HAL_Driver/Src/stm32f1xx_hal_cortex.o
 .debug_info    0x0000000000006a8b      0x701 ./Drivers/STM32F1xx_HAL_Driver/Src/stm32f1xx_hal_gpio.o
 .debug_info    0x000000000000718c      0x88e ./Drivers/STM32F1xx_HAL_Driver/Src/stm32f1xx_hal_rcc.o
 .debug_info    0x0000000000007a1a     0x16bf ./Drivers/STM32F1xx_HAL_Driver/Src/stm32f1xx_hal_spi.o

.debug_abbrev   0x0000000000000000     0x1943
 .debug_abbrev  0x0000000000000000       0xe6 ./Core/Src/AESK_Data_Pack_lib.o
 .debug_abbrev  0x00000000000000e6      0x1b2 ./Core/Src/AESK_GL.o
 .debug_abbrev  0x0000000000000298      0x3e7 ./Core/Src/AESK_NRF24.o
 .debug_abbrev  0x000000000000067f      0x31d ./Core/Src/main.o
 .debug_abbrev  0x000000000000099c      0x1ac ./Core/Src/stm32f1xx_hal_msp.o
 .debug_abbrev  0x0000000000000b48       0xd2 ./Core/Src/stm32f1xx_it.o
 .debug_abbrev  0x0000000000000c1a      0x14e ./Core/Src/system_stm32f1xx.o
 .debug_abbrev  0x0000000000000d68       0x12 ./Core/Startup/startup_stm32f103c8tx.o
 .debug_abbrev  0x0000000000000d7a      0x1ed ./Drivers/STM32F1xx_HAL_Driver/Src/stm32f1xx_hal.o
 .debug_abbrev  0x0000000000000f67      0x313 ./Drivers/STM32F1xx_HAL_Driver/Src/stm32f1xx_hal_cortex.o
 .debug_abbrev  0x000000000000127a      0x1e8 ./Drivers/STM32F1xx_HAL_Driver/Src/stm32f1xx_hal_gpio.o
 .debug_abbrev  0x0000000000001462      0x273 ./Drivers/STM32F1xx_HAL_Driver/Src/stm32f1xx_hal_rcc.o
 .debug_abbrev  0x00000000000016d5      0x26e ./Drivers/STM32F1xx_HAL_Driver/Src/stm32f1xx_hal_spi.o

.debug_aranges  0x0000000000000000      0x908
 .debug_aranges
                0x0000000000000000      0x128 ./Core/Src/AESK_Data_Pack_lib.o
 .debug_aranges
                0x0000000000000128       0x30 ./Core/Src/AESK_GL.o
 .debug_aranges
                0x0000000000000158      0x1d8 ./Core/Src/AESK_NRF24.o
 .debug_aranges
                0x0000000000000330       0x58 ./Core/Src/main.o
 .debug_aranges
                0x0000000000000388       0x30 ./Core/Src/stm32f1xx_hal_msp.o
 .debug_aranges
                0x00000000000003b8       0x68 ./Core/Src/stm32f1xx_it.o
 .debug_aranges
                0x0000000000000420       0x28 ./Core/Src/system_stm32f1xx.o
 .debug_aranges
                0x0000000000000448       0x28 ./Core/Startup/startup_stm32f103c8tx.o
 .debug_aranges
                0x0000000000000470       0xe0 ./Drivers/STM32F1xx_HAL_Driver/Src/stm32f1xx_hal.o
 .debug_aranges
                0x0000000000000550      0x100 ./Drivers/STM32F1xx_HAL_Driver/Src/stm32f1xx_hal_cortex.o
 .debug_aranges
                0x0000000000000650       0x58 ./Drivers/STM32F1xx_HAL_Driver/Src/stm32f1xx_hal_gpio.o
 .debug_aranges
                0x00000000000006a8       0x90 ./Drivers/STM32F1xx_HAL_Driver/Src/stm32f1xx_hal_rcc.o
 .debug_aranges
                0x0000000000000738      0x1d0 ./Drivers/STM32F1xx_HAL_Driver/Src/stm32f1xx_hal_spi.o

.debug_ranges   0x0000000000000000      0x840
 .debug_ranges  0x0000000000000000      0x118 ./Core/Src/AESK_Data_Pack_lib.o
 .debug_ranges  0x0000000000000118       0x20 ./Core/Src/AESK_GL.o
 .debug_ranges  0x0000000000000138      0x1c8 ./Core/Src/AESK_NRF24.o
 .debug_ranges  0x0000000000000300       0x48 ./Core/Src/main.o
 .debug_ranges  0x0000000000000348       0x20 ./Core/Src/stm32f1xx_hal_msp.o
 .debug_ranges  0x0000000000000368       0x58 ./Core/Src/stm32f1xx_it.o
 .debug_ranges  0x00000000000003c0       0x18 ./Core/Src/system_stm32f1xx.o
 .debug_ranges  0x00000000000003d8       0x20 ./Core/Startup/startup_stm32f103c8tx.o
 .debug_ranges  0x00000000000003f8       0xd0 ./Drivers/STM32F1xx_HAL_Driver/Src/stm32f1xx_hal.o
 .debug_ranges  0x00000000000004c8       0xf0 ./Drivers/STM32F1xx_HAL_Driver/Src/stm32f1xx_hal_cortex.o
 .debug_ranges  0x00000000000005b8       0x48 ./Drivers/STM32F1xx_HAL_Driver/Src/stm32f1xx_hal_gpio.o
 .debug_ranges  0x0000000000000600       0x80 ./Drivers/STM32F1xx_HAL_Driver/Src/stm32f1xx_hal_rcc.o
 .debug_ranges  0x0000000000000680      0x1c0 ./Drivers/STM32F1xx_HAL_Driver/Src/stm32f1xx_hal_spi.o

.debug_macro    0x0000000000000000    0x16d62
 .debug_macro   0x0000000000000000       0x72 ./Core/Src/AESK_Data_Pack_lib.o
 .debug_macro   0x0000000000000072      0xa9c ./Core/Src/AESK_Data_Pack_lib.o
 .debug_macro   0x0000000000000b0e       0x22 ./Core/Src/AESK_Data_Pack_lib.o
 .debug_macro   0x0000000000000b30       0x8e ./Core/Src/AESK_Data_Pack_lib.o
 .debug_macro   0x0000000000000bbe       0x51 ./Core/Src/AESK_Data_Pack_lib.o
 .debug_macro   0x0000000000000c0f      0x103 ./Core/Src/AESK_Data_Pack_lib.o
 .debug_macro   0x0000000000000d12       0x6a ./Core/Src/AESK_Data_Pack_lib.o
 .debug_macro   0x0000000000000d7c      0x1df ./Core/Src/AESK_Data_Pack_lib.o
 .debug_macro   0x0000000000000f5b       0x16 ./Core/Src/AESK_Data_Pack_lib.o
 .debug_macro   0x0000000000000f71      0x1a7 ./Core/Src/AESK_GL.o
 .debug_macro   0x0000000000001118      0x215 ./Core/Src/AESK_GL.o
 .debug_macro   0x000000000000132d       0x2e ./Core/Src/AESK_GL.o
 .debug_macro   0x000000000000135b       0x22 ./Core/Src/AESK_GL.o
 .debug_macro   0x000000000000137d       0x1c ./Core/Src/AESK_GL.o
 .debug_macro   0x0000000000001399       0x22 ./Core/Src/AESK_GL.o
 .debug_macro   0x00000000000013bb       0xc3 ./Core/Src/AESK_GL.o
 .debug_macro   0x000000000000147e      0xd23 ./Core/Src/AESK_GL.o
 .debug_macro   0x00000000000021a1     0xe09e ./Core/Src/AESK_GL.o
 .debug_macro   0x000000000001023f       0x6d ./Core/Src/AESK_GL.o
 .debug_macro   0x00000000000102ac     0x3468 ./Core/Src/AESK_GL.o
 .debug_macro   0x0000000000013714      0x174 ./Core/Src/AESK_GL.o
 .debug_macro   0x0000000000013888       0x5c ./Core/Src/AESK_GL.o
 .debug_macro   0x00000000000138e4      0x5be ./Core/Src/AESK_GL.o
 .debug_macro   0x0000000000013ea2      0x289 ./Core/Src/AESK_GL.o
 .debug_macro   0x000000000001412b      0x1cb ./Core/Src/AESK_GL.o
 .debug_macro   0x00000000000142f6      0x114 ./Core/Src/AESK_GL.o
 .debug_macro   0x000000000001440a      0x1b2 ./Core/Src/AESK_GL.o
 .debug_macro   0x00000000000145bc       0x27 ./Core/Src/AESK_GL.o
 .debug_macro   0x00000000000145e3      0x136 ./Core/Src/AESK_GL.o
 .debug_macro   0x0000000000014719      0x1bc ./Core/Src/AESK_GL.o
 .debug_macro   0x00000000000148d5       0x34 ./Core/Src/AESK_GL.o
 .debug_macro   0x0000000000014909       0x3c ./Core/Src/AESK_GL.o
 .debug_macro   0x0000000000014945       0x57 ./Core/Src/AESK_GL.o
 .debug_macro   0x000000000001499c       0x88 ./Core/Src/AESK_GL.o
 .debug_macro   0x0000000000014a24      0x241 ./Core/Src/AESK_GL.o
 .debug_macro   0x0000000000014c65      0x141 ./Core/Src/AESK_GL.o
 .debug_macro   0x0000000000014da6      0x217 ./Core/Src/AESK_GL.o
 .debug_macro   0x0000000000014fbd       0x83 ./Core/Src/AESK_GL.o
 .debug_macro   0x0000000000015040       0x3a ./Core/Src/AESK_GL.o
 .debug_macro   0x000000000001507a      0x2da ./Core/Src/AESK_NRF24.o
 .debug_macro   0x0000000000015354      0x226 ./Core/Src/AESK_NRF24.o
 .debug_macro   0x000000000001557a       0x18 ./Core/Src/AESK_NRF24.o
 .debug_macro   0x0000000000015592       0x52 ./Core/Src/AESK_NRF24.o
 .debug_macro   0x00000000000155e4       0x3c ./Core/Src/AESK_NRF24.o
 .debug_macro   0x0000000000015620       0x34 ./Core/Src/AESK_NRF24.o
 .debug_macro   0x0000000000015654       0x16 ./Core/Src/AESK_NRF24.o
 .debug_macro   0x000000000001566a       0x35 ./Core/Src/AESK_NRF24.o
 .debug_macro   0x000000000001569f       0x16 ./Core/Src/AESK_NRF24.o
 .debug_macro   0x00000000000156b5       0x43 ./Core/Src/AESK_NRF24.o
 .debug_macro   0x00000000000156f8       0x34 ./Core/Src/AESK_NRF24.o
 .debug_macro   0x000000000001572c       0x10 ./Core/Src/AESK_NRF24.o
 .debug_macro   0x000000000001573c       0x58 ./Core/Src/AESK_NRF24.o
 .debug_macro   0x0000000000015794       0x71 ./Core/Src/AESK_NRF24.o
 .debug_macro   0x0000000000015805       0x1c ./Core/Src/AESK_NRF24.o
 .debug_macro   0x0000000000015821      0x12a ./Core/Src/AESK_NRF24.o
 .debug_macro   0x000000000001594b      0x333 ./Core/Src/AESK_NRF24.o
 .debug_macro   0x0000000000015c7e       0x16 ./Core/Src/AESK_NRF24.o
 .debug_macro   0x0000000000015c94       0x29 ./Core/Src/AESK_NRF24.o
 .debug_macro   0x0000000000015cbd       0x22 ./Core/Src/AESK_NRF24.o
 .debug_macro   0x0000000000015cdf       0x16 ./Core/Src/AESK_NRF24.o
 .debug_macro   0x0000000000015cf5       0x20 ./Core/Src/AESK_NRF24.o
 .debug_macro   0x0000000000015d15       0x1c ./Core/Src/AESK_NRF24.o
 .debug_macro   0x0000000000015d31      0x2e0 ./Core/Src/main.o
 .debug_macro   0x0000000000016011       0x10 ./Core/Src/main.o
 .debug_macro   0x0000000000016021      0x19d ./Core/Src/stm32f1xx_hal_msp.o
 .debug_macro   0x00000000000161be      0x1a7 ./Core/Src/stm32f1xx_it.o
 .debug_macro   0x0000000000016365      0x18e ./Core/Src/system_stm32f1xx.o
 .debug_macro   0x00000000000164f3      0x1b2 ./Drivers/STM32F1xx_HAL_Driver/Src/stm32f1xx_hal.o
 .debug_macro   0x00000000000166a5      0x18e ./Drivers/STM32F1xx_HAL_Driver/Src/stm32f1xx_hal_cortex.o
 .debug_macro   0x0000000000016833      0x1f9 ./Drivers/STM32F1xx_HAL_Driver/Src/stm32f1xx_hal_gpio.o
 .debug_macro   0x0000000000016a2c      0x1a0 ./Drivers/STM32F1xx_HAL_Driver/Src/stm32f1xx_hal_rcc.o
 .debug_macro   0x0000000000016bcc      0x196 ./Drivers/STM32F1xx_HAL_Driver/Src/stm32f1xx_hal_spi.o

.debug_line     0x0000000000000000     0x8c35
 .debug_line    0x0000000000000000      0xd14 ./Core/Src/AESK_Data_Pack_lib.o
 .debug_line    0x0000000000000d14      0x781 ./Core/Src/AESK_GL.o
 .debug_line    0x0000000000001495     0x116c ./Core/Src/AESK_NRF24.o
 .debug_line    0x0000000000002601      0xb3f ./Core/Src/main.o
 .debug_line    0x0000000000003140      0x69f ./Core/Src/stm32f1xx_hal_msp.o
 .debug_line    0x00000000000037df      0x726 ./Core/Src/stm32f1xx_it.o
 .debug_line    0x0000000000003f05      0x6c9 ./Core/Src/system_stm32f1xx.o
 .debug_line    0x00000000000045ce       0x87 ./Core/Startup/startup_stm32f103c8tx.o
 .debug_line    0x0000000000004655      0x8f6 ./Drivers/STM32F1xx_HAL_Driver/Src/stm32f1xx_hal.o
 .debug_line    0x0000000000004f4b      0xade ./Drivers/STM32F1xx_HAL_Driver/Src/stm32f1xx_hal_cortex.o
 .debug_line    0x0000000000005a29      0x98d ./Drivers/STM32F1xx_HAL_Driver/Src/stm32f1xx_hal_gpio.o
 .debug_line    0x00000000000063b6      0xd04 ./Drivers/STM32F1xx_HAL_Driver/Src/stm32f1xx_hal_rcc.o
 .debug_line    0x00000000000070ba     0x1b7b ./Drivers/STM32F1xx_HAL_Driver/Src/stm32f1xx_hal_spi.o

.debug_str      0x0000000000000000    0x8204f
 .debug_str     0x0000000000000000     0x3edd ./Core/Src/AESK_Data_Pack_lib.o
                                       0x407a (size before relaxing)
 .debug_str     0x0000000000003edd    0x783c8 ./Core/Src/AESK_GL.o
                                      0x7c221 (size before relaxing)
 .debug_str     0x000000000007c2a5     0x449d ./Core/Src/AESK_NRF24.o
                                      0x80823 (size before relaxing)
 .debug_str     0x0000000000080742      0x6b6 ./Core/Src/main.o
                                      0x80763 (size before relaxing)
 .debug_str     0x0000000000080df8       0x7c ./Core/Src/stm32f1xx_hal_msp.o
                                      0x7c5a3 (size before relaxing)
 .debug_str     0x0000000000080e74       0xd2 ./Core/Src/stm32f1xx_it.o
                                      0x7c1be (size before relaxing)
 .debug_str     0x0000000000080f46       0x52 ./Core/Src/system_stm32f1xx.o
                                      0x7c090 (size before relaxing)
 .debug_str     0x0000000000080f98       0x36 ./Core/Startup/startup_stm32f103c8tx.o
                                         0x6d (size before relaxing)
 .debug_str     0x0000000000080fce      0x2fa ./Drivers/STM32F1xx_HAL_Driver/Src/stm32f1xx_hal.o
                                      0x7c721 (size before relaxing)
 .debug_str     0x00000000000812c8      0x2eb ./Drivers/STM32F1xx_HAL_Driver/Src/stm32f1xx_hal_cortex.o
                                      0x7c729 (size before relaxing)
 .debug_str     0x00000000000815b3      0x304 ./Drivers/STM32F1xx_HAL_Driver/Src/stm32f1xx_hal_gpio.o
                                      0x7c454 (size before relaxing)
 .debug_str     0x00000000000818b7      0x24f ./Drivers/STM32F1xx_HAL_Driver/Src/stm32f1xx_hal_rcc.o
                                      0x7c48d (size before relaxing)
 .debug_str     0x0000000000081b06      0x549 ./Drivers/STM32F1xx_HAL_Driver/Src/stm32f1xx_hal_spi.o
                                      0x7c99c (size before relaxing)

.comment        0x0000000000000000       0x53
 .comment       0x0000000000000000       0x53 ./Core/Src/AESK_Data_Pack_lib.o
                                         0x54 (size before relaxing)
 .comment       0x0000000000000053       0x54 ./Core/Src/AESK_GL.o
 .comment       0x0000000000000053       0x54 ./Core/Src/AESK_NRF24.o
 .comment       0x0000000000000053       0x54 ./Core/Src/main.o
 .comment       0x0000000000000053       0x54 ./Core/Src/stm32f1xx_hal_msp.o
 .comment       0x0000000000000053       0x54 ./Core/Src/stm32f1xx_it.o
 .comment       0x0000000000000053       0x54 ./Core/Src/system_stm32f1xx.o
 .comment       0x0000000000000053       0x54 ./Drivers/STM32F1xx_HAL_Driver/Src/stm32f1xx_hal.o
 .comment       0x0000000000000053       0x54 ./Drivers/STM32F1xx_HAL_Driver/Src/stm32f1xx_hal_cortex.o
 .comment       0x0000000000000053       0x54 ./Drivers/STM32F1xx_HAL_Driver/Src/stm32f1xx_hal_gpio.o
 .comment       0x0000000000000053       0x54 ./Drivers/STM32F1xx_HAL_Driver/Src/stm32f1xx_hal_rcc.o
 .comment       0x0000000000000053       0x54 ./Drivers/STM32F1xx_HAL_Driver/Src/stm32f1xx_hal_spi.o

.debug_frame    0x0000000000000000     0x2530
 .debug_frame   0x0000000000000000      0x560 ./Core/Src/AESK_Data_Pack_lib.o
 .debug_frame   0x0000000000000560       0x80 ./Core/Src/AESK_GL.o
 .debug_frame   0x00000000000005e0      0x784 ./Core/Src/AESK_NRF24.o
 .debug_frame   0x0000000000000d64      0x11c ./Core/Src/main.o
 .debug_frame   0x0000000000000e80       0x80 ./Core/Src/stm32f1xx_hal_msp.o
 .debug_frame   0x0000000000000f00      0x120 ./Core/Src/stm32f1xx_it.o
 .debug_frame   0x0000000000001020       0x58 ./Core/Src/system_stm32f1xx.o
 .debug_frame   0x0000000000001078      0x334 ./Drivers/STM32F1xx_HAL_Driver/Src/stm32f1xx_hal.o
 .debug_frame   0x00000000000013ac      0x428 ./Drivers/STM32F1xx_HAL_Driver/Src/stm32f1xx_hal_cortex.o
 .debug_frame   0x00000000000017d4      0x14c ./Drivers/STM32F1xx_HAL_Driver/Src/stm32f1xx_hal_gpio.o
 .debug_frame   0x0000000000001920      0x21c ./Drivers/STM32F1xx_HAL_Driver/Src/stm32f1xx_hal_rcc.o
 .debug_frame   0x0000000000001b3c      0x824 ./Drivers/STM32F1xx_HAL_Driver/Src/stm32f1xx_hal_spi.o
 .debug_frame   0x0000000000002360       0x2c d:/st/stm32cubeide_1.8.0/stm32cubeide/plugins/com.st.stm32cube.ide.mcu.externaltools.gnu-tools-for-stm32.9-2020-q2-update.win32_2.0.0.202105311346/tools/bin/../lib/gcc/arm-none-eabi/9.3.1/../../../../arm-none-eabi/lib/thumb/v7-m/nofp\libc_nano.a(lib_a-init.o)
 .debug_frame   0x000000000000238c       0x20 d:/st/stm32cubeide_1.8.0/stm32cubeide/plugins/com.st.stm32cube.ide.mcu.externaltools.gnu-tools-for-stm32.9-2020-q2-update.win32_2.0.0.202105311346/tools/bin/../lib/gcc/arm-none-eabi/9.3.1/../../../../arm-none-eabi/lib/thumb/v7-m/nofp\libc_nano.a(lib_a-memset.o)
 .debug_frame   0x00000000000023ac       0x30 d:/st/stm32cubeide_1.8.0/stm32cubeide/plugins/com.st.stm32cube.ide.mcu.externaltools.gnu-tools-for-stm32.9-2020-q2-update.win32_2.0.0.202105311346/tools/bin/../lib/gcc/arm-none-eabi/9.3.1/thumb/v7-m/nofp\libgcc.a(_arm_muldf3.o)
 .debug_frame   0x00000000000023dc       0xac d:/st/stm32cubeide_1.8.0/stm32cubeide/plugins/com.st.stm32cube.ide.mcu.externaltools.gnu-tools-for-stm32.9-2020-q2-update.win32_2.0.0.202105311346/tools/bin/../lib/gcc/arm-none-eabi/9.3.1/thumb/v7-m/nofp\libgcc.a(_arm_addsubdf3.o)
 .debug_frame   0x0000000000002488       0x24 d:/st/stm32cubeide_1.8.0/stm32cubeide/plugins/com.st.stm32cube.ide.mcu.externaltools.gnu-tools-for-stm32.9-2020-q2-update.win32_2.0.0.202105311346/tools/bin/../lib/gcc/arm-none-eabi/9.3.1/thumb/v7-m/nofp\libgcc.a(_arm_truncdfsf2.o)
 .debug_frame   0x00000000000024ac       0x4c d:/st/stm32cubeide_1.8.0/stm32cubeide/plugins/com.st.stm32cube.ide.mcu.externaltools.gnu-tools-for-stm32.9-2020-q2-update.win32_2.0.0.202105311346/tools/bin/../lib/gcc/arm-none-eabi/9.3.1/thumb/v7-m/nofp\libgcc.a(_arm_addsubsf3.o)
 .debug_frame   0x00000000000024f8       0x38 d:/st/stm32cubeide_1.8.0/stm32cubeide/plugins/com.st.stm32cube.ide.mcu.externaltools.gnu-tools-for-stm32.9-2020-q2-update.win32_2.0.0.202105311346/tools/bin/../lib/gcc/arm-none-eabi/9.3.1/thumb/v7-m/nofp\libgcc.a(_arm_muldivsf3.o)
